Archive member included because of file (symbol)

f:/altera/nios2eds/bin/gnu/h-i686-mingw32/bin/../lib/gcc/nios2-elf/4.7.3/../../../../../H-i686-mingw32/nios2-elf/lib/mno-hw-mul\libc.a(lib_a-malloc.o)
                              obj/default/dct.o (malloc)
f:/altera/nios2eds/bin/gnu/h-i686-mingw32/bin/../lib/gcc/nios2-elf/4.7.3/../../../../../H-i686-mingw32/nios2-elf/lib/mno-hw-mul\libc.a(lib_a-mallocr.o)
                              f:/altera/nios2eds/bin/gnu/h-i686-mingw32/bin/../lib/gcc/nios2-elf/4.7.3/../../../../../H-i686-mingw32/nios2-elf/lib/mno-hw-mul\libc.a(lib_a-malloc.o) (_malloc_r)
f:/altera/nios2eds/bin/gnu/h-i686-mingw32/bin/../lib/gcc/nios2-elf/4.7.3/../../../../../H-i686-mingw32/nios2-elf/lib/mno-hw-mul\libc.a(lib_a-puts.o)
                              obj/default/dct.o (puts)
f:/altera/nios2eds/bin/gnu/h-i686-mingw32/bin/../lib/gcc/nios2-elf/4.7.3/../../../../../H-i686-mingw32/nios2-elf/lib/mno-hw-mul\libc.a(lib_a-sbrkr.o)
                              f:/altera/nios2eds/bin/gnu/h-i686-mingw32/bin/../lib/gcc/nios2-elf/4.7.3/../../../../../H-i686-mingw32/nios2-elf/lib/mno-hw-mul\libc.a(lib_a-mallocr.o) (_sbrk_r)
f:/altera/nios2eds/bin/gnu/h-i686-mingw32/bin/../lib/gcc/nios2-elf/4.7.3/../../../../../H-i686-mingw32/nios2-elf/lib/mno-hw-mul\libc.a(lib_a-strlen.o)
                              f:/altera/nios2eds/bin/gnu/h-i686-mingw32/bin/../lib/gcc/nios2-elf/4.7.3/../../../../../H-i686-mingw32/nios2-elf/lib/mno-hw-mul\libc.a(lib_a-puts.o) (strlen)
f:/altera/nios2eds/bin/gnu/h-i686-mingw32/bin/../lib/gcc/nios2-elf/4.7.3/../../../../../H-i686-mingw32/nios2-elf/lib/mno-hw-mul\libc.a(lib_a-freer.o)
                              f:/altera/nios2eds/bin/gnu/h-i686-mingw32/bin/../lib/gcc/nios2-elf/4.7.3/../../../../../H-i686-mingw32/nios2-elf/lib/mno-hw-mul\libc.a(lib_a-malloc.o) (_free_r)
f:/altera/nios2eds/bin/gnu/h-i686-mingw32/bin/../lib/gcc/nios2-elf/4.7.3/../../../../../H-i686-mingw32/nios2-elf/lib/mno-hw-mul\libc.a(lib_a-fvwrite.o)
                              f:/altera/nios2eds/bin/gnu/h-i686-mingw32/bin/../lib/gcc/nios2-elf/4.7.3/../../../../../H-i686-mingw32/nios2-elf/lib/mno-hw-mul\libc.a(lib_a-puts.o) (__sfvwrite_r)
f:/altera/nios2eds/bin/gnu/h-i686-mingw32/bin/../lib/gcc/nios2-elf/4.7.3/../../../../../H-i686-mingw32/nios2-elf/lib/mno-hw-mul\libc.a(lib_a-impure.o)
                              f:/altera/nios2eds/bin/gnu/h-i686-mingw32/bin/../lib/gcc/nios2-elf/4.7.3/../../../../../H-i686-mingw32/nios2-elf/lib/mno-hw-mul\libc.a(lib_a-malloc.o) (_impure_ptr)
f:/altera/nios2eds/bin/gnu/h-i686-mingw32/bin/../lib/gcc/nios2-elf/4.7.3/../../../../../H-i686-mingw32/nios2-elf/lib/mno-hw-mul\libc.a(lib_a-int_errno.o)
                              f:/altera/nios2eds/bin/gnu/h-i686-mingw32/bin/../lib/gcc/nios2-elf/4.7.3/../../../../../H-i686-mingw32/nios2-elf/lib/mno-hw-mul\libc.a(lib_a-sbrkr.o) (errno)
f:/altera/nios2eds/bin/gnu/h-i686-mingw32/bin/../lib/gcc/nios2-elf/4.7.3/../../../../../H-i686-mingw32/nios2-elf/lib/mno-hw-mul\libc.a(lib_a-memchr.o)
                              f:/altera/nios2eds/bin/gnu/h-i686-mingw32/bin/../lib/gcc/nios2-elf/4.7.3/../../../../../H-i686-mingw32/nios2-elf/lib/mno-hw-mul\libc.a(lib_a-fvwrite.o) (memchr)
f:/altera/nios2eds/bin/gnu/h-i686-mingw32/bin/../lib/gcc/nios2-elf/4.7.3/../../../../../H-i686-mingw32/nios2-elf/lib/mno-hw-mul\libc.a(lib_a-memcpy.o)
                              f:/altera/nios2eds/bin/gnu/h-i686-mingw32/bin/../lib/gcc/nios2-elf/4.7.3/../../../../../H-i686-mingw32/nios2-elf/lib/mno-hw-mul\libc.a(lib_a-fvwrite.o) (memcpy)
f:/altera/nios2eds/bin/gnu/h-i686-mingw32/bin/../lib/gcc/nios2-elf/4.7.3/../../../../../H-i686-mingw32/nios2-elf/lib/mno-hw-mul\libc.a(lib_a-memmove.o)
                              f:/altera/nios2eds/bin/gnu/h-i686-mingw32/bin/../lib/gcc/nios2-elf/4.7.3/../../../../../H-i686-mingw32/nios2-elf/lib/mno-hw-mul\libc.a(lib_a-fvwrite.o) (memmove)
f:/altera/nios2eds/bin/gnu/h-i686-mingw32/bin/../lib/gcc/nios2-elf/4.7.3/../../../../../H-i686-mingw32/nios2-elf/lib/mno-hw-mul\libc.a(lib_a-reallocr.o)
                              f:/altera/nios2eds/bin/gnu/h-i686-mingw32/bin/../lib/gcc/nios2-elf/4.7.3/../../../../../H-i686-mingw32/nios2-elf/lib/mno-hw-mul\libc.a(lib_a-fvwrite.o) (_realloc_r)
f:/altera/nios2eds/bin/gnu/h-i686-mingw32/bin/../lib/gcc/nios2-elf/4.7.3/../../../../../H-i686-mingw32/nios2-elf/lib/mno-hw-mul\libc.a(lib_a-wsetup.o)
                              f:/altera/nios2eds/bin/gnu/h-i686-mingw32/bin/../lib/gcc/nios2-elf/4.7.3/../../../../../H-i686-mingw32/nios2-elf/lib/mno-hw-mul\libc.a(lib_a-fvwrite.o) (__swsetup_r)
f:/altera/nios2eds/bin/gnu/h-i686-mingw32/bin/../lib/gcc/nios2-elf/4.7.3/../../../../../H-i686-mingw32/nios2-elf/lib/mno-hw-mul\libc.a(lib_a-fflush.o)
                              f:/altera/nios2eds/bin/gnu/h-i686-mingw32/bin/../lib/gcc/nios2-elf/4.7.3/../../../../../H-i686-mingw32/nios2-elf/lib/mno-hw-mul\libc.a(lib_a-fvwrite.o) (_fflush_r)
[...]
Memory Configuration

Name             Origin             Length             Attributes
reset            0x00040000         0x00000020
mem3             0x00040020         0x00016fe0
*default*        0x00000000         0xffffffff

Linker script and memory map

LOAD ../cpu3_bsp//obj/HAL/src/crt0.o
LOAD obj/default/FIFO.o
LOAD obj/default/dct.o
LOAD f:/altera/nios2eds/bin/gnu/h-i686-mingw32/bin/../lib/gcc/nios2-elf/4.7.3/../../../../../H-i686-mingw32/nios2-elf/lib/mno-hw-mul\libstdc++.a
LOAD f:/altera/nios2eds/bin/gnu/h-i686-mingw32/bin/../lib/gcc/nios2-elf/4.7.3/../../../../../H-i686-mingw32/nios2-elf/lib/mno-hw-mul\libm.a
LOAD f:/altera/nios2eds/bin/gnu/h-i686-mingw32/bin/../lib/gcc/nios2-elf/4.7.3/mno-hw-mul\libgcc.a
START GROUP
LOAD f:/altera/nios2eds/bin/gnu/h-i686-mingw32/bin/../lib/gcc/nios2-elf/4.7.3/../../../../../H-i686-mingw32/nios2-elf/lib/mno-hw-mul\libc.a
LOAD f:/altera/nios2eds/bin/gnu/h-i686-mingw32/bin/../lib/gcc/nios2-elf/4.7.3/mno-hw-mul\libgcc.a
LOAD ../cpu3_bsp/\libhal_bsp.a
END GROUP
LOAD f:/altera/nios2eds/bin/gnu/h-i686-mingw32/bin/../lib/gcc/nios2-elf/4.7.3/mno-hw-mul\libgcc.a
                0x00040000                __alt_mem_mem3 = 0x40000

.entry          0x00040000       0x20
 *(.entry)
 .entry         0x00040000       0x20 ../cpu3_bsp//obj/HAL/src/crt0.o
                0x00040000                __reset

.exceptions     0x00040020      0x198
                0x00040020                PROVIDE (__ram_exceptions_start, ABSOLUTE (.))
                0x00040020                . = ALIGN (0x20)
 *(.irq)
 *(.exceptions.entry.label)
 .exceptions.entry.label
                0x00040020        0x0 ../cpu3_bsp/\libhal_bsp.a(alt_irq_entry.o)
                0x00040020                alt_irq_entry
 .exceptions.entry.label
                0x00040020        0x0 ../cpu3_bsp/\libhal_bsp.a(alt_exception_entry.o)
                0x00040020                alt_exception
 *(.exceptions.entry.user)
 *(.exceptions.entry.ecc_fatal)
 *(.exceptions.entry)
 .exceptions.entry
                0x00040020       0x54 ../cpu3_bsp/\libhal_bsp.a(alt_exception_entry.o)
 *(.exceptions.irqtest.user)
 *(.exceptions.irqtest)
 .exceptions.irqtest
                0x00040074       0x10 ../cpu3_bsp/\libhal_bsp.a(alt_irq_entry.o)
 *(.exceptions.irqhandler.user)
 *(.exceptions.irqhandler)
 .exceptions.irqhandler
                0x00040084        0x4 ../cpu3_bsp/\libhal_bsp.a(alt_irq_entry.o)
 *(.exceptions.irqreturn.user)
 *(.exceptions.irqreturn)
 .exceptions.irqreturn
                0x00040088        0x4 ../cpu3_bsp/\libhal_bsp.a(alt_irq_entry.o)
 *(.exceptions.notirq.label)
 .exceptions.notirq.label
                0x0004008c        0x0 ../cpu3_bsp/\libhal_bsp.a(alt_irq_entry.o)
 *(.exceptions.notirq.user)
 *(.exceptions.notirq)
 .exceptions.notirq
                0x0004008c        0x8 ../cpu3_bsp/\libhal_bsp.a(alt_exception_entry.o)
 *(.exceptions.soft.user)
 *(.exceptions.soft)
 *(.exceptions.unknown.user)
 *(.exceptions.unknown)
 .exceptions.unknown
                0x00040094        0x4 ../cpu3_bsp/\libhal_bsp.a(alt_exception_entry.o)
 *(.exceptions.exit.label)
 .exceptions.exit.label
                0x00040098        0x0 ../cpu3_bsp/\libhal_bsp.a(alt_irq_entry.o)
 .exceptions.exit.label
                0x00040098        0x0 ../cpu3_bsp/\libhal_bsp.a(alt_exception_entry.o)
 *(.exceptions.exit.user)
 *(.exceptions.exit)
 .exceptions.exit
                0x00040098       0x54 ../cpu3_bsp/\libhal_bsp.a(alt_exception_entry.o)
 *(.exceptions)
 .exceptions    0x000400ec       0xcc ../cpu3_bsp/\libhal_bsp.a(alt_irq_handler.o)
                0x000400ec                alt_irq_handler
                0x000401b8                PROVIDE (__ram_exceptions_end, ABSOLUTE (.))
                0x00040020                PROVIDE (__flash_exceptions_start, LOADADDR (.exceptions))

.text           0x000401b8     0x6514
                0x000401b8                PROVIDE (stext, ABSOLUTE (.))
 *(.interp)
 *(.hash)
 *(.dynsym)
 *(.dynstr)
 *(.gnu.version)
 *(.gnu.version_d)
 *(.gnu.version_r)
 *(.rel.init)
 *(.rela.init)
 *(.rel.text .rel.text.* .rel.gnu.linkonce.t.*)
 *(.rela.text .rela.text.* .rela.gnu.linkonce.t.*)
 *(.rel.fini)
 *(.rela.fini)
 *(.rel.rodata .rel.rodata.* .rel.gnu.linkonce.r.*)
 *(.rela.rodata .rela.rodata.* .rela.gnu.linkonce.r.*)
 *(.rel.data .rel.data.* .rel.gnu.linkonce.d.*)
 *(.rela.data .rela.data.* .rela.gnu.linkonce.d.*)
 *(.rel.tdata .rel.tdata.* .rel.gnu.linkonce.td.*)
 *(.rela.tdata .rela.tdata.* .rela.gnu.linkonce.td.*)
 *(.rel.tbss .rel.tbss.* .rel.gnu.linkonce.tb.*)
 *(.rela.tbss .rela.tbss.* .rela.gnu.linkonce.tb.*)
 *(.rel.ctors)
 *(.rela.ctors)
 *(.rel.dtors)
 *(.rela.dtors)
 *(.rel.got)
 *(.rela.got)
 *(.rel.sdata .rel.sdata.* .rel.gnu.linkonce.s.*)
 *(.rela.sdata .rela.sdata.* .rela.gnu.linkonce.s.*)
 *(.rel.sbss .rel.sbss.* .rel.gnu.linkonce.sb.*)
 *(.rela.sbss .rela.sbss.* .rela.gnu.linkonce.sb.*)
 *(.rel.sdata2 .rel.sdata2.* .rel.gnu.linkonce.s2.*)
 *(.rela.sdata2 .rela.sdata2.* .rela.gnu.linkonce.s2.*)
 *(.rel.sbss2 .rel.sbss2.* .rel.gnu.linkonce.sb2.*)
 *(.rela.sbss2 .rela.sbss2.* .rela.gnu.linkonce.sb2.*)
 *(.rel.bss .rel.bss.* .rel.gnu.linkonce.b.*)
 *(.rela.bss .rela.bss.* .rela.gnu.linkonce.b.*)
 *(.rel.plt)
 *(.rela.plt)
 *(.rel.dyn)
 *(.init)
 *(.plt)
 *(.text .stub .text.* .gnu.linkonce.t.*)
 .text          0x000401b8       0x3c ../cpu3_bsp//obj/HAL/src/crt0.o
                0x000401b8                _start
 .text          0x000401f4      0x10c obj/default/FIFO.o
                0x000401f4                WRITE_FIFO
                0x00040258                READ_FIFO
                0x000402c0                FIFO_INIT
 .text          0x00040300      0x4ec obj/default/dct.o
                0x00040300                delay
                0x00040340                DCT
                0x00040778                main
 .text          0x000407ec       0x28 f:/altera/nios2eds/bin/gnu/h-i686-mingw32/bin/../lib/gcc/nios2-elf/4.7.3/../../../../../H-i686-mingw32/nios2-elf/lib/mno-hw-mul\libc.a(lib_a-malloc.o)
                0x000407ec                malloc
                0x00040800                free
 .text          0x00040814      0x784 f:/altera/nios2eds/bin/gnu/h-i686-mingw32/bin/../lib/gcc/nios2-elf/4.7.3/../../../../../H-i686-mingw32/nios2-elf/lib/mno-hw-mul\libc.a(lib_a-mallocr.o)
                0x00040814                _malloc_r
 .text          0x00040f98       0x98 f:/altera/nios2eds/bin/gnu/h-i686-mingw32/bin/../lib/gcc/nios2-elf/4.7.3/../../../../../H-i686-mingw32/nios2-elf/lib/mno-hw-mul\libc.a(lib_a-puts.o)
                0x00040f98                _puts_r
                0x0004101c                puts
 .text          0x00041030       0x64 f:/altera/nios2eds/bin/gnu/h-i686-mingw32/bin/../lib/gcc/nios2-elf/4.7.3/../../../../../H-i686-mingw32/nios2-elf/lib/mno-hw-mul\libc.a(lib_a-sbrkr.o)
                0x00041030                _sbrk_r
 .text          0x00041094       0x8c f:/altera/nios2eds/bin/gnu/h-i686-mingw32/bin/../lib/gcc/nios2-elf/4.7.3/../../../../../H-i686-mingw32/nios2-elf/lib/mno-hw-mul\libc.a(lib_a-strlen.o)
                0x00041094                strlen
 .text          0x00041120      0x40c f:/altera/nios2eds/bin/gnu/h-i686-mingw32/bin/../lib/gcc/nios2-elf/4.7.3/../../../../../H-i686-mingw32/nios2-elf/lib/mno-hw-mul\libc.a(lib_a-freer.o)
                0x00041120                _malloc_trim_r
                0x0004125c                _free_r
 .text          0x0004152c      0x4e4 f:/altera/nios2eds/bin/gnu/h-i686-mingw32/bin/../lib/gcc/nios2-elf/4.7.3/../../../../../H-i686-mingw32/nios2-elf/lib/mno-hw-mul\libc.a(lib_a-fvwrite.o)
                0x0004152c                __sfvwrite_r
 .text          0x00041a10        0x0 f:/altera/nios2eds/bin/gnu/h-i686-mingw32/bin/../lib/gcc/nios2-elf/4.7.3/../../../../../H-i686-mingw32/nios2-elf/lib/mno-hw-mul\libc.a(lib_a-impure.o)
 .text          0x00041a10        0x0 f:/altera/nios2eds/bin/gnu/h-i686-mingw32/bin/../lib/gcc/nios2-elf/4.7.3/../../../../../H-i686-mingw32/nios2-elf/lib/mno-hw-mul\libc.a(lib_a-int_errno.o)
 .text          0x00041a10       0xf8 f:/altera/nios2eds/bin/gnu/h-i686-mingw32/bin/../lib/gcc/nios2-elf/4.7.3/../../../../../H-i686-mingw32/nios2-elf/lib/mno-hw-mul\libc.a(lib_a-memchr.o)
                0x00041a10                memchr
 .text          0x00041b08      0x140 f:/altera/nios2eds/bin/gnu/h-i686-mingw32/bin/../lib/gcc/nios2-elf/4.7.3/../../../../../H-i686-mingw32/nios2-elf/lib/mno-hw-mul\libc.a(lib_a-memcpy.o)
                0x00041b08                memcpy
 .text          0x00041c48      0x18c f:/altera/nios2eds/bin/gnu/h-i686-mingw32/bin/../lib/gcc/nios2-elf/4.7.3/../../../../../H-i686-mingw32/nios2-elf/lib/mno-hw-mul\libc.a(lib_a-memmove.o)
                0x00041c48                memmove
 .text          0x00041dd4      0x5fc f:/altera/nios2eds/bin/gnu/h-i686-mingw32/bin/../lib/gcc/nios2-elf/4.7.3/../../../../../H-i686-mingw32/nios2-elf/lib/mno-hw-mul\libc.a(lib_a-reallocr.o)
                0x00041dd4                _realloc_r
 .text          0x000423d0      0x174 f:/altera/nios2eds/bin/gnu/h-i686-mingw32/bin/../lib/gcc/nios2-elf/4.7.3/../../../../../H-i686-mingw32/nios2-elf/lib/mno-hw-mul\libc.a(lib_a-wsetup.o)
                0x000423d0                __swsetup_r
 .text          0x00042544      0x218 f:/altera/nios2eds/bin/gnu/h-i686-mingw32/bin/../lib/gcc/nios2-elf/4.7.3/../../../../../H-i686-mingw32/nios2-elf/lib/mno-hw-mul\libc.a(lib_a-fflush.o)
                0x00042544                _fflush_r
                0x0004272c                fflush
 .text          0x0004275c      0x2ec f:/altera/nios2eds/bin/gnu/h-i686-mingw32/bin/../lib/gcc/nios2-elf/4.7.3/../../../../../H-i686-mingw32/nios2-elf/lib/mno-hw-mul\libc.a(lib_a-findfp.o)
                0x0004276c                _cleanup_r
                0x00042778                __sfmoreglue
                0x000427f0                _cleanup
                0x00042800                __sinit
                0x0004290c                __sfp
                0x00042a08                __sfp_lock_acquire
                0x00042a0c                __sfp_lock_release
                0x00042a10                __sinit_lock_acquire
                0x00042a14                __sinit_lock_release
                0x00042a18                __fp_lock_all
                0x00042a30                __fp_unlock_all
 .text          0x00042a48      0x160 f:/altera/nios2eds/bin/gnu/h-i686-mingw32/bin/../lib/gcc/nios2-elf/4.7.3/../../../../../H-i686-mingw32/nios2-elf/lib/mno-hw-mul\libc.a(lib_a-fwalk.o)
                0x00042a48                _fwalk
                0x00042af0                _fwalk_reent
 .text          0x00042ba8      0x1a8 f:/altera/nios2eds/bin/gnu/h-i686-mingw32/bin/../lib/gcc/nios2-elf/4.7.3/../../../../../H-i686-mingw32/nios2-elf/lib/mno-hw-mul\libc.a(lib_a-makebuf.o)
                0x00042ba8                __smakebuf_r
 .text          0x00042d50       0xdc f:/altera/nios2eds/bin/gnu/h-i686-mingw32/bin/../lib/gcc/nios2-elf/4.7.3/../../../../../H-i686-mingw32/nios2-elf/lib/mno-hw-mul\libc.a(lib_a-memset.o)
                0x00042d50                memset
 .text          0x00042e2c      0x140 f:/altera/nios2eds/bin/gnu/h-i686-mingw32/bin/../lib/gcc/nios2-elf/4.7.3/../../../../../H-i686-mingw32/nios2-elf/lib/mno-hw-mul\libc.a(lib_a-stdio.o)
                0x00042e2c                __sread
                0x00042e80                __swrite
                0x00042f08                __sseek
                0x00042f64                __sclose
 .text          0x00042f6c       0x6c f:/altera/nios2eds/bin/gnu/h-i686-mingw32/bin/../lib/gcc/nios2-elf/4.7.3/../../../../../H-i686-mingw32/nios2-elf/lib/mno-hw-mul\libc.a(lib_a-writer.o)
                0x00042f6c                _write_r
 .text          0x00042fd8       0x64 f:/altera/nios2eds/bin/gnu/h-i686-mingw32/bin/../lib/gcc/nios2-elf/4.7.3/../../../../../H-i686-mingw32/nios2-elf/lib/mno-hw-mul\libc.a(lib_a-closer.o)
                0x00042fd8                _close_r
 .text          0x0004303c      0x150 f:/altera/nios2eds/bin/gnu/h-i686-mingw32/bin/../lib/gcc/nios2-elf/4.7.3/../../../../../H-i686-mingw32/nios2-elf/lib/mno-hw-mul\libc.a(lib_a-fclose.o)
                0x0004303c                _fclose_r
                0x00043178                fclose
 .text          0x0004318c       0x68 f:/altera/nios2eds/bin/gnu/h-i686-mingw32/bin/../lib/gcc/nios2-elf/4.7.3/../../../../../H-i686-mingw32/nios2-elf/lib/mno-hw-mul\libc.a(lib_a-fstatr.o)
                0x0004318c                _fstat_r
 .text          0x000431f4       0x64 f:/altera/nios2eds/bin/gnu/h-i686-mingw32/bin/../lib/gcc/nios2-elf/4.7.3/../../../../../H-i686-mingw32/nios2-elf/lib/mno-hw-mul\libc.a(lib_a-isattyr.o)
                0x000431f4                _isatty_r
 .text          0x00043258       0x6c f:/altera/nios2eds/bin/gnu/h-i686-mingw32/bin/../lib/gcc/nios2-elf/4.7.3/../../../../../H-i686-mingw32/nios2-elf/lib/mno-hw-mul\libc.a(lib_a-lseekr.o)
                0x00043258                _lseek_r
 .text          0x000432c4       0x6c f:/altera/nios2eds/bin/gnu/h-i686-mingw32/bin/../lib/gcc/nios2-elf/4.7.3/../../../../../H-i686-mingw32/nios2-elf/lib/mno-hw-mul\libc.a(lib_a-readr.o)
                0x000432c4                _read_r
 .text          0x00043330       0x28 f:/altera/nios2eds/bin/gnu/h-i686-mingw32/bin/../lib/gcc/nios2-elf/4.7.3/mno-hw-mul\libgcc.a(lib2-mul.o)
                0x00043330                __mulsi3
 .text          0x00043358      0x11c ../cpu3_bsp/\libhal_bsp.a(alt_close.o)
                0x000433a8                close
 .text          0x00043474       0x2c ../cpu3_bsp/\libhal_bsp.a(alt_dev.o)
 .text          0x000434a0        0x0 ../cpu3_bsp/\libhal_bsp.a(alt_errno.o)
 .text          0x000434a0      0x100 ../cpu3_bsp/\libhal_bsp.a(alt_fstat.o)
                0x000434f0                fstat
 .text          0x000435a0       0xf4 ../cpu3_bsp/\libhal_bsp.a(alt_isatty.o)
                0x000435f0                isatty
 .text          0x00043694       0xec ../cpu3_bsp/\libhal_bsp.a(alt_load.o)
                0x00043700                alt_load
 .text          0x00043780      0x124 ../cpu3_bsp/\libhal_bsp.a(alt_lseek.o)
                0x000437d0                lseek
 .text          0x000438a4       0x78 ../cpu3_bsp/\libhal_bsp.a(alt_main.o)
                0x000438a4                alt_main
 .text          0x0004391c       0x40 ../cpu3_bsp/\libhal_bsp.a(alt_malloc_lock.o)
                0x0004391c                __malloc_lock
                0x0004393c                __malloc_unlock
 .text          0x0004395c      0x144 ../cpu3_bsp/\libhal_bsp.a(alt_read.o)
                0x000439ac                read
 .text          0x00043aa0       0x80 ../cpu3_bsp/\libhal_bsp.a(alt_release_fd.o)
                0x00043aa0                alt_release_fd
 .text          0x00043b20       0xb0 ../cpu3_bsp/\libhal_bsp.a(alt_sbrk.o)
                0x00043b20                sbrk
 .text          0x00043bd0      0x140 ../cpu3_bsp/\libhal_bsp.a(alt_write.o)
                0x00043c20                write
 .text          0x00043d10       0xe0 ../cpu3_bsp/\libhal_bsp.a(alt_sys_init.o)
                0x00043d48                alt_irq_init
                0x00043d7c                alt_sys_init
 .text          0x00043df0      0x4f0 ../cpu3_bsp/\libhal_bsp.a(altera_avalon_fifo_util.o)
                0x00043df0                altera_avalon_fifo_init
                0x00043e88                altera_avalon_fifo_read_status
                0x00043ec4                altera_avalon_fifo_read_ienable
                0x00043f00                altera_avalon_fifo_read_almostfull
                0x00043f2c                altera_avalon_fifo_read_almostempty
                0x00043f58                altera_avalon_fifo_read_event
                0x00043f94                altera_avalon_fifo_read_level
                0x00043fbc                altera_avalon_fifo_clear_event
                0x00044018                altera_avalon_fifo_write_ienable
                0x00044070                altera_avalon_fifo_write_almostfull
                0x000440c8                altera_avalon_fifo_write_almostempty
                0x00044120                altera_avalon_fifo_write_fifo
                0x00044178                altera_avalon_read_fifo
                0x000441e4                altera_avalon_fifo_read_fifo
                0x00044230                altera_avalon_fifo_write_other_info
                0x0004428c                altera_avalon_fifo_read_other_info
                0x000442b8                altera_avalon_fifo_read_backpressure
 .text          0x000442e0      0x164 ../cpu3_bsp/\libhal_bsp.a(altera_avalon_jtag_uart_fd.o)
                0x000442e0                altera_avalon_jtag_uart_read_fd
                0x00044340                altera_avalon_jtag_uart_write_fd
                0x000443a0                altera_avalon_jtag_uart_close_fd
                0x000443f0                altera_avalon_jtag_uart_ioctl_fd
 .text          0x00044444      0x3d0 ../cpu3_bsp/\libhal_bsp.a(altera_avalon_jtag_uart_init.o)
                0x00044444                altera_avalon_jtag_uart_init
                0x000447ac                altera_avalon_jtag_uart_close
 .text          0x00044814       0xf4 ../cpu3_bsp/\libhal_bsp.a(altera_avalon_jtag_uart_ioctl.o)
                0x00044814                altera_avalon_jtag_uart_ioctl
 .text          0x00044908      0x218 ../cpu3_bsp/\libhal_bsp.a(altera_avalon_jtag_uart_read.o)
                0x00044908                altera_avalon_jtag_uart_read
 .text          0x00044b20      0x224 ../cpu3_bsp/\libhal_bsp.a(altera_avalon_jtag_uart_write.o)
                0x00044b20                altera_avalon_jtag_uart_write
 .text          0x00044d44       0xfc ../cpu3_bsp/\libhal_bsp.a(altera_avalon_timer_sc.o)
                0x00044db8                alt_avalon_timer_sc_init
 .text          0x00044e40      0x628 ../cpu3_bsp/\libhal_bsp.a(altera_hostfs.o)
                0x00044e40                alt_hostfs_open
                0x00044fac                alt_hostfs_close
                0x00045018                alt_hostfs_read
                0x000450d0                alt_hostfs_write
                0x00045188                alt_hostfs_seek
                0x00045240                alt_hostfs_fstat
 .text          0x00045468      0x140 ../cpu3_bsp/\libhal_bsp.a(alt_alarm_start.o)
                0x00045468                alt_alarm_start
 .text          0x000455a8       0x1c ../cpu3_bsp/\libhal_bsp.a(alt_dcache_flush_all.o)
                0x000455a8                alt_dcache_flush_all
 .text          0x000455c4       0xf0 ../cpu3_bsp/\libhal_bsp.a(alt_dev_llist_insert.o)
                0x00045614                alt_dev_llist_insert
 .text          0x000456b4       0x5c ../cpu3_bsp/\libhal_bsp.a(alt_do_ctors.o)
                0x000456b4                _do_ctors
 .text          0x00045710       0x5c ../cpu3_bsp/\libhal_bsp.a(alt_do_dtors.o)
                0x00045710                _do_dtors
 .text          0x0004576c       0x84 ../cpu3_bsp/\libhal_bsp.a(alt_fs_reg.o)
                0x0004576c                alt_fs_reg
 .text          0x000457f0       0x1c ../cpu3_bsp/\libhal_bsp.a(alt_icache_flush_all.o)
                0x000457f0                alt_icache_flush_all
 .text          0x0004580c      0x1d8 ../cpu3_bsp/\libhal_bsp.a(alt_iic.o)
                0x0004580c                alt_ic_isr_register
                0x0004585c                alt_ic_irq_enable
                0x000458f8                alt_ic_irq_disable
                0x00045998                alt_ic_irq_enabled
 .text          0x000459e4       0xf0 ../cpu3_bsp/\libhal_bsp.a(alt_iic_isr_register.o)
                0x000459e4                alt_iic_isr_register
 .text          0x00045ad4      0x158 ../cpu3_bsp/\libhal_bsp.a(alt_io_redirect.o)
                0x00045bb4                alt_io_redirect
 .text          0x00045c2c        0x0 ../cpu3_bsp/\libhal_bsp.a(alt_irq_entry.o)
 .text          0x00045c2c        0x0 ../cpu3_bsp/\libhal_bsp.a(alt_irq_handler.o)
 .text          0x00045c2c        0x0 ../cpu3_bsp/\libhal_bsp.a(alt_irq_vars.o)
 .text          0x00045c2c      0x298 ../cpu3_bsp/\libhal_bsp.a(alt_open.o)
                0x00045d6c                open
 .text          0x00045ec4      0x19c ../cpu3_bsp/\libhal_bsp.a(alt_tick.o)
                0x00045ec4                alt_alarm_stop
                0x00045f5c                alt_tick
 .text          0x00046060       0x20 ../cpu3_bsp/\libhal_bsp.a(altera_nios2_qsys_irq.o)
                0x00046060                altera_nios2_qsys_irq_init
 .text          0x00046080        0x0 ../cpu3_bsp/\libhal_bsp.a(alt_exception_entry.o)
 .text          0x00046080       0x90 ../cpu3_bsp/\libhal_bsp.a(alt_find_dev.o)
                0x00046080                alt_find_dev
 .text          0x00046110      0x114 ../cpu3_bsp/\libhal_bsp.a(alt_find_file.o)
                0x00046110                alt_find_file
 .text          0x00046224       0xd4 ../cpu3_bsp/\libhal_bsp.a(alt_get_fd.o)
                0x00046224                alt_get_fd
 .text          0x000462f8       0x14 f:/altera/nios2eds/bin/gnu/h-i686-mingw32/bin/../lib/gcc/nios2-elf/4.7.3/../../../../../H-i686-mingw32/nios2-elf/lib/mno-hw-mul\libc.a(lib_a-atexit.o)
                0x000462f8                atexit
 .text          0x0004630c       0x38 f:/altera/nios2eds/bin/gnu/h-i686-mingw32/bin/../lib/gcc/nios2-elf/4.7.3/../../../../../H-i686-mingw32/nios2-elf/lib/mno-hw-mul\libc.a(lib_a-exit.o)
                0x0004630c                exit
 .text          0x00046344       0x7c f:/altera/nios2eds/bin/gnu/h-i686-mingw32/bin/../lib/gcc/nios2-elf/4.7.3/../../../../../H-i686-mingw32/nios2-elf/lib/mno-hw-mul\libc.a(lib_a-memcmp.o)
                0x00046344                memcmp
 .text          0x000463c0      0x130 f:/altera/nios2eds/bin/gnu/h-i686-mingw32/bin/../lib/gcc/nios2-elf/4.7.3/../../../../../H-i686-mingw32/nios2-elf/lib/mno-hw-mul\libc.a(lib_a-__atexit.o)
                0x000463c0                __register_exitproc
 .text          0x000464f0      0x1a0 f:/altera/nios2eds/bin/gnu/h-i686-mingw32/bin/../lib/gcc/nios2-elf/4.7.3/../../../../../H-i686-mingw32/nios2-elf/lib/mno-hw-mul\libc.a(lib_a-__call_atexit.o)
                0x000464f0                __call_exitprocs
 .text          0x00046690       0x3c ../cpu3_bsp/\libhal_bsp.a(alt_exit.o)
                0x00046690                _exit
 *(.gnu.warning.*)
 *(.fini)
                0x000466cc                PROVIDE (__etext, ABSOLUTE (.))
                0x000466cc                PROVIDE (_etext, ABSOLUTE (.))
                0x000466cc                PROVIDE (etext, ABSOLUTE (.))
 *(.eh_frame_hdr)
                0x000466cc                . = ALIGN (0x4)
                0x000466cc                PROVIDE (__preinit_array_start, ABSOLUTE (.))
 *(.preinit_array)
                0x000466cc                PROVIDE (__preinit_array_end, ABSOLUTE (.))
                0x000466cc                PROVIDE (__init_array_start, ABSOLUTE (.))
 *(.init_array)
                0x000466cc                PROVIDE (__init_array_end, ABSOLUTE (.))
                0x000466cc                PROVIDE (__fini_array_start, ABSOLUTE (.))
 *(.fini_array)
                0x000466cc                PROVIDE (__fini_array_end, ABSOLUTE (.))
 *(.eh_frame)
 *(.gcc_except_table .gcc_except_table.*)
 *(.dynamic)
                0x000466cc                PROVIDE (__CTOR_LIST__, ABSOLUTE (.))
 *(.ctors)
 *(SORT(.ctors.*))
                0x000466cc                PROVIDE (__CTOR_END__, ABSOLUTE (.))
                0x000466cc                PROVIDE (__DTOR_LIST__, ABSOLUTE (.))
 *(.dtors)
 *(SORT(.dtors.*))
                0x000466cc                PROVIDE (__DTOR_END__, ABSOLUTE (.))
 *(.jcr)
                0x000466cc                . = ALIGN (0x4)

.rodata         0x000466cc       0x68
                0x000466cc                PROVIDE (__ram_rodata_start, ABSOLUTE (.))
                0x000466cc                . = ALIGN (0x4)
 *(.rodata .rodata.* .gnu.linkonce.r.*)
 .rodata        0x000466cc       0x28 obj/default/dct.o
 .rodata.str1.4
                0x000466f4        0x2 f:/altera/nios2eds/bin/gnu/h-i686-mingw32/bin/../lib/gcc/nios2-elf/4.7.3/../../../../../H-i686-mingw32/nios2-elf/lib/mno-hw-mul\libc.a(lib_a-puts.o)
                                  0x4 (size before relaxing)
 *fill*         0x000466f6        0x2 
 .rodata.str1.4
                0x000466f8        0x4 f:/altera/nios2eds/bin/gnu/h-i686-mingw32/bin/../lib/gcc/nios2-elf/4.7.3/../../../../../H-i686-mingw32/nios2-elf/lib/mno-hw-mul\libc.a(lib_a-impure.o)
 .rodata        0x000466fc        0xc ../cpu3_bsp/\libhal_bsp.a(alt_dev.o)
 .rodata        0x00046708       0x10 ../cpu3_bsp/\libhal_bsp.a(alt_main.o)
 .rodata        0x00046718       0x1c ../cpu3_bsp/\libhal_bsp.a(alt_sys_init.o)
 *(.rodata1)
                0x00046734                . = ALIGN (0x4)
                0x00046734                PROVIDE (__ram_rodata_end, ABSOLUTE (.))
                0x000466cc                PROVIDE (__flash_rodata_start, LOADADDR (.rodata))

.rwdata         0x00046734     0x1acc load address 0x00048200
                0x00046734                PROVIDE (__ram_rwdata_start, ABSOLUTE (.))
                0x00046734                . = ALIGN (0x4)
 *(.got.plt)
 *(.got)
 *(.data1)
 *(.data .data.* .gnu.linkonce.d.*)
 .data          0x00046734        0x0 ../cpu3_bsp//obj/HAL/src/crt0.o
 .data          0x00046734        0x0 obj/default/FIFO.o
 .data          0x00046734        0x0 obj/default/dct.o
 .data          0x00046734        0x0 f:/altera/nios2eds/bin/gnu/h-i686-mingw32/bin/../lib/gcc/nios2-elf/4.7.3/../../../../../H-i686-mingw32/nios2-elf/lib/mno-hw-mul\libc.a(lib_a-malloc.o)
 .data          0x00046734      0x408 f:/altera/nios2eds/bin/gnu/h-i686-mingw32/bin/../lib/gcc/nios2-elf/4.7.3/../../../../../H-i686-mingw32/nios2-elf/lib/mno-hw-mul\libc.a(lib_a-mallocr.o)
                0x00046734                __malloc_av_
 .data          0x00046b3c        0x0 f:/altera/nios2eds/bin/gnu/h-i686-mingw32/bin/../lib/gcc/nios2-elf/4.7.3/../../../../../H-i686-mingw32/nios2-elf/lib/mno-hw-mul\libc.a(lib_a-puts.o)
 .data          0x00046b3c        0x0 f:/altera/nios2eds/bin/gnu/h-i686-mingw32/bin/../lib/gcc/nios2-elf/4.7.3/../../../../../H-i686-mingw32/nios2-elf/lib/mno-hw-mul\libc.a(lib_a-sbrkr.o)
 .data          0x00046b3c        0x0 f:/altera/nios2eds/bin/gnu/h-i686-mingw32/bin/../lib/gcc/nios2-elf/4.7.3/../../../../../H-i686-mingw32/nios2-elf/lib/mno-hw-mul\libc.a(lib_a-strlen.o)
 .data          0x00046b3c        0x0 f:/altera/nios2eds/bin/gnu/h-i686-mingw32/bin/../lib/gcc/nios2-elf/4.7.3/../../../../../H-i686-mingw32/nios2-elf/lib/mno-hw-mul\libc.a(lib_a-freer.o)
 .data          0x00046b3c        0x0 f:/altera/nios2eds/bin/gnu/h-i686-mingw32/bin/../lib/gcc/nios2-elf/4.7.3/../../../../../H-i686-mingw32/nios2-elf/lib/mno-hw-mul\libc.a(lib_a-fvwrite.o)
 .data          0x00046b3c      0x400 f:/altera/nios2eds/bin/gnu/h-i686-mingw32/bin/../lib/gcc/nios2-elf/4.7.3/../../../../../H-i686-mingw32/nios2-elf/lib/mno-hw-mul\libc.a(lib_a-impure.o)
 .data          0x00046f3c        0x0 f:/altera/nios2eds/bin/gnu/h-i686-mingw32/bin/../lib/gcc/nios2-elf/4.7.3/../../../../../H-i686-mingw32/nios2-elf/lib/mno-hw-mul\libc.a(lib_a-int_errno.o)
 .data          0x00046f3c        0x0 f:/altera/nios2eds/bin/gnu/h-i686-mingw32/bin/../lib/gcc/nios2-elf/4.7.3/../../../../../H-i686-mingw32/nios2-elf/lib/mno-hw-mul\libc.a(lib_a-memchr.o)
 .data          0x00046f3c        0x0 f:/altera/nios2eds/bin/gnu/h-i686-mingw32/bin/../lib/gcc/nios2-elf/4.7.3/../../../../../H-i686-mingw32/nios2-elf/lib/mno-hw-mul\libc.a(lib_a-memcpy.o)
 .data          0x00046f3c        0x0 f:/altera/nios2eds/bin/gnu/h-i686-mingw32/bin/../lib/gcc/nios2-elf/4.7.3/../../../../../H-i686-mingw32/nios2-elf/lib/mno-hw-mul\libc.a(lib_a-memmove.o)
 .data          0x00046f3c        0x0 f:/altera/nios2eds/bin/gnu/h-i686-mingw32/bin/../lib/gcc/nios2-elf/4.7.3/../../../../../H-i686-mingw32/nios2-elf/lib/mno-hw-mul\libc.a(lib_a-reallocr.o)
 .data          0x00046f3c        0x0 f:/altera/nios2eds/bin/gnu/h-i686-mingw32/bin/../lib/gcc/nios2-elf/4.7.3/../../../../../H-i686-mingw32/nios2-elf/lib/mno-hw-mul\libc.a(lib_a-wsetup.o)
 .data          0x00046f3c        0x0 f:/altera/nios2eds/bin/gnu/h-i686-mingw32/bin/../lib/gcc/nios2-elf/4.7.3/../../../../../H-i686-mingw32/nios2-elf/lib/mno-hw-mul\libc.a(lib_a-fflush.o)
 .data          0x00046f3c        0x0 f:/altera/nios2eds/bin/gnu/h-i686-mingw32/bin/../lib/gcc/nios2-elf/4.7.3/../../../../../H-i686-mingw32/nios2-elf/lib/mno-hw-mul\libc.a(lib_a-findfp.o)
 .data          0x00046f3c        0x0 f:/altera/nios2eds/bin/gnu/h-i686-mingw32/bin/../lib/gcc/nios2-elf/4.7.3/../../../../../H-i686-mingw32/nios2-elf/lib/mno-hw-mul\libc.a(lib_a-fwalk.o)
 .data          0x00046f3c        0x0 f:/altera/nios2eds/bin/gnu/h-i686-mingw32/bin/../lib/gcc/nios2-elf/4.7.3/../../../../../H-i686-mingw32/nios2-elf/lib/mno-hw-mul\libc.a(lib_a-makebuf.o)
 .data          0x00046f3c        0x0 f:/altera/nios2eds/bin/gnu/h-i686-mingw32/bin/../lib/gcc/nios2-elf/4.7.3/../../../../../H-i686-mingw32/nios2-elf/lib/mno-hw-mul\libc.a(lib_a-memset.o)
 .data          0x00046f3c        0x0 f:/altera/nios2eds/bin/gnu/h-i686-mingw32/bin/../lib/gcc/nios2-elf/4.7.3/../../../../../H-i686-mingw32/nios2-elf/lib/mno-hw-mul\libc.a(lib_a-stdio.o)
 .data          0x00046f3c        0x0 f:/altera/nios2eds/bin/gnu/h-i686-mingw32/bin/../lib/gcc/nios2-elf/4.7.3/../../../../../H-i686-mingw32/nios2-elf/lib/mno-hw-mul\libc.a(lib_a-writer.o)
 .data          0x00046f3c        0x0 f:/altera/nios2eds/bin/gnu/h-i686-mingw32/bin/../lib/gcc/nios2-elf/4.7.3/../../../../../H-i686-mingw32/nios2-elf/lib/mno-hw-mul\libc.a(lib_a-closer.o)
 .data          0x00046f3c        0x0 f:/altera/nios2eds/bin/gnu/h-i686-mingw32/bin/../lib/gcc/nios2-elf/4.7.3/../../../../../H-i686-mingw32/nios2-elf/lib/mno-hw-mul\libc.a(lib_a-fclose.o)
 .data          0x00046f3c        0x0 f:/altera/nios2eds/bin/gnu/h-i686-mingw32/bin/../lib/gcc/nios2-elf/4.7.3/../../../../../H-i686-mingw32/nios2-elf/lib/mno-hw-mul\libc.a(lib_a-fstatr.o)
 .data          0x00046f3c        0x0 f:/altera/nios2eds/bin/gnu/h-i686-mingw32/bin/../lib/gcc/nios2-elf/4.7.3/../../../../../H-i686-mingw32/nios2-elf/lib/mno-hw-mul\libc.a(lib_a-isattyr.o)
 .data          0x00046f3c        0x0 f:/altera/nios2eds/bin/gnu/h-i686-mingw32/bin/../lib/gcc/nios2-elf/4.7.3/../../../../../H-i686-mingw32/nios2-elf/lib/mno-hw-mul\libc.a(lib_a-lseekr.o)
 .data          0x00046f3c        0x0 f:/altera/nios2eds/bin/gnu/h-i686-mingw32/bin/../lib/gcc/nios2-elf/4.7.3/../../../../../H-i686-mingw32/nios2-elf/lib/mno-hw-mul\libc.a(lib_a-readr.o)
 .data          0x00046f3c        0x0 f:/altera/nios2eds/bin/gnu/h-i686-mingw32/bin/../lib/gcc/nios2-elf/4.7.3/mno-hw-mul\libgcc.a(lib2-mul.o)
 .data          0x00046f3c        0x0 ../cpu3_bsp/\libhal_bsp.a(alt_close.o)
 .data          0x00046f3c      0x1a8 ../cpu3_bsp/\libhal_bsp.a(alt_dev.o)
                0x00046f3c                alt_dev_null
                0x00046f64                alt_fd_list
 .data          0x000470e4        0x0 ../cpu3_bsp/\libhal_bsp.a(alt_errno.o)
 .data          0x000470e4        0x0 ../cpu3_bsp/\libhal_bsp.a(alt_fstat.o)
 .data          0x000470e4        0x0 ../cpu3_bsp/\libhal_bsp.a(alt_isatty.o)
 .data          0x000470e4        0x0 ../cpu3_bsp/\libhal_bsp.a(alt_load.o)
 .data          0x000470e4        0x0 ../cpu3_bsp/\libhal_bsp.a(alt_lseek.o)
 .data          0x000470e4        0x0 ../cpu3_bsp/\libhal_bsp.a(alt_main.o)
 .data          0x000470e4        0x0 ../cpu3_bsp/\libhal_bsp.a(alt_malloc_lock.o)
 .data          0x000470e4        0x0 ../cpu3_bsp/\libhal_bsp.a(alt_read.o)
 .data          0x000470e4        0x0 ../cpu3_bsp/\libhal_bsp.a(alt_release_fd.o)
 .data          0x000470e4        0x0 ../cpu3_bsp/\libhal_bsp.a(alt_sbrk.o)
 .data          0x000470e4        0x0 ../cpu3_bsp/\libhal_bsp.a(alt_write.o)
 .data          0x000470e4     0x1088 ../cpu3_bsp/\libhal_bsp.a(alt_sys_init.o)
 .data          0x0004816c        0x0 ../cpu3_bsp/\libhal_bsp.a(altera_avalon_fifo_util.o)
 .data          0x0004816c        0x0 ../cpu3_bsp/\libhal_bsp.a(altera_avalon_jtag_uart_fd.o)
 .data          0x0004816c        0x0 ../cpu3_bsp/\libhal_bsp.a(altera_avalon_jtag_uart_init.o)
 .data          0x0004816c        0x0 ../cpu3_bsp/\libhal_bsp.a(altera_avalon_jtag_uart_ioctl.o)
 .data          0x0004816c        0x0 ../cpu3_bsp/\libhal_bsp.a(altera_avalon_jtag_uart_read.o)
 .data          0x0004816c        0x0 ../cpu3_bsp/\libhal_bsp.a(altera_avalon_jtag_uart_write.o)
 .data          0x0004816c        0x0 ../cpu3_bsp/\libhal_bsp.a(altera_avalon_timer_sc.o)
 .data          0x0004816c        0x0 ../cpu3_bsp/\libhal_bsp.a(altera_hostfs.o)
 .data          0x0004816c        0x0 ../cpu3_bsp/\libhal_bsp.a(alt_alarm_start.o)
 .data          0x0004816c        0x0 ../cpu3_bsp/\libhal_bsp.a(alt_dcache_flush_all.o)
 .data          0x0004816c        0x0 ../cpu3_bsp/\libhal_bsp.a(alt_dev_llist_insert.o)
 .data          0x0004816c        0x0 ../cpu3_bsp/\libhal_bsp.a(alt_do_ctors.o)
 .data          0x0004816c        0x0 ../cpu3_bsp/\libhal_bsp.a(alt_do_dtors.o)
 .data          0x0004816c        0x0 ../cpu3_bsp/\libhal_bsp.a(alt_fs_reg.o)
 .data          0x0004816c        0x0 ../cpu3_bsp/\libhal_bsp.a(alt_icache_flush_all.o)
 .data          0x0004816c        0x0 ../cpu3_bsp/\libhal_bsp.a(alt_iic.o)
 .data          0x0004816c        0x0 ../cpu3_bsp/\libhal_bsp.a(alt_iic_isr_register.o)
 .data          0x0004816c        0x0 ../cpu3_bsp/\libhal_bsp.a(alt_io_redirect.o)
 .data          0x0004816c        0x0 ../cpu3_bsp/\libhal_bsp.a(alt_irq_entry.o)
 .data          0x0004816c        0x0 ../cpu3_bsp/\libhal_bsp.a(alt_irq_handler.o)
 .data          0x0004816c        0x0 ../cpu3_bsp/\libhal_bsp.a(alt_irq_vars.o)
 .data          0x0004816c        0x0 ../cpu3_bsp/\libhal_bsp.a(alt_open.o)
 .data          0x0004816c        0x0 ../cpu3_bsp/\libhal_bsp.a(alt_tick.o)
 .data          0x0004816c        0x0 ../cpu3_bsp/\libhal_bsp.a(altera_nios2_qsys_irq.o)
 .data          0x0004816c        0x0 ../cpu3_bsp/\libhal_bsp.a(alt_exception_entry.o)
 .data          0x0004816c        0x0 ../cpu3_bsp/\libhal_bsp.a(alt_find_dev.o)
 .data          0x0004816c        0x0 ../cpu3_bsp/\libhal_bsp.a(alt_find_file.o)
 .data          0x0004816c        0x0 ../cpu3_bsp/\libhal_bsp.a(alt_get_fd.o)
 .data          0x0004816c        0x0 f:/altera/nios2eds/bin/gnu/h-i686-mingw32/bin/../lib/gcc/nios2-elf/4.7.3/../../../../../H-i686-mingw32/nios2-elf/lib/mno-hw-mul\libc.a(lib_a-atexit.o)
 .data          0x0004816c        0x0 f:/altera/nios2eds/bin/gnu/h-i686-mingw32/bin/../lib/gcc/nios2-elf/4.7.3/../../../../../H-i686-mingw32/nios2-elf/lib/mno-hw-mul\libc.a(lib_a-exit.o)
 .data          0x0004816c        0x0 f:/altera/nios2eds/bin/gnu/h-i686-mingw32/bin/../lib/gcc/nios2-elf/4.7.3/../../../../../H-i686-mingw32/nios2-elf/lib/mno-hw-mul\libc.a(lib_a-memcmp.o)
 .data          0x0004816c        0x0 f:/altera/nios2eds/bin/gnu/h-i686-mingw32/bin/../lib/gcc/nios2-elf/4.7.3/../../../../../H-i686-mingw32/nios2-elf/lib/mno-hw-mul\libc.a(lib_a-__atexit.o)
 .data          0x0004816c        0x0 f:/altera/nios2eds/bin/gnu/h-i686-mingw32/bin/../lib/gcc/nios2-elf/4.7.3/../../../../../H-i686-mingw32/nios2-elf/lib/mno-hw-mul\libc.a(lib_a-__call_atexit.o)
 .data          0x0004816c        0x0 ../cpu3_bsp/\libhal_bsp.a(alt_exit.o)
                0x0005016c                _gp = ABSOLUTE ((. + 0x8000))
                0x0005016c                PROVIDE (gp, _gp)
 *(.rwdata .rwdata.*)
 *(.sdata .sdata.* .gnu.linkonce.s.*)
 .sdata         0x0004816c       0x12 obj/default/dct.o
 *fill*         0x0004817e        0x2 
 .sdata         0x00048180        0x8 f:/altera/nios2eds/bin/gnu/h-i686-mingw32/bin/../lib/gcc/nios2-elf/4.7.3/../../../../../H-i686-mingw32/nios2-elf/lib/mno-hw-mul\libc.a(lib_a-mallocr.o)
                0x00048180                __malloc_sbrk_base
                0x00048184                __malloc_trim_threshold
 .sdata         0x00048188        0x8 f:/altera/nios2eds/bin/gnu/h-i686-mingw32/bin/../lib/gcc/nios2-elf/4.7.3/../../../../../H-i686-mingw32/nios2-elf/lib/mno-hw-mul\libc.a(lib_a-impure.o)
                0x00048188                _global_impure_ptr
                0x0004818c                _impure_ptr
 .sdata         0x00048190       0x14 ../cpu3_bsp/\libhal_bsp.a(alt_dev.o)
                0x00048190                alt_fs_list
                0x00048198                alt_dev_list
                0x000481a0                alt_max_fd
 .sdata         0x000481a4        0x4 ../cpu3_bsp/\libhal_bsp.a(alt_errno.o)
                0x000481a4                alt_errno
 .sdata         0x000481a8        0x4 ../cpu3_bsp/\libhal_bsp.a(alt_sbrk.o)
 .sdata         0x000481ac       0x48 ../cpu3_bsp/\libhal_bsp.a(altera_hostfs.o)
 .sdata         0x000481f4        0x4 ../cpu3_bsp/\libhal_bsp.a(alt_irq_vars.o)
                0x000481f4                alt_priority_mask
 .sdata         0x000481f8        0x8 ../cpu3_bsp/\libhal_bsp.a(alt_tick.o)
                0x000481f8                alt_alarm_list
 *(.sdata2 .sdata2.* .gnu.linkonce.s2.*)
                0x00048200                . = ALIGN (0x4)
                0x00048200                _edata = ABSOLUTE (.)
                0x00048200                PROVIDE (edata, ABSOLUTE (.))
                0x00048200                PROVIDE (__ram_rwdata_end, ABSOLUTE (.))
                0x00048200                PROVIDE (__flash_rwdata_start, LOADADDR (.rwdata))

.bss            0x00049ccc      0x2e4
                0x00049ccc                __bss_start = ABSOLUTE (.)
                0x00049ccc                PROVIDE (__sbss_start, ABSOLUTE (.))
                0x00049ccc                PROVIDE (___sbss_start, ABSOLUTE (.))
 *(.dynsbss)
 *(.sbss .sbss.* .gnu.linkonce.sb.*)
 .sbss          0x00049ccc        0x4 obj/default/dct.o
                0x00049ccc                data
 .sbss          0x00049cd0        0xc f:/altera/nios2eds/bin/gnu/h-i686-mingw32/bin/../lib/gcc/nios2-elf/4.7.3/../../../../../H-i686-mingw32/nios2-elf/lib/mno-hw-mul\libc.a(lib_a-mallocr.o)
                0x00049cd0                __malloc_max_total_mem
                0x00049cd4                __malloc_max_sbrked_mem
                0x00049cd8                __malloc_top_pad
 .sbss          0x00049cdc        0x4 f:/altera/nios2eds/bin/gnu/h-i686-mingw32/bin/../lib/gcc/nios2-elf/4.7.3/../../../../../H-i686-mingw32/nios2-elf/lib/mno-hw-mul\libc.a(lib_a-int_errno.o)
                0x00049cdc                errno
 .sbss          0x00049ce0        0xc ../cpu3_bsp/\libhal_bsp.a(alt_main.o)
                0x00049ce0                alt_argc
                0x00049ce4                alt_argv
                0x00049ce8                alt_envp
 .sbss          0x00049cec        0x4 ../cpu3_bsp/\libhal_bsp.a(alt_irq_vars.o)
                0x00049cec                alt_irq_active
 .sbss          0x00049cf0        0x8 ../cpu3_bsp/\libhal_bsp.a(alt_tick.o)
                0x00049cf0                _alt_tick_rate
                0x00049cf4                _alt_nticks
 *(.sbss2 .sbss2.* .gnu.linkonce.sb2.*)
 *(.scommon)
                0x00049cf8                PROVIDE (__sbss_end, ABSOLUTE (.))
                0x00049cf8                PROVIDE (___sbss_end, ABSOLUTE (.))
 *(.dynbss)
 *(.bss .bss.* .gnu.linkonce.b.*)
 .bss           0x00049cf8        0x0 ../cpu3_bsp//obj/HAL/src/crt0.o
 .bss           0x00049cf8        0x0 obj/default/FIFO.o
 .bss           0x00049cf8        0x0 obj/default/dct.o
 .bss           0x00049cf8        0x0 f:/altera/nios2eds/bin/gnu/h-i686-mingw32/bin/../lib/gcc/nios2-elf/4.7.3/../../../../../H-i686-mingw32/nios2-elf/lib/mno-hw-mul\libc.a(lib_a-malloc.o)
 .bss           0x00049cf8       0x28 f:/altera/nios2eds/bin/gnu/h-i686-mingw32/bin/../lib/gcc/nios2-elf/4.7.3/../../../../../H-i686-mingw32/nios2-elf/lib/mno-hw-mul\libc.a(lib_a-mallocr.o)
                0x00049cf8                __malloc_current_mallinfo
 .bss           0x00049d20        0x0 f:/altera/nios2eds/bin/gnu/h-i686-mingw32/bin/../lib/gcc/nios2-elf/4.7.3/../../../../../H-i686-mingw32/nios2-elf/lib/mno-hw-mul\libc.a(lib_a-puts.o)
 .bss           0x00049d20        0x0 f:/altera/nios2eds/bin/gnu/h-i686-mingw32/bin/../lib/gcc/nios2-elf/4.7.3/../../../../../H-i686-mingw32/nios2-elf/lib/mno-hw-mul\libc.a(lib_a-sbrkr.o)
 .bss           0x00049d20        0x0 f:/altera/nios2eds/bin/gnu/h-i686-mingw32/bin/../lib/gcc/nios2-elf/4.7.3/../../../../../H-i686-mingw32/nios2-elf/lib/mno-hw-mul\libc.a(lib_a-strlen.o)
 .bss           0x00049d20        0x0 f:/altera/nios2eds/bin/gnu/h-i686-mingw32/bin/../lib/gcc/nios2-elf/4.7.3/../../../../../H-i686-mingw32/nios2-elf/lib/mno-hw-mul\libc.a(lib_a-freer.o)
 .bss           0x00049d20        0x0 f:/altera/nios2eds/bin/gnu/h-i686-mingw32/bin/../lib/gcc/nios2-elf/4.7.3/../../../../../H-i686-mingw32/nios2-elf/lib/mno-hw-mul\libc.a(lib_a-fvwrite.o)
 .bss           0x00049d20        0x0 f:/altera/nios2eds/bin/gnu/h-i686-mingw32/bin/../lib/gcc/nios2-elf/4.7.3/../../../../../H-i686-mingw32/nios2-elf/lib/mno-hw-mul\libc.a(lib_a-impure.o)
 .bss           0x00049d20        0x0 f:/altera/nios2eds/bin/gnu/h-i686-mingw32/bin/../lib/gcc/nios2-elf/4.7.3/../../../../../H-i686-mingw32/nios2-elf/lib/mno-hw-mul\libc.a(lib_a-int_errno.o)
 .bss           0x00049d20        0x0 f:/altera/nios2eds/bin/gnu/h-i686-mingw32/bin/../lib/gcc/nios2-elf/4.7.3/../../../../../H-i686-mingw32/nios2-elf/lib/mno-hw-mul\libc.a(lib_a-memchr.o)
 .bss           0x00049d20        0x0 f:/altera/nios2eds/bin/gnu/h-i686-mingw32/bin/../lib/gcc/nios2-elf/4.7.3/../../../../../H-i686-mingw32/nios2-elf/lib/mno-hw-mul\libc.a(lib_a-memcpy.o)
 .bss           0x00049d20        0x0 f:/altera/nios2eds/bin/gnu/h-i686-mingw32/bin/../lib/gcc/nios2-elf/4.7.3/../../../../../H-i686-mingw32/nios2-elf/lib/mno-hw-mul\libc.a(lib_a-memmove.o)
 .bss           0x00049d20        0x0 f:/altera/nios2eds/bin/gnu/h-i686-mingw32/bin/../lib/gcc/nios2-elf/4.7.3/../../../../../H-i686-mingw32/nios2-elf/lib/mno-hw-mul\libc.a(lib_a-reallocr.o)
 .bss           0x00049d20        0x0 f:/altera/nios2eds/bin/gnu/h-i686-mingw32/bin/../lib/gcc/nios2-elf/4.7.3/../../../../../H-i686-mingw32/nios2-elf/lib/mno-hw-mul\libc.a(lib_a-wsetup.o)
 .bss           0x00049d20        0x0 f:/altera/nios2eds/bin/gnu/h-i686-mingw32/bin/../lib/gcc/nios2-elf/4.7.3/../../../../../H-i686-mingw32/nios2-elf/lib/mno-hw-mul\libc.a(lib_a-fflush.o)
 .bss           0x00049d20        0x0 f:/altera/nios2eds/bin/gnu/h-i686-mingw32/bin/../lib/gcc/nios2-elf/4.7.3/../../../../../H-i686-mingw32/nios2-elf/lib/mno-hw-mul\libc.a(lib_a-findfp.o)
 .bss           0x00049d20        0x0 f:/altera/nios2eds/bin/gnu/h-i686-mingw32/bin/../lib/gcc/nios2-elf/4.7.3/../../../../../H-i686-mingw32/nios2-elf/lib/mno-hw-mul\libc.a(lib_a-fwalk.o)
 .bss           0x00049d20        0x0 f:/altera/nios2eds/bin/gnu/h-i686-mingw32/bin/../lib/gcc/nios2-elf/4.7.3/../../../../../H-i686-mingw32/nios2-elf/lib/mno-hw-mul\libc.a(lib_a-makebuf.o)
 .bss           0x00049d20        0x0 f:/altera/nios2eds/bin/gnu/h-i686-mingw32/bin/../lib/gcc/nios2-elf/4.7.3/../../../../../H-i686-mingw32/nios2-elf/lib/mno-hw-mul\libc.a(lib_a-memset.o)
 .bss           0x00049d20        0x0 f:/altera/nios2eds/bin/gnu/h-i686-mingw32/bin/../lib/gcc/nios2-elf/4.7.3/../../../../../H-i686-mingw32/nios2-elf/lib/mno-hw-mul\libc.a(lib_a-stdio.o)
 .bss           0x00049d20        0x0 f:/altera/nios2eds/bin/gnu/h-i686-mingw32/bin/../lib/gcc/nios2-elf/4.7.3/../../../../../H-i686-mingw32/nios2-elf/lib/mno-hw-mul\libc.a(lib_a-writer.o)
 .bss           0x00049d20        0x0 f:/altera/nios2eds/bin/gnu/h-i686-mingw32/bin/../lib/gcc/nios2-elf/4.7.3/../../../../../H-i686-mingw32/nios2-elf/lib/mno-hw-mul\libc.a(lib_a-closer.o)
 .bss           0x00049d20        0x0 f:/altera/nios2eds/bin/gnu/h-i686-mingw32/bin/../lib/gcc/nios2-elf/4.7.3/../../../../../H-i686-mingw32/nios2-elf/lib/mno-hw-mul\libc.a(lib_a-fclose.o)
 .bss           0x00049d20        0x0 f:/altera/nios2eds/bin/gnu/h-i686-mingw32/bin/../lib/gcc/nios2-elf/4.7.3/../../../../../H-i686-mingw32/nios2-elf/lib/mno-hw-mul\libc.a(lib_a-fstatr.o)
 .bss           0x00049d20        0x0 f:/altera/nios2eds/bin/gnu/h-i686-mingw32/bin/../lib/gcc/nios2-elf/4.7.3/../../../../../H-i686-mingw32/nios2-elf/lib/mno-hw-mul\libc.a(lib_a-isattyr.o)
 .bss           0x00049d20        0x0 f:/altera/nios2eds/bin/gnu/h-i686-mingw32/bin/../lib/gcc/nios2-elf/4.7.3/../../../../../H-i686-mingw32/nios2-elf/lib/mno-hw-mul\libc.a(lib_a-lseekr.o)
 .bss           0x00049d20        0x0 f:/altera/nios2eds/bin/gnu/h-i686-mingw32/bin/../lib/gcc/nios2-elf/4.7.3/../../../../../H-i686-mingw32/nios2-elf/lib/mno-hw-mul\libc.a(lib_a-readr.o)
 .bss           0x00049d20        0x0 f:/altera/nios2eds/bin/gnu/h-i686-mingw32/bin/../lib/gcc/nios2-elf/4.7.3/mno-hw-mul\libgcc.a(lib2-mul.o)
 .bss           0x00049d20        0x0 ../cpu3_bsp/\libhal_bsp.a(alt_close.o)
 .bss           0x00049d20        0x0 ../cpu3_bsp/\libhal_bsp.a(alt_dev.o)
 .bss           0x00049d20        0x0 ../cpu3_bsp/\libhal_bsp.a(alt_errno.o)
 .bss           0x00049d20        0x0 ../cpu3_bsp/\libhal_bsp.a(alt_fstat.o)
 .bss           0x00049d20        0x0 ../cpu3_bsp/\libhal_bsp.a(alt_isatty.o)
 .bss           0x00049d20        0x0 ../cpu3_bsp/\libhal_bsp.a(alt_load.o)
 .bss           0x00049d20        0x0 ../cpu3_bsp/\libhal_bsp.a(alt_lseek.o)
 .bss           0x00049d20        0x0 ../cpu3_bsp/\libhal_bsp.a(alt_main.o)
 .bss           0x00049d20        0x0 ../cpu3_bsp/\libhal_bsp.a(alt_malloc_lock.o)
 .bss           0x00049d20        0x0 ../cpu3_bsp/\libhal_bsp.a(alt_read.o)
 .bss           0x00049d20        0x0 ../cpu3_bsp/\libhal_bsp.a(alt_release_fd.o)
 .bss           0x00049d20        0x0 ../cpu3_bsp/\libhal_bsp.a(alt_sbrk.o)
 .bss           0x00049d20        0x0 ../cpu3_bsp/\libhal_bsp.a(alt_write.o)
 .bss           0x00049d20        0x0 ../cpu3_bsp/\libhal_bsp.a(alt_sys_init.o)
 .bss           0x00049d20        0x0 ../cpu3_bsp/\libhal_bsp.a(altera_avalon_fifo_util.o)
 .bss           0x00049d20        0x0 ../cpu3_bsp/\libhal_bsp.a(altera_avalon_jtag_uart_fd.o)
 .bss           0x00049d20        0x0 ../cpu3_bsp/\libhal_bsp.a(altera_avalon_jtag_uart_init.o)
 .bss           0x00049d20        0x0 ../cpu3_bsp/\libhal_bsp.a(altera_avalon_jtag_uart_ioctl.o)
 .bss           0x00049d20        0x0 ../cpu3_bsp/\libhal_bsp.a(altera_avalon_jtag_uart_read.o)
 .bss           0x00049d20        0x0 ../cpu3_bsp/\libhal_bsp.a(altera_avalon_jtag_uart_write.o)
 .bss           0x00049d20        0x0 ../cpu3_bsp/\libhal_bsp.a(altera_avalon_timer_sc.o)
 .bss           0x00049d20        0x0 ../cpu3_bsp/\libhal_bsp.a(altera_hostfs.o)
 .bss           0x00049d20        0x0 ../cpu3_bsp/\libhal_bsp.a(alt_alarm_start.o)
 .bss           0x00049d20        0x0 ../cpu3_bsp/\libhal_bsp.a(alt_dcache_flush_all.o)
 .bss           0x00049d20        0x0 ../cpu3_bsp/\libhal_bsp.a(alt_dev_llist_insert.o)
 .bss           0x00049d20        0x0 ../cpu3_bsp/\libhal_bsp.a(alt_do_ctors.o)
 .bss           0x00049d20        0x0 ../cpu3_bsp/\libhal_bsp.a(alt_do_dtors.o)
 .bss           0x00049d20        0x0 ../cpu3_bsp/\libhal_bsp.a(alt_fs_reg.o)
 .bss           0x00049d20        0x0 ../cpu3_bsp/\libhal_bsp.a(alt_icache_flush_all.o)
 .bss           0x00049d20        0x0 ../cpu3_bsp/\libhal_bsp.a(alt_iic.o)
 .bss           0x00049d20        0x0 ../cpu3_bsp/\libhal_bsp.a(alt_iic_isr_register.o)
 .bss           0x00049d20        0x0 ../cpu3_bsp/\libhal_bsp.a(alt_io_redirect.o)
 .bss           0x00049d20        0x0 ../cpu3_bsp/\libhal_bsp.a(alt_irq_entry.o)
 .bss           0x00049d20        0x0 ../cpu3_bsp/\libhal_bsp.a(alt_irq_handler.o)
 .bss           0x00049d20        0x0 ../cpu3_bsp/\libhal_bsp.a(alt_irq_vars.o)
 .bss           0x00049d20        0x0 ../cpu3_bsp/\libhal_bsp.a(alt_open.o)
 .bss           0x00049d20        0x0 ../cpu3_bsp/\libhal_bsp.a(alt_tick.o)
 .bss           0x00049d20        0x0 ../cpu3_bsp/\libhal_bsp.a(altera_nios2_qsys_irq.o)
 .bss           0x00049d20        0x0 ../cpu3_bsp/\libhal_bsp.a(alt_exception_entry.o)
 .bss           0x00049d20        0x0 ../cpu3_bsp/\libhal_bsp.a(alt_find_dev.o)
 .bss           0x00049d20        0x0 ../cpu3_bsp/\libhal_bsp.a(alt_find_file.o)
 .bss           0x00049d20        0x0 ../cpu3_bsp/\libhal_bsp.a(alt_get_fd.o)
 .bss           0x00049d20        0x0 f:/altera/nios2eds/bin/gnu/h-i686-mingw32/bin/../lib/gcc/nios2-elf/4.7.3/../../../../../H-i686-mingw32/nios2-elf/lib/mno-hw-mul\libc.a(lib_a-atexit.o)
 .bss           0x00049d20        0x0 f:/altera/nios2eds/bin/gnu/h-i686-mingw32/bin/../lib/gcc/nios2-elf/4.7.3/../../../../../H-i686-mingw32/nios2-elf/lib/mno-hw-mul\libc.a(lib_a-exit.o)
 .bss           0x00049d20        0x0 f:/altera/nios2eds/bin/gnu/h-i686-mingw32/bin/../lib/gcc/nios2-elf/4.7.3/../../../../../H-i686-mingw32/nios2-elf/lib/mno-hw-mul\libc.a(lib_a-memcmp.o)
 .bss           0x00049d20        0x0 f:/altera/nios2eds/bin/gnu/h-i686-mingw32/bin/../lib/gcc/nios2-elf/4.7.3/../../../../../H-i686-mingw32/nios2-elf/lib/mno-hw-mul\libc.a(lib_a-__atexit.o)
 .bss           0x00049d20        0x0 f:/altera/nios2eds/bin/gnu/h-i686-mingw32/bin/../lib/gcc/nios2-elf/4.7.3/../../../../../H-i686-mingw32/nios2-elf/lib/mno-hw-mul\libc.a(lib_a-__call_atexit.o)
 .bss           0x00049d20        0x0 ../cpu3_bsp/\libhal_bsp.a(alt_exit.o)
 *(COMMON)
 COMMON         0x00049d20      0x100 ../cpu3_bsp/\libhal_bsp.a(alt_irq_handler.o)
                0x00049d20                alt_irq
 COMMON         0x00049e20      0x190 f:/altera/nios2eds/bin/gnu/h-i686-mingw32/bin/../lib/gcc/nios2-elf/4.7.3/../../../../../H-i686-mingw32/nios2-elf/lib/mno-hw-mul\libc.a(lib_a-atexit.o)
                0x00049e20                _atexit0
                0x00049fb0                . = ALIGN (0x4)
                0x00049fb0                __bss_end = ABSOLUTE (.)

.mem3           0x00049fb0        0x0
                0x00049fb0                PROVIDE (_alt_partition_mem3_start, ABSOLUTE (.))
 *(.mem3 .mem3. mem3.*)
                0x00049fb0                . = ALIGN (0x4)
                0x00049fb0                PROVIDE (_alt_partition_mem3_end, ABSOLUTE (.))
                0x00049fb0                _end = ABSOLUTE (.)
                0x00049fb0                end = ABSOLUTE (.)
                0x00049fb0                __alt_stack_base = ABSOLUTE (.)
                0x00049fb0                PROVIDE (_alt_partition_mem3_load_addr, LOADADDR (.mem3))

.stab
 *(.stab)

.stabstr
 *(.stabstr)

.stab.excl
 *(.stab.excl)

.stab.exclstr
 *(.stab.exclstr)

.stab.index
 *(.stab.index)

.stab.indexstr
 *(.stab.indexstr)

.comment        0x00000000       0x23
 *(.comment)
 .comment       0x00000000       0x23 obj/default/FIFO.o
                                 0x24 (size before relaxing)
 .comment       0x00000000       0x24 obj/default/dct.o
 .comment       0x00000000       0x24 f:/altera/nios2eds/bin/gnu/h-i686-mingw32/bin/../lib/gcc/nios2-elf/4.7.3/../../../../../H-i686-mingw32/nios2-elf/lib/mno-hw-mul\libc.a(lib_a-malloc.o)
 .comment       0x00000000       0x24 f:/altera/nios2eds/bin/gnu/h-i686-mingw32/bin/../lib/gcc/nios2-elf/4.7.3/../../../../../H-i686-mingw32/nios2-elf/lib/mno-hw-mul\libc.a(lib_a-mallocr.o)
 .comment       0x00000000       0x24 f:/altera/nios2eds/bin/gnu/h-i686-mingw32/bin/../lib/gcc/nios2-elf/4.7.3/../../../../../H-i686-mingw32/nios2-elf/lib/mno-hw-mul\libc.a(lib_a-puts.o)
 .comment       0x00000000       0x24 f:/altera/nios2eds/bin/gnu/h-i686-mingw32/bin/../lib/gcc/nios2-elf/4.7.3/../../../../../H-i686-mingw32/nios2-elf/lib/mno-hw-mul\libc.a(lib_a-sbrkr.o)
 .comment       0x00000000       0x24 f:/altera/nios2eds/bin/gnu/h-i686-mingw32/bin/../lib/gcc/nios2-elf/4.7.3/../../../../../H-i686-mingw32/nios2-elf/lib/mno-hw-mul\libc.a(lib_a-strlen.o)
 .comment       0x00000000       0x24 f:/altera/nios2eds/bin/gnu/h-i686-mingw32/bin/../lib/gcc/nios2-elf/4.7.3/../../../../../H-i686-mingw32/nios2-elf/lib/mno-hw-mul\libc.a(lib_a-freer.o)
 .comment       0x00000000       0x24 f:/altera/nios2eds/bin/gnu/h-i686-mingw32/bin/../lib/gcc/nios2-elf/4.7.3/../../../../../H-i686-mingw32/nios2-elf/lib/mno-hw-mul\libc.a(lib_a-fvwrite.o)
 .comment       0x00000000       0x24 f:/altera/nios2eds/bin/gnu/h-i686-mingw32/bin/../lib/gcc/nios2-elf/4.7.3/../../../../../H-i686-mingw32/nios2-elf/lib/mno-hw-mul\libc.a(lib_a-impure.o)
 .comment       0x00000000       0x24 f:/altera/nios2eds/bin/gnu/h-i686-mingw32/bin/../lib/gcc/nios2-elf/4.7.3/../../../../../H-i686-mingw32/nios2-elf/lib/mno-hw-mul\libc.a(lib_a-int_errno.o)
 .comment       0x00000000       0x24 f:/altera/nios2eds/bin/gnu/h-i686-mingw32/bin/../lib/gcc/nios2-elf/4.7.3/../../../../../H-i686-mingw32/nios2-elf/lib/mno-hw-mul\libc.a(lib_a-memchr.o)
 .comment       0x00000000       0x24 f:/altera/nios2eds/bin/gnu/h-i686-mingw32/bin/../lib/gcc/nios2-elf/4.7.3/../../../../../H-i686-mingw32/nios2-elf/lib/mno-hw-mul\libc.a(lib_a-memcpy.o)
 .comment       0x00000000       0x24 f:/altera/nios2eds/bin/gnu/h-i686-mingw32/bin/../lib/gcc/nios2-elf/4.7.3/../../../../../H-i686-mingw32/nios2-elf/lib/mno-hw-mul\libc.a(lib_a-memmove.o)
 .comment       0x00000000       0x24 f:/altera/nios2eds/bin/gnu/h-i686-mingw32/bin/../lib/gcc/nios2-elf/4.7.3/../../../../../H-i686-mingw32/nios2-elf/lib/mno-hw-mul\libc.a(lib_a-reallocr.o)
 .comment       0x00000000       0x24 f:/altera/nios2eds/bin/gnu/h-i686-mingw32/bin/../lib/gcc/nios2-elf/4.7.3/../../../../../H-i686-mingw32/nios2-elf/lib/mno-hw-mul\libc.a(lib_a-wsetup.o)
 .comment       0x00000000       0x24 f:/altera/nios2eds/bin/gnu/h-i686-mingw32/bin/../lib/gcc/nios2-elf/4.7.3/../../../../../H-i686-mingw32/nios2-elf/lib/mno-hw-mul\libc.a(lib_a-fflush.o)
 .comment       0x00000000       0x24 f:/altera/nios2eds/bin/gnu/h-i686-mingw32/bin/../lib/gcc/nios2-elf/4.7.3/../../../../../H-i686-mingw32/nios2-elf/lib/mno-hw-mul\libc.a(lib_a-findfp.o)
 .comment       0x00000000       0x24 f:/altera/nios2eds/bin/gnu/h-i686-mingw32/bin/../lib/gcc/nios2-elf/4.7.3/../../../../../H-i686-mingw32/nios2-elf/lib/mno-hw-mul\libc.a(lib_a-fwalk.o)
 .comment       0x00000000       0x24 f:/altera/nios2eds/bin/gnu/h-i686-mingw32/bin/../lib/gcc/nios2-elf/4.7.3/../../../../../H-i686-mingw32/nios2-elf/lib/mno-hw-mul\libc.a(lib_a-makebuf.o)
 .comment       0x00000000       0x24 f:/altera/nios2eds/bin/gnu/h-i686-mingw32/bin/../lib/gcc/nios2-elf/4.7.3/../../../../../H-i686-mingw32/nios2-elf/lib/mno-hw-mul\libc.a(lib_a-memset.o)
 .comment       0x00000000       0x24 f:/altera/nios2eds/bin/gnu/h-i686-mingw32/bin/../lib/gcc/nios2-elf/4.7.3/../../../../../H-i686-mingw32/nios2-elf/lib/mno-hw-mul\libc.a(lib_a-stdio.o)
 .comment       0x00000000       0x24 f:/altera/nios2eds/bin/gnu/h-i686-mingw32/bin/../lib/gcc/nios2-elf/4.7.3/../../../../../H-i686-mingw32/nios2-elf/lib/mno-hw-mul\libc.a(lib_a-writer.o)
 .comment       0x00000000       0x24 f:/altera/nios2eds/bin/gnu/h-i686-mingw32/bin/../lib/gcc/nios2-elf/4.7.3/../../../../../H-i686-mingw32/nios2-elf/lib/mno-hw-mul\libc.a(lib_a-closer.o)
 .comment       0x00000000       0x24 f:/altera/nios2eds/bin/gnu/h-i686-mingw32/bin/../lib/gcc/nios2-elf/4.7.3/../../../../../H-i686-mingw32/nios2-elf/lib/mno-hw-mul\libc.a(lib_a-fclose.o)
 .comment       0x00000000       0x24 f:/altera/nios2eds/bin/gnu/h-i686-mingw32/bin/../lib/gcc/nios2-elf/4.7.3/../../../../../H-i686-mingw32/nios2-elf/lib/mno-hw-mul\libc.a(lib_a-fstatr.o)
 .comment       0x00000000       0x24 f:/altera/nios2eds/bin/gnu/h-i686-mingw32/bin/../lib/gcc/nios2-elf/4.7.3/../../../../../H-i686-mingw32/nios2-elf/lib/mno-hw-mul\libc.a(lib_a-isattyr.o)
 .comment       0x00000000       0x24 f:/altera/nios2eds/bin/gnu/h-i686-mingw32/bin/../lib/gcc/nios2-elf/4.7.3/../../../../../H-i686-mingw32/nios2-elf/lib/mno-hw-mul\libc.a(lib_a-lseekr.o)
 .comment       0x00000000       0x24 f:/altera/nios2eds/bin/gnu/h-i686-mingw32/bin/../lib/gcc/nios2-elf/4.7.3/../../../../../H-i686-mingw32/nios2-elf/lib/mno-hw-mul\libc.a(lib_a-readr.o)
 .comment       0x00000000       0x24 f:/altera/nios2eds/bin/gnu/h-i686-mingw32/bin/../lib/gcc/nios2-elf/4.7.3/mno-hw-mul\libgcc.a(lib2-mul.o)
 .comment       0x00000000       0x24 ../cpu3_bsp/\libhal_bsp.a(alt_close.o)
 .comment       0x00000000       0x24 ../cpu3_bsp/\libhal_bsp.a(alt_dev.o)
 .comment       0x00000000       0x24 ../cpu3_bsp/\libhal_bsp.a(alt_errno.o)
 .comment       0x00000000       0x24 ../cpu3_bsp/\libhal_bsp.a(alt_fstat.o)
 .comment       0x00000000       0x24 ../cpu3_bsp/\libhal_bsp.a(alt_isatty.o)
 .comment       0x00000000       0x24 ../cpu3_bsp/\libhal_bsp.a(alt_load.o)
 .comment       0x00000000       0x24 ../cpu3_bsp/\libhal_bsp.a(alt_lseek.o)
 .comment       0x00000000       0x24 ../cpu3_bsp/\libhal_bsp.a(alt_main.o)
 .comment       0x00000000       0x24 ../cpu3_bsp/\libhal_bsp.a(alt_malloc_lock.o)
 .comment       0x00000000       0x24 ../cpu3_bsp/\libhal_bsp.a(alt_read.o)
 .comment       0x00000000       0x24 ../cpu3_bsp/\libhal_bsp.a(alt_release_fd.o)
 .comment       0x00000000       0x24 ../cpu3_bsp/\libhal_bsp.a(alt_sbrk.o)
 .comment       0x00000000       0x24 ../cpu3_bsp/\libhal_bsp.a(alt_write.o)
 .comment       0x00000000       0x24 ../cpu3_bsp/\libhal_bsp.a(alt_sys_init.o)
 .comment       0x00000000       0x24 ../cpu3_bsp/\libhal_bsp.a(altera_avalon_fifo_util.o)
 .comment       0x00000000       0x24 ../cpu3_bsp/\libhal_bsp.a(altera_avalon_jtag_uart_fd.o)
 .comment       0x00000000       0x24 ../cpu3_bsp/\libhal_bsp.a(altera_avalon_jtag_uart_init.o)
 .comment       0x00000000       0x24 ../cpu3_bsp/\libhal_bsp.a(altera_avalon_jtag_uart_ioctl.o)
 .comment       0x00000000       0x24 ../cpu3_bsp/\libhal_bsp.a(altera_avalon_jtag_uart_read.o)
 .comment       0x00000000       0x24 ../cpu3_bsp/\libhal_bsp.a(altera_avalon_jtag_uart_write.o)
 .comment       0x00000000       0x24 ../cpu3_bsp/\libhal_bsp.a(altera_avalon_timer_sc.o)
 .comment       0x00000000       0x24 ../cpu3_bsp/\libhal_bsp.a(altera_hostfs.o)
 .comment       0x00000000       0x24 ../cpu3_bsp/\libhal_bsp.a(alt_alarm_start.o)
 .comment       0x00000000       0x24 ../cpu3_bsp/\libhal_bsp.a(alt_dcache_flush_all.o)
 .comment       0x00000000       0x24 ../cpu3_bsp/\libhal_bsp.a(alt_dev_llist_insert.o)
 .comment       0x00000000       0x24 ../cpu3_bsp/\libhal_bsp.a(alt_do_ctors.o)
 .comment       0x00000000       0x24 ../cpu3_bsp/\libhal_bsp.a(alt_do_dtors.o)
 .comment       0x00000000       0x24 ../cpu3_bsp/\libhal_bsp.a(alt_fs_reg.o)
 .comment       0x00000000       0x24 ../cpu3_bsp/\libhal_bsp.a(alt_icache_flush_all.o)
 .comment       0x00000000       0x24 ../cpu3_bsp/\libhal_bsp.a(alt_iic.o)
 .comment       0x00000000       0x24 ../cpu3_bsp/\libhal_bsp.a(alt_iic_isr_register.o)
 .comment       0x00000000       0x24 ../cpu3_bsp/\libhal_bsp.a(alt_io_redirect.o)
 .comment       0x00000000       0x24 ../cpu3_bsp/\libhal_bsp.a(alt_irq_handler.o)
 .comment       0x00000000       0x24 ../cpu3_bsp/\libhal_bsp.a(alt_irq_vars.o)
 .comment       0x00000000       0x24 ../cpu3_bsp/\libhal_bsp.a(alt_open.o)
 .comment       0x00000000       0x24 ../cpu3_bsp/\libhal_bsp.a(alt_tick.o)
 .comment       0x00000000       0x24 ../cpu3_bsp/\libhal_bsp.a(altera_nios2_qsys_irq.o)
 .comment       0x00000000       0x24 ../cpu3_bsp/\libhal_bsp.a(alt_find_dev.o)
 .comment       0x00000000       0x24 ../cpu3_bsp/\libhal_bsp.a(alt_find_file.o)
 .comment       0x00000000       0x24 ../cpu3_bsp/\libhal_bsp.a(alt_get_fd.o)
 .comment       0x00000000       0x24 f:/altera/nios2eds/bin/gnu/h-i686-mingw32/bin/../lib/gcc/nios2-elf/4.7.3/../../../../../H-i686-mingw32/nios2-elf/lib/mno-hw-mul\libc.a(lib_a-atexit.o)
 .comment       0x00000000       0x24 f:/altera/nios2eds/bin/gnu/h-i686-mingw32/bin/../lib/gcc/nios2-elf/4.7.3/../../../../../H-i686-mingw32/nios2-elf/lib/mno-hw-mul\libc.a(lib_a-exit.o)
 .comment       0x00000000       0x24 f:/altera/nios2eds/bin/gnu/h-i686-mingw32/bin/../lib/gcc/nios2-elf/4.7.3/../../../../../H-i686-mingw32/nios2-elf/lib/mno-hw-mul\libc.a(lib_a-memcmp.o)
 .comment       0x00000000       0x24 f:/altera/nios2eds/bin/gnu/h-i686-mingw32/bin/../lib/gcc/nios2-elf/4.7.3/../../../../../H-i686-mingw32/nios2-elf/lib/mno-hw-mul\libc.a(lib_a-__atexit.o)
 .comment       0x00000000       0x24 f:/altera/nios2eds/bin/gnu/h-i686-mingw32/bin/../lib/gcc/nios2-elf/4.7.3/../../../../../H-i686-mingw32/nios2-elf/lib/mno-hw-mul\libc.a(lib_a-__call_atexit.o)
 .comment       0x00000000       0x24 ../cpu3_bsp/\libhal_bsp.a(alt_exit.o)

.debug
 *(.debug)

.line
 *(.line)

.debug_srcinfo
 *(.debug_srcinfo)

.debug_sfnames
 *(.debug_sfnames)

.debug_aranges  0x00000000      0x9f0
 *(.debug_aranges)
 .debug_aranges
                0x00000000       0x28 ../cpu3_bsp//obj/HAL/src/crt0.o
 .debug_aranges
                0x00000028       0x20 obj/default/FIFO.o
 .debug_aranges
                0x00000048       0x20 obj/default/dct.o
 .debug_aranges
                0x00000068       0x20 f:/altera/nios2eds/bin/gnu/h-i686-mingw32/bin/../lib/gcc/nios2-elf/4.7.3/../../../../../H-i686-mingw32/nios2-elf/lib/mno-hw-mul\libc.a(lib_a-malloc.o)
 .debug_aranges
                0x00000088       0x20 f:/altera/nios2eds/bin/gnu/h-i686-mingw32/bin/../lib/gcc/nios2-elf/4.7.3/../../../../../H-i686-mingw32/nios2-elf/lib/mno-hw-mul\libc.a(lib_a-mallocr.o)
 .debug_aranges
                0x000000a8       0x20 f:/altera/nios2eds/bin/gnu/h-i686-mingw32/bin/../lib/gcc/nios2-elf/4.7.3/../../../../../H-i686-mingw32/nios2-elf/lib/mno-hw-mul\libc.a(lib_a-puts.o)
 .debug_aranges
                0x000000c8       0x20 f:/altera/nios2eds/bin/gnu/h-i686-mingw32/bin/../lib/gcc/nios2-elf/4.7.3/../../../../../H-i686-mingw32/nios2-elf/lib/mno-hw-mul\libc.a(lib_a-sbrkr.o)
 .debug_aranges
                0x000000e8       0x20 f:/altera/nios2eds/bin/gnu/h-i686-mingw32/bin/../lib/gcc/nios2-elf/4.7.3/../../../../../H-i686-mingw32/nios2-elf/lib/mno-hw-mul\libc.a(lib_a-strlen.o)
 .debug_aranges
                0x00000108       0x20 f:/altera/nios2eds/bin/gnu/h-i686-mingw32/bin/../lib/gcc/nios2-elf/4.7.3/../../../../../H-i686-mingw32/nios2-elf/lib/mno-hw-mul\libc.a(lib_a-freer.o)
 .debug_aranges
                0x00000128       0x20 f:/altera/nios2eds/bin/gnu/h-i686-mingw32/bin/../lib/gcc/nios2-elf/4.7.3/../../../../../H-i686-mingw32/nios2-elf/lib/mno-hw-mul\libc.a(lib_a-fvwrite.o)
 .debug_aranges
                0x00000148       0x18 f:/altera/nios2eds/bin/gnu/h-i686-mingw32/bin/../lib/gcc/nios2-elf/4.7.3/../../../../../H-i686-mingw32/nios2-elf/lib/mno-hw-mul\libc.a(lib_a-impure.o)
 .debug_aranges
                0x00000160       0x18 f:/altera/nios2eds/bin/gnu/h-i686-mingw32/bin/../lib/gcc/nios2-elf/4.7.3/../../../../../H-i686-mingw32/nios2-elf/lib/mno-hw-mul\libc.a(lib_a-int_errno.o)
 .debug_aranges
                0x00000178       0x20 f:/altera/nios2eds/bin/gnu/h-i686-mingw32/bin/../lib/gcc/nios2-elf/4.7.3/../../../../../H-i686-mingw32/nios2-elf/lib/mno-hw-mul\libc.a(lib_a-memchr.o)
 .debug_aranges
                0x00000198       0x20 f:/altera/nios2eds/bin/gnu/h-i686-mingw32/bin/../lib/gcc/nios2-elf/4.7.3/../../../../../H-i686-mingw32/nios2-elf/lib/mno-hw-mul\libc.a(lib_a-memcpy.o)
 .debug_aranges
                0x000001b8       0x20 f:/altera/nios2eds/bin/gnu/h-i686-mingw32/bin/../lib/gcc/nios2-elf/4.7.3/../../../../../H-i686-mingw32/nios2-elf/lib/mno-hw-mul\libc.a(lib_a-memmove.o)
 .debug_aranges
                0x000001d8       0x20 f:/altera/nios2eds/bin/gnu/h-i686-mingw32/bin/../lib/gcc/nios2-elf/4.7.3/../../../../../H-i686-mingw32/nios2-elf/lib/mno-hw-mul\libc.a(lib_a-reallocr.o)
 .debug_aranges
                0x000001f8       0x20 f:/altera/nios2eds/bin/gnu/h-i686-mingw32/bin/../lib/gcc/nios2-elf/4.7.3/../../../../../H-i686-mingw32/nios2-elf/lib/mno-hw-mul\libc.a(lib_a-wsetup.o)
 .debug_aranges
                0x00000218       0x20 f:/altera/nios2eds/bin/gnu/h-i686-mingw32/bin/../lib/gcc/nios2-elf/4.7.3/../../../../../H-i686-mingw32/nios2-elf/lib/mno-hw-mul\libc.a(lib_a-fflush.o)
 .debug_aranges
                0x00000238       0x20 f:/altera/nios2eds/bin/gnu/h-i686-mingw32/bin/../lib/gcc/nios2-elf/4.7.3/../../../../../H-i686-mingw32/nios2-elf/lib/mno-hw-mul\libc.a(lib_a-findfp.o)
 .debug_aranges
                0x00000258       0x20 f:/altera/nios2eds/bin/gnu/h-i686-mingw32/bin/../lib/gcc/nios2-elf/4.7.3/../../../../../H-i686-mingw32/nios2-elf/lib/mno-hw-mul\libc.a(lib_a-fwalk.o)
 .debug_aranges
                0x00000278       0x20 f:/altera/nios2eds/bin/gnu/h-i686-mingw32/bin/../lib/gcc/nios2-elf/4.7.3/../../../../../H-i686-mingw32/nios2-elf/lib/mno-hw-mul\libc.a(lib_a-makebuf.o)
 .debug_aranges
                0x00000298       0x20 f:/altera/nios2eds/bin/gnu/h-i686-mingw32/bin/../lib/gcc/nios2-elf/4.7.3/../../../../../H-i686-mingw32/nios2-elf/lib/mno-hw-mul\libc.a(lib_a-memset.o)
 .debug_aranges
                0x000002b8       0x20 f:/altera/nios2eds/bin/gnu/h-i686-mingw32/bin/../lib/gcc/nios2-elf/4.7.3/../../../../../H-i686-mingw32/nios2-elf/lib/mno-hw-mul\libc.a(lib_a-stdio.o)
 .debug_aranges
                0x000002d8       0x20 f:/altera/nios2eds/bin/gnu/h-i686-mingw32/bin/../lib/gcc/nios2-elf/4.7.3/../../../../../H-i686-mingw32/nios2-elf/lib/mno-hw-mul\libc.a(lib_a-writer.o)
 .debug_aranges
                0x000002f8       0x20 f:/altera/nios2eds/bin/gnu/h-i686-mingw32/bin/../lib/gcc/nios2-elf/4.7.3/../../../../../H-i686-mingw32/nios2-elf/lib/mno-hw-mul\libc.a(lib_a-closer.o)
 .debug_aranges
                0x00000318       0x20 f:/altera/nios2eds/bin/gnu/h-i686-mingw32/bin/../lib/gcc/nios2-elf/4.7.3/../../../../../H-i686-mingw32/nios2-elf/lib/mno-hw-mul\libc.a(lib_a-fclose.o)
 .debug_aranges
                0x00000338       0x20 f:/altera/nios2eds/bin/gnu/h-i686-mingw32/bin/../lib/gcc/nios2-elf/4.7.3/../../../../../H-i686-mingw32/nios2-elf/lib/mno-hw-mul\libc.a(lib_a-fstatr.o)
 .debug_aranges
                0x00000358       0x20 f:/altera/nios2eds/bin/gnu/h-i686-mingw32/bin/../lib/gcc/nios2-elf/4.7.3/../../../../../H-i686-mingw32/nios2-elf/lib/mno-hw-mul\libc.a(lib_a-isattyr.o)
 .debug_aranges
                0x00000378       0x20 f:/altera/nios2eds/bin/gnu/h-i686-mingw32/bin/../lib/gcc/nios2-elf/4.7.3/../../../../../H-i686-mingw32/nios2-elf/lib/mno-hw-mul\libc.a(lib_a-lseekr.o)
 .debug_aranges
                0x00000398       0x20 f:/altera/nios2eds/bin/gnu/h-i686-mingw32/bin/../lib/gcc/nios2-elf/4.7.3/../../../../../H-i686-mingw32/nios2-elf/lib/mno-hw-mul\libc.a(lib_a-readr.o)
 .debug_aranges
                0x000003b8       0x20 f:/altera/nios2eds/bin/gnu/h-i686-mingw32/bin/../lib/gcc/nios2-elf/4.7.3/mno-hw-mul\libgcc.a(lib2-mul.o)
 .debug_aranges
                0x000003d8       0x20 ../cpu3_bsp/\libhal_bsp.a(alt_close.o)
 .debug_aranges
                0x000003f8       0x20 ../cpu3_bsp/\libhal_bsp.a(alt_dev.o)
 .debug_aranges
                0x00000418       0x18 ../cpu3_bsp/\libhal_bsp.a(alt_errno.o)
 .debug_aranges
                0x00000430       0x20 ../cpu3_bsp/\libhal_bsp.a(alt_fstat.o)
 .debug_aranges
                0x00000450       0x20 ../cpu3_bsp/\libhal_bsp.a(alt_isatty.o)
 .debug_aranges
                0x00000470       0x20 ../cpu3_bsp/\libhal_bsp.a(alt_load.o)
 .debug_aranges
                0x00000490       0x20 ../cpu3_bsp/\libhal_bsp.a(alt_lseek.o)
 .debug_aranges
                0x000004b0       0x20 ../cpu3_bsp/\libhal_bsp.a(alt_main.o)
 .debug_aranges
                0x000004d0       0x20 ../cpu3_bsp/\libhal_bsp.a(alt_malloc_lock.o)
 .debug_aranges
                0x000004f0       0x20 ../cpu3_bsp/\libhal_bsp.a(alt_read.o)
 .debug_aranges
                0x00000510       0x20 ../cpu3_bsp/\libhal_bsp.a(alt_release_fd.o)
 .debug_aranges
                0x00000530       0x20 ../cpu3_bsp/\libhal_bsp.a(alt_sbrk.o)
 .debug_aranges
                0x00000550       0x20 ../cpu3_bsp/\libhal_bsp.a(alt_write.o)
 .debug_aranges
                0x00000570       0x20 ../cpu3_bsp/\libhal_bsp.a(alt_sys_init.o)
 .debug_aranges
                0x00000590       0x20 ../cpu3_bsp/\libhal_bsp.a(altera_avalon_fifo_util.o)
 .debug_aranges
                0x000005b0       0x20 ../cpu3_bsp/\libhal_bsp.a(altera_avalon_jtag_uart_fd.o)
 .debug_aranges
                0x000005d0       0x20 ../cpu3_bsp/\libhal_bsp.a(altera_avalon_jtag_uart_init.o)
 .debug_aranges
                0x000005f0       0x20 ../cpu3_bsp/\libhal_bsp.a(altera_avalon_jtag_uart_ioctl.o)
 .debug_aranges
                0x00000610       0x20 ../cpu3_bsp/\libhal_bsp.a(altera_avalon_jtag_uart_read.o)
 .debug_aranges
                0x00000630       0x20 ../cpu3_bsp/\libhal_bsp.a(altera_avalon_jtag_uart_write.o)
 .debug_aranges
                0x00000650       0x20 ../cpu3_bsp/\libhal_bsp.a(altera_avalon_timer_sc.o)
 .debug_aranges
                0x00000670       0x20 ../cpu3_bsp/\libhal_bsp.a(altera_hostfs.o)
 .debug_aranges
                0x00000690       0x20 ../cpu3_bsp/\libhal_bsp.a(alt_alarm_start.o)
 .debug_aranges
                0x000006b0       0x20 ../cpu3_bsp/\libhal_bsp.a(alt_dcache_flush_all.o)
 .debug_aranges
                0x000006d0       0x20 ../cpu3_bsp/\libhal_bsp.a(alt_dev_llist_insert.o)
 .debug_aranges
                0x000006f0       0x20 ../cpu3_bsp/\libhal_bsp.a(alt_do_ctors.o)
 .debug_aranges
                0x00000710       0x20 ../cpu3_bsp/\libhal_bsp.a(alt_do_dtors.o)
 .debug_aranges
                0x00000730       0x20 ../cpu3_bsp/\libhal_bsp.a(alt_fs_reg.o)
 .debug_aranges
                0x00000750       0x20 ../cpu3_bsp/\libhal_bsp.a(alt_icache_flush_all.o)
 .debug_aranges
                0x00000770       0x20 ../cpu3_bsp/\libhal_bsp.a(alt_iic.o)
 .debug_aranges
                0x00000790       0x20 ../cpu3_bsp/\libhal_bsp.a(alt_iic_isr_register.o)
 .debug_aranges
                0x000007b0       0x20 ../cpu3_bsp/\libhal_bsp.a(alt_io_redirect.o)
 .debug_aranges
                0x000007d0       0x30 ../cpu3_bsp/\libhal_bsp.a(alt_irq_entry.o)
 .debug_aranges
                0x00000800       0x20 ../cpu3_bsp/\libhal_bsp.a(alt_irq_handler.o)
 .debug_aranges
                0x00000820       0x18 ../cpu3_bsp/\libhal_bsp.a(alt_irq_vars.o)
 .debug_aranges
                0x00000838       0x20 ../cpu3_bsp/\libhal_bsp.a(alt_open.o)
 .debug_aranges
                0x00000858       0x20 ../cpu3_bsp/\libhal_bsp.a(alt_tick.o)
 .debug_aranges
                0x00000878       0x20 ../cpu3_bsp/\libhal_bsp.a(altera_nios2_qsys_irq.o)
 .debug_aranges
                0x00000898       0x38 ../cpu3_bsp/\libhal_bsp.a(alt_exception_entry.o)
 .debug_aranges
                0x000008d0       0x20 ../cpu3_bsp/\libhal_bsp.a(alt_find_dev.o)
 .debug_aranges
                0x000008f0       0x20 ../cpu3_bsp/\libhal_bsp.a(alt_find_file.o)
 .debug_aranges
                0x00000910       0x20 ../cpu3_bsp/\libhal_bsp.a(alt_get_fd.o)
 .debug_aranges
                0x00000930       0x20 f:/altera/nios2eds/bin/gnu/h-i686-mingw32/bin/../lib/gcc/nios2-elf/4.7.3/../../../../../H-i686-mingw32/nios2-elf/lib/mno-hw-mul\libc.a(lib_a-atexit.o)
 .debug_aranges
                0x00000950       0x20 f:/altera/nios2eds/bin/gnu/h-i686-mingw32/bin/../lib/gcc/nios2-elf/4.7.3/../../../../../H-i686-mingw32/nios2-elf/lib/mno-hw-mul\libc.a(lib_a-exit.o)
 .debug_aranges
                0x00000970       0x20 f:/altera/nios2eds/bin/gnu/h-i686-mingw32/bin/../lib/gcc/nios2-elf/4.7.3/../../../../../H-i686-mingw32/nios2-elf/lib/mno-hw-mul\libc.a(lib_a-memcmp.o)
 .debug_aranges
                0x00000990       0x20 f:/altera/nios2eds/bin/gnu/h-i686-mingw32/bin/../lib/gcc/nios2-elf/4.7.3/../../../../../H-i686-mingw32/nios2-elf/lib/mno-hw-mul\libc.a(lib_a-__atexit.o)
 .debug_aranges
                0x000009b0       0x20 f:/altera/nios2eds/bin/gnu/h-i686-mingw32/bin/../lib/gcc/nios2-elf/4.7.3/../../../../../H-i686-mingw32/nios2-elf/lib/mno-hw-mul\libc.a(lib_a-__call_atexit.o)
 .debug_aranges
                0x000009d0       0x20 ../cpu3_bsp/\libhal_bsp.a(alt_exit.o)

.debug_pubnames
 *(.debug_pubnames)

.debug_info     0x00000000    0x196bd
 *(.debug_info .gnu.linkonce.wi.*)
 .debug_info    0x00000000       0x99 ../cpu3_bsp//obj/HAL/src/crt0.o
 .debug_info    0x00000099      0x133 obj/default/FIFO.o
 .debug_info    0x000001cc      0x1e0 obj/default/dct.o
 .debug_info    0x000003ac      0x9c9 f:/altera/nios2eds/bin/gnu/h-i686-mingw32/bin/../lib/gcc/nios2-elf/4.7.3/../../../../../H-i686-mingw32/nios2-elf/lib/mno-hw-mul\libc.a(lib_a-malloc.o)
 .debug_info    0x00000d75      0xe44 f:/altera/nios2eds/bin/gnu/h-i686-mingw32/bin/../lib/gcc/nios2-elf/4.7.3/../../../../../H-i686-mingw32/nios2-elf/lib/mno-hw-mul\libc.a(lib_a-mallocr.o)
 .debug_info    0x00001bb9      0xab7 f:/altera/nios2eds/bin/gnu/h-i686-mingw32/bin/../lib/gcc/nios2-elf/4.7.3/../../../../../H-i686-mingw32/nios2-elf/lib/mno-hw-mul\libc.a(lib_a-puts.o)
 .debug_info    0x00002670      0x9a3 f:/altera/nios2eds/bin/gnu/h-i686-mingw32/bin/../lib/gcc/nios2-elf/4.7.3/../../../../../H-i686-mingw32/nios2-elf/lib/mno-hw-mul\libc.a(lib_a-sbrkr.o)
 .debug_info    0x00003013       0xdf f:/altera/nios2eds/bin/gnu/h-i686-mingw32/bin/../lib/gcc/nios2-elf/4.7.3/../../../../../H-i686-mingw32/nios2-elf/lib/mno-hw-mul\libc.a(lib_a-strlen.o)
 .debug_info    0x000030f2      0xcf9 f:/altera/nios2eds/bin/gnu/h-i686-mingw32/bin/../lib/gcc/nios2-elf/4.7.3/../../../../../H-i686-mingw32/nios2-elf/lib/mno-hw-mul\libc.a(lib_a-freer.o)
 .debug_info    0x00003deb      0xd05 f:/altera/nios2eds/bin/gnu/h-i686-mingw32/bin/../lib/gcc/nios2-elf/4.7.3/../../../../../H-i686-mingw32/nios2-elf/lib/mno-hw-mul\libc.a(lib_a-fvwrite.o)
 .debug_info    0x00004af0      0x938 f:/altera/nios2eds/bin/gnu/h-i686-mingw32/bin/../lib/gcc/nios2-elf/4.7.3/../../../../../H-i686-mingw32/nios2-elf/lib/mno-hw-mul\libc.a(lib_a-impure.o)
 .debug_info    0x00005428       0x84 f:/altera/nios2eds/bin/gnu/h-i686-mingw32/bin/../lib/gcc/nios2-elf/4.7.3/../../../../../H-i686-mingw32/nios2-elf/lib/mno-hw-mul\libc.a(lib_a-int_errno.o)
 .debug_info    0x000054ac      0x13e f:/altera/nios2eds/bin/gnu/h-i686-mingw32/bin/../lib/gcc/nios2-elf/4.7.3/../../../../../H-i686-mingw32/nios2-elf/lib/mno-hw-mul\libc.a(lib_a-memchr.o)
 .debug_info    0x000055ea      0x10f f:/altera/nios2eds/bin/gnu/h-i686-mingw32/bin/../lib/gcc/nios2-elf/4.7.3/../../../../../H-i686-mingw32/nios2-elf/lib/mno-hw-mul\libc.a(lib_a-memcpy.o)
 .debug_info    0x000056f9      0x147 f:/altera/nios2eds/bin/gnu/h-i686-mingw32/bin/../lib/gcc/nios2-elf/4.7.3/../../../../../H-i686-mingw32/nios2-elf/lib/mno-hw-mul\libc.a(lib_a-memmove.o)
 .debug_info    0x00005840      0xd8e f:/altera/nios2eds/bin/gnu/h-i686-mingw32/bin/../lib/gcc/nios2-elf/4.7.3/../../../../../H-i686-mingw32/nios2-elf/lib/mno-hw-mul\libc.a(lib_a-reallocr.o)
 .debug_info    0x000065ce      0x9d4 f:/altera/nios2eds/bin/gnu/h-i686-mingw32/bin/../lib/gcc/nios2-elf/4.7.3/../../../../../H-i686-mingw32/nios2-elf/lib/mno-hw-mul\libc.a(lib_a-wsetup.o)
 .debug_info    0x00006fa2      0xad0 f:/altera/nios2eds/bin/gnu/h-i686-mingw32/bin/../lib/gcc/nios2-elf/4.7.3/../../../../../H-i686-mingw32/nios2-elf/lib/mno-hw-mul\libc.a(lib_a-fflush.o)
 .debug_info    0x00007a72      0xd6e f:/altera/nios2eds/bin/gnu/h-i686-mingw32/bin/../lib/gcc/nios2-elf/4.7.3/../../../../../H-i686-mingw32/nios2-elf/lib/mno-hw-mul\libc.a(lib_a-findfp.o)
 .debug_info    0x000087e0      0xb72 f:/altera/nios2eds/bin/gnu/h-i686-mingw32/bin/../lib/gcc/nios2-elf/4.7.3/../../../../../H-i686-mingw32/nios2-elf/lib/mno-hw-mul\libc.a(lib_a-fwalk.o)
 .debug_info    0x00009352      0xbc2 f:/altera/nios2eds/bin/gnu/h-i686-mingw32/bin/../lib/gcc/nios2-elf/4.7.3/../../../../../H-i686-mingw32/nios2-elf/lib/mno-hw-mul\libc.a(lib_a-makebuf.o)
 .debug_info    0x00009f14      0x117 f:/altera/nios2eds/bin/gnu/h-i686-mingw32/bin/../lib/gcc/nios2-elf/4.7.3/../../../../../H-i686-mingw32/nios2-elf/lib/mno-hw-mul\libc.a(lib_a-memset.o)
 .debug_info    0x0000a02b      0xbfd f:/altera/nios2eds/bin/gnu/h-i686-mingw32/bin/../lib/gcc/nios2-elf/4.7.3/../../../../../H-i686-mingw32/nios2-elf/lib/mno-hw-mul\libc.a(lib_a-stdio.o)
 .debug_info    0x0000ac28      0x9d2 f:/altera/nios2eds/bin/gnu/h-i686-mingw32/bin/../lib/gcc/nios2-elf/4.7.3/../../../../../H-i686-mingw32/nios2-elf/lib/mno-hw-mul\libc.a(lib_a-writer.o)
 .debug_info    0x0000b5fa      0x97f f:/altera/nios2eds/bin/gnu/h-i686-mingw32/bin/../lib/gcc/nios2-elf/4.7.3/../../../../../H-i686-mingw32/nios2-elf/lib/mno-hw-mul\libc.a(lib_a-closer.o)
 .debug_info    0x0000bf79      0xa97 f:/altera/nios2eds/bin/gnu/h-i686-mingw32/bin/../lib/gcc/nios2-elf/4.7.3/../../../../../H-i686-mingw32/nios2-elf/lib/mno-hw-mul\libc.a(lib_a-fclose.o)
 .debug_info    0x0000ca10      0xb2f f:/altera/nios2eds/bin/gnu/h-i686-mingw32/bin/../lib/gcc/nios2-elf/4.7.3/../../../../../H-i686-mingw32/nios2-elf/lib/mno-hw-mul\libc.a(lib_a-fstatr.o)
 .debug_info    0x0000d53f      0x97f f:/altera/nios2eds/bin/gnu/h-i686-mingw32/bin/../lib/gcc/nios2-elf/4.7.3/../../../../../H-i686-mingw32/nios2-elf/lib/mno-hw-mul\libc.a(lib_a-isattyr.o)
 .debug_info    0x0000debe      0x9cb f:/altera/nios2eds/bin/gnu/h-i686-mingw32/bin/../lib/gcc/nios2-elf/4.7.3/../../../../../H-i686-mingw32/nios2-elf/lib/mno-hw-mul\libc.a(lib_a-lseekr.o)
 .debug_info    0x0000e889      0x9cb f:/altera/nios2eds/bin/gnu/h-i686-mingw32/bin/../lib/gcc/nios2-elf/4.7.3/../../../../../H-i686-mingw32/nios2-elf/lib/mno-hw-mul\libc.a(lib_a-readr.o)
 .debug_info    0x0000f254       0xb8 f:/altera/nios2eds/bin/gnu/h-i686-mingw32/bin/../lib/gcc/nios2-elf/4.7.3/mno-hw-mul\libgcc.a(lib2-mul.o)
 .debug_info    0x0000f30c      0x350 ../cpu3_bsp/\libhal_bsp.a(alt_close.o)
 .debug_info    0x0000f65c      0x4e3 ../cpu3_bsp/\libhal_bsp.a(alt_dev.o)
 .debug_info    0x0000fb3f       0xa3 ../cpu3_bsp/\libhal_bsp.a(alt_errno.o)
 .debug_info    0x0000fbe2      0x4d8 ../cpu3_bsp/\libhal_bsp.a(alt_fstat.o)
 .debug_info    0x000100ba      0x4db ../cpu3_bsp/\libhal_bsp.a(alt_isatty.o)
 .debug_info    0x00010595      0x135 ../cpu3_bsp/\libhal_bsp.a(alt_load.o)
 .debug_info    0x000106ca      0x381 ../cpu3_bsp/\libhal_bsp.a(alt_lseek.o)
 .debug_info    0x00010a4b      0x139 ../cpu3_bsp/\libhal_bsp.a(alt_main.o)
 .debug_info    0x00010b84      0x950 ../cpu3_bsp/\libhal_bsp.a(alt_malloc_lock.o)
 .debug_info    0x000114d4      0x500 ../cpu3_bsp/\libhal_bsp.a(alt_read.o)
 .debug_info    0x000119d4      0x2dd ../cpu3_bsp/\libhal_bsp.a(alt_release_fd.o)
 .debug_info    0x00011cb1      0x1b2 ../cpu3_bsp/\libhal_bsp.a(alt_sbrk.o)
 .debug_info    0x00011e63      0x507 ../cpu3_bsp/\libhal_bsp.a(alt_write.o)
 .debug_info    0x0001236a      0x570 ../cpu3_bsp/\libhal_bsp.a(alt_sys_init.o)
 .debug_info    0x000128da      0x4b5 ../cpu3_bsp/\libhal_bsp.a(altera_avalon_fifo_util.o)
 .debug_info    0x00012d8f      0x58a ../cpu3_bsp/\libhal_bsp.a(altera_avalon_jtag_uart_fd.o)
 .debug_info    0x00013319      0x3d8 ../cpu3_bsp/\libhal_bsp.a(altera_avalon_jtag_uart_init.o)
 .debug_info    0x000136f1      0x2a9 ../cpu3_bsp/\libhal_bsp.a(altera_avalon_jtag_uart_ioctl.o)
 .debug_info    0x0001399a      0x371 ../cpu3_bsp/\libhal_bsp.a(altera_avalon_jtag_uart_read.o)
 .debug_info    0x00013d0b      0x36c ../cpu3_bsp/\libhal_bsp.a(altera_avalon_jtag_uart_write.o)
 .debug_info    0x00014077      0x235 ../cpu3_bsp/\libhal_bsp.a(altera_avalon_timer_sc.o)
 .debug_info    0x000142ac      0xa64 ../cpu3_bsp/\libhal_bsp.a(altera_hostfs.o)
 .debug_info    0x00014d10      0x2e4 ../cpu3_bsp/\libhal_bsp.a(alt_alarm_start.o)
 .debug_info    0x00014ff4       0x90 ../cpu3_bsp/\libhal_bsp.a(alt_dcache_flush_all.o)
 .debug_info    0x00015084      0x1b9 ../cpu3_bsp/\libhal_bsp.a(alt_dev_llist_insert.o)
 .debug_info    0x0001523d       0x8d ../cpu3_bsp/\libhal_bsp.a(alt_do_ctors.o)
 .debug_info    0x000152ca       0x8d ../cpu3_bsp/\libhal_bsp.a(alt_do_dtors.o)
 .debug_info    0x00015357      0x329 ../cpu3_bsp/\libhal_bsp.a(alt_fs_reg.o)
 .debug_info    0x00015680       0x90 ../cpu3_bsp/\libhal_bsp.a(alt_icache_flush_all.o)
 .debug_info    0x00015710      0x364 ../cpu3_bsp/\libhal_bsp.a(alt_iic.o)
 .debug_info    0x00015a74      0x1f6 ../cpu3_bsp/\libhal_bsp.a(alt_iic_isr_register.o)
 .debug_info    0x00015c6a      0x4f0 ../cpu3_bsp/\libhal_bsp.a(alt_io_redirect.o)
 .debug_info    0x0001615a       0xa2 ../cpu3_bsp/\libhal_bsp.a(alt_irq_entry.o)
 .debug_info    0x000161fc      0x190 ../cpu3_bsp/\libhal_bsp.a(alt_irq_handler.o)
 .debug_info    0x0001638c       0x8a ../cpu3_bsp/\libhal_bsp.a(alt_irq_vars.o)
 .debug_info    0x00016416      0x3f0 ../cpu3_bsp/\libhal_bsp.a(alt_open.o)
 .debug_info    0x00016806      0x2b1 ../cpu3_bsp/\libhal_bsp.a(alt_tick.o)
 .debug_info    0x00016ab7       0x90 ../cpu3_bsp/\libhal_bsp.a(altera_nios2_qsys_irq.o)
 .debug_info    0x00016b47       0xa8 ../cpu3_bsp/\libhal_bsp.a(alt_exception_entry.o)
 .debug_info    0x00016bef      0x30d ../cpu3_bsp/\libhal_bsp.a(alt_find_dev.o)
 .debug_info    0x00016efc      0x30c ../cpu3_bsp/\libhal_bsp.a(alt_find_file.o)
 .debug_info    0x00017208      0x339 ../cpu3_bsp/\libhal_bsp.a(alt_get_fd.o)
 .debug_info    0x00017541      0x1e6 f:/altera/nios2eds/bin/gnu/h-i686-mingw32/bin/../lib/gcc/nios2-elf/4.7.3/../../../../../H-i686-mingw32/nios2-elf/lib/mno-hw-mul\libc.a(lib_a-atexit.o)
 .debug_info    0x00017727      0x993 f:/altera/nios2eds/bin/gnu/h-i686-mingw32/bin/../lib/gcc/nios2-elf/4.7.3/../../../../../H-i686-mingw32/nios2-elf/lib/mno-hw-mul\libc.a(lib_a-exit.o)
 .debug_info    0x000180ba      0x117 f:/altera/nios2eds/bin/gnu/h-i686-mingw32/bin/../lib/gcc/nios2-elf/4.7.3/../../../../../H-i686-mingw32/nios2-elf/lib/mno-hw-mul\libc.a(lib_a-memcmp.o)
 .debug_info    0x000181d1      0x9f9 f:/altera/nios2eds/bin/gnu/h-i686-mingw32/bin/../lib/gcc/nios2-elf/4.7.3/../../../../../H-i686-mingw32/nios2-elf/lib/mno-hw-mul\libc.a(lib_a-__atexit.o)
 .debug_info    0x00018bca      0xa07 f:/altera/nios2eds/bin/gnu/h-i686-mingw32/bin/../lib/gcc/nios2-elf/4.7.3/../../../../../H-i686-mingw32/nios2-elf/lib/mno-hw-mul\libc.a(lib_a-__call_atexit.o)
 .debug_info    0x000195d1       0xec ../cpu3_bsp/\libhal_bsp.a(alt_exit.o)

.debug_abbrev   0x00000000     0x6127
 *(.debug_abbrev)
 .debug_abbrev  0x00000000       0x12 ../cpu3_bsp//obj/HAL/src/crt0.o
 .debug_abbrev  0x00000012       0x90 obj/default/FIFO.o
 .debug_abbrev  0x000000a2       0xe0 obj/default/dct.o
 .debug_abbrev  0x00000182      0x1dc f:/altera/nios2eds/bin/gnu/h-i686-mingw32/bin/../lib/gcc/nios2-elf/4.7.3/../../../../../H-i686-mingw32/nios2-elf/lib/mno-hw-mul\libc.a(lib_a-malloc.o)
 .debug_abbrev  0x0000035e      0x284 f:/altera/nios2eds/bin/gnu/h-i686-mingw32/bin/../lib/gcc/nios2-elf/4.7.3/../../../../../H-i686-mingw32/nios2-elf/lib/mno-hw-mul\libc.a(lib_a-mallocr.o)
 .debug_abbrev  0x000005e2      0x208 f:/altera/nios2eds/bin/gnu/h-i686-mingw32/bin/../lib/gcc/nios2-elf/4.7.3/../../../../../H-i686-mingw32/nios2-elf/lib/mno-hw-mul\libc.a(lib_a-puts.o)
 .debug_abbrev  0x000007ea      0x1df f:/altera/nios2eds/bin/gnu/h-i686-mingw32/bin/../lib/gcc/nios2-elf/4.7.3/../../../../../H-i686-mingw32/nios2-elf/lib/mno-hw-mul\libc.a(lib_a-sbrkr.o)
 .debug_abbrev  0x000009c9       0x90 f:/altera/nios2eds/bin/gnu/h-i686-mingw32/bin/../lib/gcc/nios2-elf/4.7.3/../../../../../H-i686-mingw32/nios2-elf/lib/mno-hw-mul\libc.a(lib_a-strlen.o)
 .debug_abbrev  0x00000a59      0x25d f:/altera/nios2eds/bin/gnu/h-i686-mingw32/bin/../lib/gcc/nios2-elf/4.7.3/../../../../../H-i686-mingw32/nios2-elf/lib/mno-hw-mul\libc.a(lib_a-freer.o)
 .debug_abbrev  0x00000cb6      0x234 f:/altera/nios2eds/bin/gnu/h-i686-mingw32/bin/../lib/gcc/nios2-elf/4.7.3/../../../../../H-i686-mingw32/nios2-elf/lib/mno-hw-mul\libc.a(lib_a-fvwrite.o)
 .debug_abbrev  0x00000eea      0x162 f:/altera/nios2eds/bin/gnu/h-i686-mingw32/bin/../lib/gcc/nios2-elf/4.7.3/../../../../../H-i686-mingw32/nios2-elf/lib/mno-hw-mul\libc.a(lib_a-impure.o)
 .debug_abbrev  0x0000104c       0x37 f:/altera/nios2eds/bin/gnu/h-i686-mingw32/bin/../lib/gcc/nios2-elf/4.7.3/../../../../../H-i686-mingw32/nios2-elf/lib/mno-hw-mul\libc.a(lib_a-int_errno.o)
 .debug_abbrev  0x00001083       0xab f:/altera/nios2eds/bin/gnu/h-i686-mingw32/bin/../lib/gcc/nios2-elf/4.7.3/../../../../../H-i686-mingw32/nios2-elf/lib/mno-hw-mul\libc.a(lib_a-memchr.o)
 .debug_abbrev  0x0000112e       0x9c f:/altera/nios2eds/bin/gnu/h-i686-mingw32/bin/../lib/gcc/nios2-elf/4.7.3/../../../../../H-i686-mingw32/nios2-elf/lib/mno-hw-mul\libc.a(lib_a-memcpy.o)
 .debug_abbrev  0x000011ca       0x9c f:/altera/nios2eds/bin/gnu/h-i686-mingw32/bin/../lib/gcc/nios2-elf/4.7.3/../../../../../H-i686-mingw32/nios2-elf/lib/mno-hw-mul\libc.a(lib_a-memmove.o)
 .debug_abbrev  0x00001266      0x242 f:/altera/nios2eds/bin/gnu/h-i686-mingw32/bin/../lib/gcc/nios2-elf/4.7.3/../../../../../H-i686-mingw32/nios2-elf/lib/mno-hw-mul\libc.a(lib_a-reallocr.o)
 .debug_abbrev  0x000014a8      0x1d5 f:/altera/nios2eds/bin/gnu/h-i686-mingw32/bin/../lib/gcc/nios2-elf/4.7.3/../../../../../H-i686-mingw32/nios2-elf/lib/mno-hw-mul\libc.a(lib_a-wsetup.o)
 .debug_abbrev  0x0000167d      0x259 f:/altera/nios2eds/bin/gnu/h-i686-mingw32/bin/../lib/gcc/nios2-elf/4.7.3/../../../../../H-i686-mingw32/nios2-elf/lib/mno-hw-mul\libc.a(lib_a-fflush.o)
 .debug_abbrev  0x000018d6      0x333 f:/altera/nios2eds/bin/gnu/h-i686-mingw32/bin/../lib/gcc/nios2-elf/4.7.3/../../../../../H-i686-mingw32/nios2-elf/lib/mno-hw-mul\libc.a(lib_a-findfp.o)
 .debug_abbrev  0x00001c09      0x224 f:/altera/nios2eds/bin/gnu/h-i686-mingw32/bin/../lib/gcc/nios2-elf/4.7.3/../../../../../H-i686-mingw32/nios2-elf/lib/mno-hw-mul\libc.a(lib_a-fwalk.o)
 .debug_abbrev  0x00001e2d      0x1e8 f:/altera/nios2eds/bin/gnu/h-i686-mingw32/bin/../lib/gcc/nios2-elf/4.7.3/../../../../../H-i686-mingw32/nios2-elf/lib/mno-hw-mul\libc.a(lib_a-makebuf.o)
 .debug_abbrev  0x00002015       0xac f:/altera/nios2eds/bin/gnu/h-i686-mingw32/bin/../lib/gcc/nios2-elf/4.7.3/../../../../../H-i686-mingw32/nios2-elf/lib/mno-hw-mul\libc.a(lib_a-memset.o)
 .debug_abbrev  0x000020c1      0x226 f:/altera/nios2eds/bin/gnu/h-i686-mingw32/bin/../lib/gcc/nios2-elf/4.7.3/../../../../../H-i686-mingw32/nios2-elf/lib/mno-hw-mul\libc.a(lib_a-stdio.o)
 .debug_abbrev  0x000022e7      0x1c0 f:/altera/nios2eds/bin/gnu/h-i686-mingw32/bin/../lib/gcc/nios2-elf/4.7.3/../../../../../H-i686-mingw32/nios2-elf/lib/mno-hw-mul\libc.a(lib_a-writer.o)
 .debug_abbrev  0x000024a7      0x1bb f:/altera/nios2eds/bin/gnu/h-i686-mingw32/bin/../lib/gcc/nios2-elf/4.7.3/../../../../../H-i686-mingw32/nios2-elf/lib/mno-hw-mul\libc.a(lib_a-closer.o)
 .debug_abbrev  0x00002662      0x24e f:/altera/nios2eds/bin/gnu/h-i686-mingw32/bin/../lib/gcc/nios2-elf/4.7.3/../../../../../H-i686-mingw32/nios2-elf/lib/mno-hw-mul\libc.a(lib_a-fclose.o)
 .debug_abbrev  0x000028b0      0x1ca f:/altera/nios2eds/bin/gnu/h-i686-mingw32/bin/../lib/gcc/nios2-elf/4.7.3/../../../../../H-i686-mingw32/nios2-elf/lib/mno-hw-mul\libc.a(lib_a-fstatr.o)
 .debug_abbrev  0x00002a7a      0x1bb f:/altera/nios2eds/bin/gnu/h-i686-mingw32/bin/../lib/gcc/nios2-elf/4.7.3/../../../../../H-i686-mingw32/nios2-elf/lib/mno-hw-mul\libc.a(lib_a-isattyr.o)
 .debug_abbrev  0x00002c35      0x1ca f:/altera/nios2eds/bin/gnu/h-i686-mingw32/bin/../lib/gcc/nios2-elf/4.7.3/../../../../../H-i686-mingw32/nios2-elf/lib/mno-hw-mul\libc.a(lib_a-lseekr.o)
 .debug_abbrev  0x00002dff      0x1bb f:/altera/nios2eds/bin/gnu/h-i686-mingw32/bin/../lib/gcc/nios2-elf/4.7.3/../../../../../H-i686-mingw32/nios2-elf/lib/mno-hw-mul\libc.a(lib_a-readr.o)
 .debug_abbrev  0x00002fba       0x6f f:/altera/nios2eds/bin/gnu/h-i686-mingw32/bin/../lib/gcc/nios2-elf/4.7.3/mno-hw-mul\libgcc.a(lib2-mul.o)
 .debug_abbrev  0x00003029      0x11f ../cpu3_bsp/\libhal_bsp.a(alt_close.o)
 .debug_abbrev  0x00003148       0xd9 ../cpu3_bsp/\libhal_bsp.a(alt_dev.o)
 .debug_abbrev  0x00003221       0x5a ../cpu3_bsp/\libhal_bsp.a(alt_errno.o)
 .debug_abbrev  0x0000327b      0x11f ../cpu3_bsp/\libhal_bsp.a(alt_fstat.o)
 .debug_abbrev  0x0000339a      0x11f ../cpu3_bsp/\libhal_bsp.a(alt_isatty.o)
 .debug_abbrev  0x000034b9       0x9d ../cpu3_bsp/\libhal_bsp.a(alt_load.o)
 .debug_abbrev  0x00003556      0x11f ../cpu3_bsp/\libhal_bsp.a(alt_lseek.o)
 .debug_abbrev  0x00003675       0xba ../cpu3_bsp/\libhal_bsp.a(alt_main.o)
 .debug_abbrev  0x0000372f      0x187 ../cpu3_bsp/\libhal_bsp.a(alt_malloc_lock.o)
 .debug_abbrev  0x000038b6      0x12e ../cpu3_bsp/\libhal_bsp.a(alt_read.o)
 .debug_abbrev  0x000039e4       0xde ../cpu3_bsp/\libhal_bsp.a(alt_release_fd.o)
 .debug_abbrev  0x00003ac2      0x112 ../cpu3_bsp/\libhal_bsp.a(alt_sbrk.o)
 .debug_abbrev  0x00003bd4      0x133 ../cpu3_bsp/\libhal_bsp.a(alt_write.o)
 .debug_abbrev  0x00003d07      0x176 ../cpu3_bsp/\libhal_bsp.a(alt_sys_init.o)
 .debug_abbrev  0x00003e7d       0xb0 ../cpu3_bsp/\libhal_bsp.a(altera_avalon_fifo_util.o)
 .debug_abbrev  0x00003f2d      0x118 ../cpu3_bsp/\libhal_bsp.a(altera_avalon_jtag_uart_fd.o)
 .debug_abbrev  0x00004045      0x18f ../cpu3_bsp/\libhal_bsp.a(altera_avalon_jtag_uart_init.o)
 .debug_abbrev  0x000041d4      0x102 ../cpu3_bsp/\libhal_bsp.a(altera_avalon_jtag_uart_ioctl.o)
 .debug_abbrev  0x000042d6      0x19b ../cpu3_bsp/\libhal_bsp.a(altera_avalon_jtag_uart_read.o)
 .debug_abbrev  0x00004471      0x199 ../cpu3_bsp/\libhal_bsp.a(altera_avalon_jtag_uart_write.o)
 .debug_abbrev  0x0000460a      0x155 ../cpu3_bsp/\libhal_bsp.a(altera_avalon_timer_sc.o)
 .debug_abbrev  0x0000475f      0x18d ../cpu3_bsp/\libhal_bsp.a(altera_hostfs.o)
 .debug_abbrev  0x000048ec      0x162 ../cpu3_bsp/\libhal_bsp.a(alt_alarm_start.o)
 .debug_abbrev  0x00004a4e       0x42 ../cpu3_bsp/\libhal_bsp.a(alt_dcache_flush_all.o)
 .debug_abbrev  0x00004a90      0x114 ../cpu3_bsp/\libhal_bsp.a(alt_dev_llist_insert.o)
 .debug_abbrev  0x00004ba4       0x79 ../cpu3_bsp/\libhal_bsp.a(alt_do_ctors.o)
 .debug_abbrev  0x00004c1d       0x79 ../cpu3_bsp/\libhal_bsp.a(alt_do_dtors.o)
 .debug_abbrev  0x00004c96      0x108 ../cpu3_bsp/\libhal_bsp.a(alt_fs_reg.o)
 .debug_abbrev  0x00004d9e       0x42 ../cpu3_bsp/\libhal_bsp.a(alt_icache_flush_all.o)
 .debug_abbrev  0x00004de0      0x16a ../cpu3_bsp/\libhal_bsp.a(alt_iic.o)
 .debug_abbrev  0x00004f4a      0x169 ../cpu3_bsp/\libhal_bsp.a(alt_iic_isr_register.o)
 .debug_abbrev  0x000050b3      0x114 ../cpu3_bsp/\libhal_bsp.a(alt_io_redirect.o)
 .debug_abbrev  0x000051c7       0x12 ../cpu3_bsp/\libhal_bsp.a(alt_irq_entry.o)
 .debug_abbrev  0x000051d9      0x124 ../cpu3_bsp/\libhal_bsp.a(alt_irq_handler.o)
 .debug_abbrev  0x000052fd       0x40 ../cpu3_bsp/\libhal_bsp.a(alt_irq_vars.o)
 .debug_abbrev  0x0000533d      0x148 ../cpu3_bsp/\libhal_bsp.a(alt_open.o)
 .debug_abbrev  0x00005485      0x15a ../cpu3_bsp/\libhal_bsp.a(alt_tick.o)
 .debug_abbrev  0x000055df       0x42 ../cpu3_bsp/\libhal_bsp.a(altera_nios2_qsys_irq.o)
 .debug_abbrev  0x00005621       0x12 ../cpu3_bsp/\libhal_bsp.a(alt_exception_entry.o)
 .debug_abbrev  0x00005633       0xf0 ../cpu3_bsp/\libhal_bsp.a(alt_find_dev.o)
 .debug_abbrev  0x00005723       0xf0 ../cpu3_bsp/\libhal_bsp.a(alt_find_file.o)
 .debug_abbrev  0x00005813      0x10d ../cpu3_bsp/\libhal_bsp.a(alt_get_fd.o)
 .debug_abbrev  0x00005920      0x106 f:/altera/nios2eds/bin/gnu/h-i686-mingw32/bin/../lib/gcc/nios2-elf/4.7.3/../../../../../H-i686-mingw32/nios2-elf/lib/mno-hw-mul\libc.a(lib_a-atexit.o)
 .debug_abbrev  0x00005a26      0x1c8 f:/altera/nios2eds/bin/gnu/h-i686-mingw32/bin/../lib/gcc/nios2-elf/4.7.3/../../../../../H-i686-mingw32/nios2-elf/lib/mno-hw-mul\libc.a(lib_a-exit.o)
 .debug_abbrev  0x00005bee       0x7f f:/altera/nios2eds/bin/gnu/h-i686-mingw32/bin/../lib/gcc/nios2-elf/4.7.3/../../../../../H-i686-mingw32/nios2-elf/lib/mno-hw-mul\libc.a(lib_a-memcmp.o)
 .debug_abbrev  0x00005c6d      0x211 f:/altera/nios2eds/bin/gnu/h-i686-mingw32/bin/../lib/gcc/nios2-elf/4.7.3/../../../../../H-i686-mingw32/nios2-elf/lib/mno-hw-mul\libc.a(lib_a-__atexit.o)
 .debug_abbrev  0x00005e7e      0x203 f:/altera/nios2eds/bin/gnu/h-i686-mingw32/bin/../lib/gcc/nios2-elf/4.7.3/../../../../../H-i686-mingw32/nios2-elf/lib/mno-hw-mul\libc.a(lib_a-__call_atexit.o)
 .debug_abbrev  0x00006081       0xa6 ../cpu3_bsp/\libhal_bsp.a(alt_exit.o)

.debug_line     0x00000000     0x743a
 *(.debug_line)
 .debug_line    0x00000000       0x66 ../cpu3_bsp//obj/HAL/src/crt0.o
 .debug_line    0x00000066       0x58 obj/default/FIFO.o
 .debug_line    0x000000be      0x211 obj/default/dct.o
 .debug_line    0x000002cf      0x20a f:/altera/nios2eds/bin/gnu/h-i686-mingw32/bin/../lib/gcc/nios2-elf/4.7.3/../../../../../H-i686-mingw32/nios2-elf/lib/mno-hw-mul\libc.a(lib_a-malloc.o)
 .debug_line    0x000004d9      0x424 f:/altera/nios2eds/bin/gnu/h-i686-mingw32/bin/../lib/gcc/nios2-elf/4.7.3/../../../../../H-i686-mingw32/nios2-elf/lib/mno-hw-mul\libc.a(lib_a-mallocr.o)
 .debug_line    0x000008fd      0x238 f:/altera/nios2eds/bin/gnu/h-i686-mingw32/bin/../lib/gcc/nios2-elf/4.7.3/../../../../../H-i686-mingw32/nios2-elf/lib/mno-hw-mul\libc.a(lib_a-puts.o)
 .debug_line    0x00000b35      0x215 f:/altera/nios2eds/bin/gnu/h-i686-mingw32/bin/../lib/gcc/nios2-elf/4.7.3/../../../../../H-i686-mingw32/nios2-elf/lib/mno-hw-mul\libc.a(lib_a-sbrkr.o)
 .debug_line    0x00000d4a      0x185 f:/altera/nios2eds/bin/gnu/h-i686-mingw32/bin/../lib/gcc/nios2-elf/4.7.3/../../../../../H-i686-mingw32/nios2-elf/lib/mno-hw-mul\libc.a(lib_a-strlen.o)
 .debug_line    0x00000ecf      0x314 f:/altera/nios2eds/bin/gnu/h-i686-mingw32/bin/../lib/gcc/nios2-elf/4.7.3/../../../../../H-i686-mingw32/nios2-elf/lib/mno-hw-mul\libc.a(lib_a-freer.o)
 .debug_line    0x000011e3      0x363 f:/altera/nios2eds/bin/gnu/h-i686-mingw32/bin/../lib/gcc/nios2-elf/4.7.3/../../../../../H-i686-mingw32/nios2-elf/lib/mno-hw-mul\libc.a(lib_a-fvwrite.o)
 .debug_line    0x00001546      0x176 f:/altera/nios2eds/bin/gnu/h-i686-mingw32/bin/../lib/gcc/nios2-elf/4.7.3/../../../../../H-i686-mingw32/nios2-elf/lib/mno-hw-mul\libc.a(lib_a-impure.o)
 .debug_line    0x000016bc       0x60 f:/altera/nios2eds/bin/gnu/h-i686-mingw32/bin/../lib/gcc/nios2-elf/4.7.3/../../../../../H-i686-mingw32/nios2-elf/lib/mno-hw-mul\libc.a(lib_a-int_errno.o)
 .debug_line    0x0000171c      0x1f4 f:/altera/nios2eds/bin/gnu/h-i686-mingw32/bin/../lib/gcc/nios2-elf/4.7.3/../../../../../H-i686-mingw32/nios2-elf/lib/mno-hw-mul\libc.a(lib_a-memchr.o)
 .debug_line    0x00001910      0x144 f:/altera/nios2eds/bin/gnu/h-i686-mingw32/bin/../lib/gcc/nios2-elf/4.7.3/../../../../../H-i686-mingw32/nios2-elf/lib/mno-hw-mul\libc.a(lib_a-memcpy.o)
 .debug_line    0x00001a54      0x1f9 f:/altera/nios2eds/bin/gnu/h-i686-mingw32/bin/../lib/gcc/nios2-elf/4.7.3/../../../../../H-i686-mingw32/nios2-elf/lib/mno-hw-mul\libc.a(lib_a-memmove.o)
 .debug_line    0x00001c4d      0x333 f:/altera/nios2eds/bin/gnu/h-i686-mingw32/bin/../lib/gcc/nios2-elf/4.7.3/../../../../../H-i686-mingw32/nios2-elf/lib/mno-hw-mul\libc.a(lib_a-reallocr.o)
 .debug_line    0x00001f80      0x26e f:/altera/nios2eds/bin/gnu/h-i686-mingw32/bin/../lib/gcc/nios2-elf/4.7.3/../../../../../H-i686-mingw32/nios2-elf/lib/mno-hw-mul\libc.a(lib_a-wsetup.o)
 .debug_line    0x000021ee      0x29f f:/altera/nios2eds/bin/gnu/h-i686-mingw32/bin/../lib/gcc/nios2-elf/4.7.3/../../../../../H-i686-mingw32/nios2-elf/lib/mno-hw-mul\libc.a(lib_a-fflush.o)