Archive member included because of file (symbol)

f:/altera/nios2eds/bin/gnu/h-i686-mingw32/bin/../lib/gcc/nios2-elf/4.7.3/../../../../../H-i686-mingw32/nios2-elf/lib/mno-hw-mul\libc.a(lib_a-puts.o)
                              obj/default/producer.o (puts)
f:/altera/nios2eds/bin/gnu/h-i686-mingw32/bin/../lib/gcc/nios2-elf/4.7.3/../../../../../H-i686-mingw32/nios2-elf/lib/mno-hw-mul\libc.a(lib_a-strlen.o)
                              f:/altera/nios2eds/bin/gnu/h-i686-mingw32/bin/../lib/gcc/nios2-elf/4.7.3/../../../../../H-i686-mingw32/nios2-elf/lib/mno-hw-mul\libc.a(lib_a-puts.o) (strlen)
f:/altera/nios2eds/bin/gnu/h-i686-mingw32/bin/../lib/gcc/nios2-elf/4.7.3/../../../../../H-i686-mingw32/nios2-elf/lib/mno-hw-mul\libc.a(lib_a-fvwrite.o)
                              f:/altera/nios2eds/bin/gnu/h-i686-mingw32/bin/../lib/gcc/nios2-elf/4.7.3/../../../../../H-i686-mingw32/nios2-elf/lib/mno-hw-mul\libc.a(lib_a-puts.o) (__sfvwrite_r)
f:/altera/nios2eds/bin/gnu/h-i686-mingw32/bin/../lib/gcc/nios2-elf/4.7.3/../../../../../H-i686-mingw32/nios2-elf/lib/mno-hw-mul\libc.a(lib_a-impure.o)
                              f:/altera/nios2eds/bin/gnu/h-i686-mingw32/bin/../lib/gcc/nios2-elf/4.7.3/../../../../../H-i686-mingw32/nios2-elf/lib/mno-hw-mul\libc.a(lib_a-puts.o) (_impure_ptr)
f:/altera/nios2eds/bin/gnu/h-i686-mingw32/bin/../lib/gcc/nios2-elf/4.7.3/../../../../../H-i686-mingw32/nios2-elf/lib/mno-hw-mul\libc.a(lib_a-mallocr.o)
                              f:/altera/nios2eds/bin/gnu/h-i686-mingw32/bin/../lib/gcc/nios2-elf/4.7.3/../../../../../H-i686-mingw32/nios2-elf/lib/mno-hw-mul\libc.a(lib_a-fvwrite.o) (_malloc_r)
f:/altera/nios2eds/bin/gnu/h-i686-mingw32/bin/../lib/gcc/nios2-elf/4.7.3/../../../../../H-i686-mingw32/nios2-elf/lib/mno-hw-mul\libc.a(lib_a-memchr.o)
                              f:/altera/nios2eds/bin/gnu/h-i686-mingw32/bin/../lib/gcc/nios2-elf/4.7.3/../../../../../H-i686-mingw32/nios2-elf/lib/mno-hw-mul\libc.a(lib_a-fvwrite.o) (memchr)
f:/altera/nios2eds/bin/gnu/h-i686-mingw32/bin/../lib/gcc/nios2-elf/4.7.3/../../../../../H-i686-mingw32/nios2-elf/lib/mno-hw-mul\libc.a(lib_a-memcpy.o)
                              f:/altera/nios2eds/bin/gnu/h-i686-mingw32/bin/../lib/gcc/nios2-elf/4.7.3/../../../../../H-i686-mingw32/nios2-elf/lib/mno-hw-mul\libc.a(lib_a-fvwrite.o) (memcpy)
f:/altera/nios2eds/bin/gnu/h-i686-mingw32/bin/../lib/gcc/nios2-elf/4.7.3/../../../../../H-i686-mingw32/nios2-elf/lib/mno-hw-mul\libc.a(lib_a-memmove.o)
                              f:/altera/nios2eds/bin/gnu/h-i686-mingw32/bin/../lib/gcc/nios2-elf/4.7.3/../../../../../H-i686-mingw32/nios2-elf/lib/mno-hw-mul\libc.a(lib_a-fvwrite.o) (memmove)
f:/altera/nios2eds/bin/gnu/h-i686-mingw32/bin/../lib/gcc/nios2-elf/4.7.3/../../../../../H-i686-mingw32/nios2-elf/lib/mno-hw-mul\libc.a(lib_a-reallocr.o)
                              f:/altera/nios2eds/bin/gnu/h-i686-mingw32/bin/../lib/gcc/nios2-elf/4.7.3/../../../../../H-i686-mingw32/nios2-elf/lib/mno-hw-mul\libc.a(lib_a-fvwrite.o) (_realloc_r)
f:/altera/nios2eds/bin/gnu/h-i686-mingw32/bin/../lib/gcc/nios2-elf/4.7.3/../../../../../H-i686-mingw32/nios2-elf/lib/mno-hw-mul\libc.a(lib_a-sbrkr.o)
                              f:/altera/nios2eds/bin/gnu/h-i686-mingw32/bin/../lib/gcc/nios2-elf/4.7.3/../../../../../H-i686-mingw32/nios2-elf/lib/mno-hw-mul\libc.a(lib_a-mallocr.o) (_sbrk_r)
f:/altera/nios2eds/bin/gnu/h-i686-mingw32/bin/../lib/gcc/nios2-elf/4.7.3/../../../../../H-i686-mingw32/nios2-elf/lib/mno-hw-mul\libc.a(lib_a-wsetup.o)
                              f:/altera/nios2eds/bin/gnu/h-i686-mingw32/bin/../lib/gcc/nios2-elf/4.7.3/../../../../../H-i686-mingw32/nios2-elf/lib/mno-hw-mul\libc.a(lib_a-fvwrite.o) (__swsetup_r)
f:/altera/nios2eds/bin/gnu/h-i686-mingw32/bin/../lib/gcc/nios2-elf/4.7.3/../../../../../H-i686-mingw32/nios2-elf/lib/mno-hw-mul\libc.a(lib_a-fflush.o)
                              f:/altera/nios2eds/bin/gnu/h-i686-mingw32/bin/../lib/gcc/nios2-elf/4.7.3/../../../../../H-i686-mingw32/nios2-elf/lib/mno-hw-mul\libc.a(lib_a-fvwrite.o) (_fflush_r)
f:/altera/nios2eds/bin/gnu/h-i686-mingw32/bin/../lib/gcc/nios2-elf/4.7.3/../../../../../H-i686-mingw32/nios2-elf/lib/mno-hw-mul\libc.a(lib_a-findfp.o)
                              f:/altera/nios2eds/bin/gnu/h-i686-mingw32/bin/../lib/gcc/nios2-elf/4.7.3/../../../../../H-i686-mingw32/nios2-elf/lib/mno-hw-mul\libc.a(lib_a-wsetup.o) (__sinit)
f:/altera/nios2eds/bin/gnu/h-i686-mingw32/bin/../lib/gcc/nios2-elf/4.7.3/../../../../../H-i686-mingw32/nios2-elf/lib/mno-hw-mul\libc.a(lib_a-freer.o)
                              f:/altera/nios2eds/bin/gnu/h-i686-mingw32/bin/../lib/gcc/nios2-elf/4.7.3/../../../../../H-i686-mingw32/nios2-elf/lib/mno-hw-mul\libc.a(lib_a-fvwrite.o) (_free_r)
f:/altera/nios2eds/bin/gnu/h-i686-mingw32/bin/../lib/gcc/nios2-elf/4.7.3/../../../../../H-i686-mingw32/nios2-elf/lib/mno-hw-mul\libc.a(lib_a-fwalk.o)
[...]
Memory Configuration

Name             Origin             Length             Attributes
onchip_data-memory_shared 0x00000000         0x00010000
onchip_data_memory_cpu0 0x00010000         0x00018000
reset            0x00080000         0x00000020
onchip_instruction_memory0 0x00080020         0x0000ffe0
*default*        0x00000000         0xffffffff

Linker script and memory map

LOAD ../producer_bsp//obj/HAL/src/crt0.o
LOAD obj/default/FIFO_1.o
LOAD obj/default/producer.o
LOAD f:/altera/nios2eds/bin/gnu/h-i686-mingw32/bin/../lib/gcc/nios2-elf/4.7.3/../../../../../H-i686-mingw32/nios2-elf/lib/mno-hw-mul\libstdc++.a
LOAD f:/altera/nios2eds/bin/gnu/h-i686-mingw32/bin/../lib/gcc/nios2-elf/4.7.3/../../../../../H-i686-mingw32/nios2-elf/lib/mno-hw-mul\libm.a
LOAD f:/altera/nios2eds/bin/gnu/h-i686-mingw32/bin/../lib/gcc/nios2-elf/4.7.3/mno-hw-mul\libgcc.a
START GROUP
LOAD f:/altera/nios2eds/bin/gnu/h-i686-mingw32/bin/../lib/gcc/nios2-elf/4.7.3/../../../../../H-i686-mingw32/nios2-elf/lib/mno-hw-mul\libc.a
LOAD f:/altera/nios2eds/bin/gnu/h-i686-mingw32/bin/../lib/gcc/nios2-elf/4.7.3/mno-hw-mul\libgcc.a
LOAD ../producer_bsp/\libhal_bsp.a
END GROUP
LOAD f:/altera/nios2eds/bin/gnu/h-i686-mingw32/bin/../lib/gcc/nios2-elf/4.7.3/mno-hw-mul\libgcc.a
                0x00000000                __alt_mem_onchip_data_memory = 0x0
                0x00080000                __alt_mem_onchip_instruction_memory0 = 0x80000

.entry          0x00080000       0x20
 *(.entry)
 .entry         0x00080000       0x20 ../producer_bsp//obj/HAL/src/crt0.o
                0x00080000                __reset

.exceptions     0x00080020      0x198
                0x00080020                PROVIDE (__ram_exceptions_start, ABSOLUTE (.))
                0x00080020                . = ALIGN (0x20)
 *(.irq)
 *(.exceptions.entry.label)
 .exceptions.entry.label
                0x00080020        0x0 ../producer_bsp/\libhal_bsp.a(alt_irq_entry.o)
                0x00080020                alt_irq_entry
 .exceptions.entry.label
                0x00080020        0x0 ../producer_bsp/\libhal_bsp.a(alt_exception_entry.o)
                0x00080020                alt_exception
 *(.exceptions.entry.user)
 *(.exceptions.entry.ecc_fatal)
 *(.exceptions.entry)
 .exceptions.entry
                0x00080020       0x54 ../producer_bsp/\libhal_bsp.a(alt_exception_entry.o)
 *(.exceptions.irqtest.user)
 *(.exceptions.irqtest)
 .exceptions.irqtest
                0x00080074       0x10 ../producer_bsp/\libhal_bsp.a(alt_irq_entry.o)
 *(.exceptions.irqhandler.user)
 *(.exceptions.irqhandler)
 .exceptions.irqhandler
                0x00080084        0x4 ../producer_bsp/\libhal_bsp.a(alt_irq_entry.o)
 *(.exceptions.irqreturn.user)
 *(.exceptions.irqreturn)
 .exceptions.irqreturn
                0x00080088        0x4 ../producer_bsp/\libhal_bsp.a(alt_irq_entry.o)
 *(.exceptions.notirq.label)
 .exceptions.notirq.label
                0x0008008c        0x0 ../producer_bsp/\libhal_bsp.a(alt_irq_entry.o)
 *(.exceptions.notirq.user)
 *(.exceptions.notirq)
 .exceptions.notirq
                0x0008008c        0x8 ../producer_bsp/\libhal_bsp.a(alt_exception_entry.o)
 *(.exceptions.soft.user)
 *(.exceptions.soft)
 *(.exceptions.unknown.user)
 *(.exceptions.unknown)
 .exceptions.unknown
                0x00080094        0x4 ../producer_bsp/\libhal_bsp.a(alt_exception_entry.o)
 *(.exceptions.exit.label)
 .exceptions.exit.label
                0x00080098        0x0 ../producer_bsp/\libhal_bsp.a(alt_irq_entry.o)
 .exceptions.exit.label
                0x00080098        0x0 ../producer_bsp/\libhal_bsp.a(alt_exception_entry.o)
 *(.exceptions.exit.user)
 *(.exceptions.exit)
 .exceptions.exit
                0x00080098       0x54 ../producer_bsp/\libhal_bsp.a(alt_exception_entry.o)
 *(.exceptions)
 .exceptions    0x000800ec       0xcc ../producer_bsp/\libhal_bsp.a(alt_irq_handler.o)
                0x000800ec                alt_irq_handler
                0x000801b8                PROVIDE (__ram_exceptions_end, ABSOLUTE (.))
                0x00080020                PROVIDE (__flash_exceptions_start, LOADADDR (.exceptions))

.text           0x000801b8     0x53b4
                0x000801b8                PROVIDE (stext, ABSOLUTE (.))
 *(.interp)
 *(.hash)
 *(.dynsym)
 *(.dynstr)
 *(.gnu.version)
 *(.gnu.version_d)
 *(.gnu.version_r)
 *(.rel.init)
 *(.rela.init)
 *(.rel.text .rel.text.* .rel.gnu.linkonce.t.*)
 *(.rela.text .rela.text.* .rela.gnu.linkonce.t.*)
 *(.rel.fini)
 *(.rela.fini)
 *(.rel.rodata .rel.rodata.* .rel.gnu.linkonce.r.*)
 *(.rela.rodata .rela.rodata.* .rela.gnu.linkonce.r.*)
 *(.rel.data .rel.data.* .rel.gnu.linkonce.d.*)
 *(.rela.data .rela.data.* .rela.gnu.linkonce.d.*)
 *(.rel.tdata .rel.tdata.* .rel.gnu.linkonce.td.*)
 *(.rela.tdata .rela.tdata.* .rela.gnu.linkonce.td.*)
 *(.rel.tbss .rel.tbss.* .rel.gnu.linkonce.tb.*)
 *(.rela.tbss .rela.tbss.* .rela.gnu.linkonce.tb.*)
 *(.rel.ctors)
 *(.rela.ctors)
 *(.rel.dtors)
 *(.rela.dtors)
 *(.rel.got)
 *(.rela.got)
 *(.rel.sdata .rel.sdata.* .rel.gnu.linkonce.s.*)
 *(.rela.sdata .rela.sdata.* .rela.gnu.linkonce.s.*)
 *(.rel.sbss .rel.sbss.* .rel.gnu.linkonce.sb.*)
 *(.rela.sbss .rela.sbss.* .rela.gnu.linkonce.sb.*)
 *(.rel.sdata2 .rel.sdata2.* .rel.gnu.linkonce.s2.*)
 *(.rela.sdata2 .rela.sdata2.* .rela.gnu.linkonce.s2.*)
 *(.rel.sbss2 .rel.sbss2.* .rel.gnu.linkonce.sb2.*)
 *(.rela.sbss2 .rela.sbss2.* .rela.gnu.linkonce.sb2.*)
 *(.rel.bss .rel.bss.* .rel.gnu.linkonce.b.*)
 *(.rela.bss .rela.bss.* .rela.gnu.linkonce.b.*)
 *(.rel.plt)
 *(.rela.plt)
 *(.rel.dyn)
 *(.init)
 *(.plt)
 *(.text .stub .text.* .gnu.linkonce.t.*)
 .text          0x000801b8       0x3c ../producer_bsp//obj/HAL/src/crt0.o
                0x000801b8                _start
 .text          0x000801f4        0x0 obj/default/FIFO_1.o
 .text          0x000801f4       0x74 obj/default/producer.o
                0x000801f4                main
 .text          0x00080268       0x98 f:/altera/nios2eds/bin/gnu/h-i686-mingw32/bin/../lib/gcc/nios2-elf/4.7.3/../../../../../H-i686-mingw32/nios2-elf/lib/mno-hw-mul\libc.a(lib_a-puts.o)
                0x00080268                _puts_r
                0x000802ec                puts
 .text          0x00080300       0x8c f:/altera/nios2eds/bin/gnu/h-i686-mingw32/bin/../lib/gcc/nios2-elf/4.7.3/../../../../../H-i686-mingw32/nios2-elf/lib/mno-hw-mul\libc.a(lib_a-strlen.o)
                0x00080300                strlen
 .text          0x0008038c      0x4e4 f:/altera/nios2eds/bin/gnu/h-i686-mingw32/bin/../lib/gcc/nios2-elf/4.7.3/../../../../../H-i686-mingw32/nios2-elf/lib/mno-hw-mul\libc.a(lib_a-fvwrite.o)
                0x0008038c                __sfvwrite_r
 .text          0x00080870        0x0 f:/altera/nios2eds/bin/gnu/h-i686-mingw32/bin/../lib/gcc/nios2-elf/4.7.3/../../../../../H-i686-mingw32/nios2-elf/lib/mno-hw-mul\libc.a(lib_a-impure.o)
 .text          0x00080870      0x784 f:/altera/nios2eds/bin/gnu/h-i686-mingw32/bin/../lib/gcc/nios2-elf/4.7.3/../../../../../H-i686-mingw32/nios2-elf/lib/mno-hw-mul\libc.a(lib_a-mallocr.o)
                0x00080870                _malloc_r
 .text          0x00080ff4       0xf8 f:/altera/nios2eds/bin/gnu/h-i686-mingw32/bin/../lib/gcc/nios2-elf/4.7.3/../../../../../H-i686-mingw32/nios2-elf/lib/mno-hw-mul\libc.a(lib_a-memchr.o)
                0x00080ff4                memchr
 .text          0x000810ec      0x140 f:/altera/nios2eds/bin/gnu/h-i686-mingw32/bin/../lib/gcc/nios2-elf/4.7.3/../../../../../H-i686-mingw32/nios2-elf/lib/mno-hw-mul\libc.a(lib_a-memcpy.o)
                0x000810ec                memcpy
 .text          0x0008122c      0x18c f:/altera/nios2eds/bin/gnu/h-i686-mingw32/bin/../lib/gcc/nios2-elf/4.7.3/../../../../../H-i686-mingw32/nios2-elf/lib/mno-hw-mul\libc.a(lib_a-memmove.o)
                0x0008122c                memmove
 .text          0x000813b8      0x5fc f:/altera/nios2eds/bin/gnu/h-i686-mingw32/bin/../lib/gcc/nios2-elf/4.7.3/../../../../../H-i686-mingw32/nios2-elf/lib/mno-hw-mul\libc.a(lib_a-reallocr.o)
                0x000813b8                _realloc_r
 .text          0x000819b4       0x64 f:/altera/nios2eds/bin/gnu/h-i686-mingw32/bin/../lib/gcc/nios2-elf/4.7.3/../../../../../H-i686-mingw32/nios2-elf/lib/mno-hw-mul\libc.a(lib_a-sbrkr.o)
                0x000819b4                _sbrk_r
 .text          0x00081a18      0x174 f:/altera/nios2eds/bin/gnu/h-i686-mingw32/bin/../lib/gcc/nios2-elf/4.7.3/../../../../../H-i686-mingw32/nios2-elf/lib/mno-hw-mul\libc.a(lib_a-wsetup.o)
                0x00081a18                __swsetup_r
 .text          0x00081b8c      0x218 f:/altera/nios2eds/bin/gnu/h-i686-mingw32/bin/../lib/gcc/nios2-elf/4.7.3/../../../../../H-i686-mingw32/nios2-elf/lib/mno-hw-mul\libc.a(lib_a-fflush.o)
                0x00081b8c                _fflush_r
                0x00081d74                fflush
 .text          0x00081da4      0x2ec f:/altera/nios2eds/bin/gnu/h-i686-mingw32/bin/../lib/gcc/nios2-elf/4.7.3/../../../../../H-i686-mingw32/nios2-elf/lib/mno-hw-mul\libc.a(lib_a-findfp.o)
                0x00081db4                _cleanup_r
                0x00081dc0                __sfmoreglue
                0x00081e38                _cleanup
                0x00081e48                __sinit
                0x00081f54                __sfp
                0x00082050                __sfp_lock_acquire
                0x00082054                __sfp_lock_release
                0x00082058                __sinit_lock_acquire
                0x0008205c                __sinit_lock_release
                0x00082060                __fp_lock_all
                0x00082078                __fp_unlock_all
 .text          0x00082090      0x40c f:/altera/nios2eds/bin/gnu/h-i686-mingw32/bin/../lib/gcc/nios2-elf/4.7.3/../../../../../H-i686-mingw32/nios2-elf/lib/mno-hw-mul\libc.a(lib_a-freer.o)
                0x00082090                _malloc_trim_r
                0x000821cc                _free_r
 .text          0x0008249c      0x160 f:/altera/nios2eds/bin/gnu/h-i686-mingw32/bin/../lib/gcc/nios2-elf/4.7.3/../../../../../H-i686-mingw32/nios2-elf/lib/mno-hw-mul\libc.a(lib_a-fwalk.o)
                0x0008249c                _fwalk
                0x00082544                _fwalk_reent
 .text          0x000825fc        0x0 f:/altera/nios2eds/bin/gnu/h-i686-mingw32/bin/../lib/gcc/nios2-elf/4.7.3/../../../../../H-i686-mingw32/nios2-elf/lib/mno-hw-mul\libc.a(lib_a-int_errno.o)
 .text          0x000825fc      0x1a8 f:/altera/nios2eds/bin/gnu/h-i686-mingw32/bin/../lib/gcc/nios2-elf/4.7.3/../../../../../H-i686-mingw32/nios2-elf/lib/mno-hw-mul\libc.a(lib_a-makebuf.o)
                0x000825fc                __smakebuf_r
 .text          0x000827a4       0xdc f:/altera/nios2eds/bin/gnu/h-i686-mingw32/bin/../lib/gcc/nios2-elf/4.7.3/../../../../../H-i686-mingw32/nios2-elf/lib/mno-hw-mul\libc.a(lib_a-memset.o)
                0x000827a4                memset
 .text          0x00082880      0x140 f:/altera/nios2eds/bin/gnu/h-i686-mingw32/bin/../lib/gcc/nios2-elf/4.7.3/../../../../../H-i686-mingw32/nios2-elf/lib/mno-hw-mul\libc.a(lib_a-stdio.o)
                0x00082880                __sread
                0x000828d4                __swrite
                0x0008295c                __sseek
                0x000829b8                __sclose
 .text          0x000829c0       0x6c f:/altera/nios2eds/bin/gnu/h-i686-mingw32/bin/../lib/gcc/nios2-elf/4.7.3/../../../../../H-i686-mingw32/nios2-elf/lib/mno-hw-mul\libc.a(lib_a-writer.o)
                0x000829c0                _write_r
 .text          0x00082a2c       0x64 f:/altera/nios2eds/bin/gnu/h-i686-mingw32/bin/../lib/gcc/nios2-elf/4.7.3/../../../../../H-i686-mingw32/nios2-elf/lib/mno-hw-mul\libc.a(lib_a-closer.o)
                0x00082a2c                _close_r
 .text          0x00082a90      0x150 f:/altera/nios2eds/bin/gnu/h-i686-mingw32/bin/../lib/gcc/nios2-elf/4.7.3/../../../../../H-i686-mingw32/nios2-elf/lib/mno-hw-mul\libc.a(lib_a-fclose.o)
                0x00082a90                _fclose_r
                0x00082bcc                fclose
 .text          0x00082be0       0x68 f:/altera/nios2eds/bin/gnu/h-i686-mingw32/bin/../lib/gcc/nios2-elf/4.7.3/../../../../../H-i686-mingw32/nios2-elf/lib/mno-hw-mul\libc.a(lib_a-fstatr.o)
                0x00082be0                _fstat_r
 .text          0x00082c48       0x64 f:/altera/nios2eds/bin/gnu/h-i686-mingw32/bin/../lib/gcc/nios2-elf/4.7.3/../../../../../H-i686-mingw32/nios2-elf/lib/mno-hw-mul\libc.a(lib_a-isattyr.o)
                0x00082c48                _isatty_r
 .text          0x00082cac       0x6c f:/altera/nios2eds/bin/gnu/h-i686-mingw32/bin/../lib/gcc/nios2-elf/4.7.3/../../../../../H-i686-mingw32/nios2-elf/lib/mno-hw-mul\libc.a(lib_a-lseekr.o)
                0x00082cac                _lseek_r
 .text          0x00082d18       0x6c f:/altera/nios2eds/bin/gnu/h-i686-mingw32/bin/../lib/gcc/nios2-elf/4.7.3/../../../../../H-i686-mingw32/nios2-elf/lib/mno-hw-mul\libc.a(lib_a-readr.o)
                0x00082d18                _read_r
 .text          0x00082d84       0x28 f:/altera/nios2eds/bin/gnu/h-i686-mingw32/bin/../lib/gcc/nios2-elf/4.7.3/mno-hw-mul\libgcc.a(lib2-mul.o)
                0x00082d84                __mulsi3
 .text          0x00082dac      0x11c ../producer_bsp/\libhal_bsp.a(alt_close.o)
                0x00082dfc                close
 .text          0x00082ec8       0x2c ../producer_bsp/\libhal_bsp.a(alt_dev.o)
 .text          0x00082ef4        0x0 ../producer_bsp/\libhal_bsp.a(alt_errno.o)
 .text          0x00082ef4      0x100 ../producer_bsp/\libhal_bsp.a(alt_fstat.o)
                0x00082f44                fstat
 .text          0x00082ff4       0xf4 ../producer_bsp/\libhal_bsp.a(alt_isatty.o)
                0x00083044                isatty
 .text          0x000830e8       0xec ../producer_bsp/\libhal_bsp.a(alt_load.o)
                0x00083154                alt_load
 .text          0x000831d4      0x124 ../producer_bsp/\libhal_bsp.a(alt_lseek.o)
                0x00083224                lseek
 .text          0x000832f8       0x78 ../producer_bsp/\libhal_bsp.a(alt_main.o)
                0x000832f8                alt_main
 .text          0x00083370       0x40 ../producer_bsp/\libhal_bsp.a(alt_malloc_lock.o)
                0x00083370                __malloc_lock
                0x00083390                __malloc_unlock
 .text          0x000833b0      0x144 ../producer_bsp/\libhal_bsp.a(alt_read.o)
                0x00083400                read
 .text          0x000834f4       0x80 ../producer_bsp/\libhal_bsp.a(alt_release_fd.o)
                0x000834f4                alt_release_fd
 .text          0x00083574       0xb0 ../producer_bsp/\libhal_bsp.a(alt_sbrk.o)
                0x00083574                sbrk
 .text          0x00083624      0x140 ../producer_bsp/\libhal_bsp.a(alt_write.o)
                0x00083674                write
 .text          0x00083764       0xc8 ../producer_bsp/\libhal_bsp.a(alt_sys_init.o)
                0x0008379c                alt_irq_init
                0x000837d0                alt_sys_init
 .text          0x0008382c      0x164 ../producer_bsp/\libhal_bsp.a(altera_avalon_jtag_uart_fd.o)
                0x0008382c                altera_avalon_jtag_uart_read_fd
                0x0008388c                altera_avalon_jtag_uart_write_fd
                0x000838ec                altera_avalon_jtag_uart_close_fd
                0x0008393c                altera_avalon_jtag_uart_ioctl_fd
 .text          0x00083990      0x3d0 ../producer_bsp/\libhal_bsp.a(altera_avalon_jtag_uart_init.o)
                0x00083990                altera_avalon_jtag_uart_init
                0x00083cf8                altera_avalon_jtag_uart_close
 .text          0x00083d60       0xf4 ../producer_bsp/\libhal_bsp.a(altera_avalon_jtag_uart_ioctl.o)
                0x00083d60                altera_avalon_jtag_uart_ioctl
 .text          0x00083e54      0x218 ../producer_bsp/\libhal_bsp.a(altera_avalon_jtag_uart_read.o)
                0x00083e54                altera_avalon_jtag_uart_read
 .text          0x0008406c      0x224 ../producer_bsp/\libhal_bsp.a(altera_avalon_jtag_uart_write.o)
                0x0008406c                altera_avalon_jtag_uart_write
 .text          0x00084290       0xfc ../producer_bsp/\libhal_bsp.a(altera_avalon_timer_sc.o)
                0x00084304                alt_avalon_timer_sc_init
 .text          0x0008438c      0x140 ../producer_bsp/\libhal_bsp.a(alt_alarm_start.o)
                0x0008438c                alt_alarm_start
 .text          0x000844cc       0x1c ../producer_bsp/\libhal_bsp.a(alt_dcache_flush_all.o)
                0x000844cc                alt_dcache_flush_all
 .text          0x000844e8       0xf0 ../producer_bsp/\libhal_bsp.a(alt_dev_llist_insert.o)
                0x00084538                alt_dev_llist_insert
 .text          0x000845d8       0x5c ../producer_bsp/\libhal_bsp.a(alt_do_ctors.o)
                0x000845d8                _do_ctors
 .text          0x00084634       0x5c ../producer_bsp/\libhal_bsp.a(alt_do_dtors.o)
                0x00084634                _do_dtors
 .text          0x00084690       0x1c ../producer_bsp/\libhal_bsp.a(alt_icache_flush_all.o)
                0x00084690                alt_icache_flush_all
 .text          0x000846ac      0x1d8 ../producer_bsp/\libhal_bsp.a(alt_iic.o)
                0x000846ac                alt_ic_isr_register
                0x000846fc                alt_ic_irq_enable
                0x00084798                alt_ic_irq_disable
                0x00084838                alt_ic_irq_enabled
 .text          0x00084884       0xf0 ../producer_bsp/\libhal_bsp.a(alt_iic_isr_register.o)
                0x00084884                alt_iic_isr_register
 .text          0x00084974      0x158 ../producer_bsp/\libhal_bsp.a(alt_io_redirect.o)
                0x00084a54                alt_io_redirect
 .text          0x00084acc        0x0 ../producer_bsp/\libhal_bsp.a(alt_irq_entry.o)
 .text          0x00084acc        0x0 ../producer_bsp/\libhal_bsp.a(alt_irq_handler.o)
 .text          0x00084acc        0x0 ../producer_bsp/\libhal_bsp.a(alt_irq_vars.o)
 .text          0x00084acc      0x298 ../producer_bsp/\libhal_bsp.a(alt_open.o)
                0x00084c0c                open
 .text          0x00084d64      0x19c ../producer_bsp/\libhal_bsp.a(alt_tick.o)
                0x00084d64                alt_alarm_stop
                0x00084dfc                alt_tick
 .text          0x00084f00       0x20 ../producer_bsp/\libhal_bsp.a(altera_nios2_qsys_irq.o)
                0x00084f00                altera_nios2_qsys_irq_init
 .text          0x00084f20        0x0 ../producer_bsp/\libhal_bsp.a(alt_exception_entry.o)
 .text          0x00084f20       0x90 ../producer_bsp/\libhal_bsp.a(alt_find_dev.o)
                0x00084f20                alt_find_dev
 .text          0x00084fb0      0x114 ../producer_bsp/\libhal_bsp.a(alt_find_file.o)
                0x00084fb0                alt_find_file
 .text          0x000850c4       0xd4 ../producer_bsp/\libhal_bsp.a(alt_get_fd.o)
                0x000850c4                alt_get_fd
 .text          0x00085198       0x14 f:/altera/nios2eds/bin/gnu/h-i686-mingw32/bin/../lib/gcc/nios2-elf/4.7.3/../../../../../H-i686-mingw32/nios2-elf/lib/mno-hw-mul\libc.a(lib_a-atexit.o)
                0x00085198                atexit
 .text          0x000851ac       0x38 f:/altera/nios2eds/bin/gnu/h-i686-mingw32/bin/../lib/gcc/nios2-elf/4.7.3/../../../../../H-i686-mingw32/nios2-elf/lib/mno-hw-mul\libc.a(lib_a-exit.o)
                0x000851ac                exit
 .text          0x000851e4       0x7c f:/altera/nios2eds/bin/gnu/h-i686-mingw32/bin/../lib/gcc/nios2-elf/4.7.3/../../../../../H-i686-mingw32/nios2-elf/lib/mno-hw-mul\libc.a(lib_a-memcmp.o)
                0x000851e4                memcmp
 .text          0x00085260      0x130 f:/altera/nios2eds/bin/gnu/h-i686-mingw32/bin/../lib/gcc/nios2-elf/4.7.3/../../../../../H-i686-mingw32/nios2-elf/lib/mno-hw-mul\libc.a(lib_a-__atexit.o)
                0x00085260                __register_exitproc
 .text          0x00085390      0x1a0 f:/altera/nios2eds/bin/gnu/h-i686-mingw32/bin/../lib/gcc/nios2-elf/4.7.3/../../../../../H-i686-mingw32/nios2-elf/lib/mno-hw-mul\libc.a(lib_a-__call_atexit.o)
                0x00085390                __call_exitprocs
 .text          0x00085530       0x3c ../producer_bsp/\libhal_bsp.a(alt_exit.o)
                0x00085530                _exit
 *(.gnu.warning.*)
 *(.fini)
                0x0008556c                PROVIDE (__etext, ABSOLUTE (.))
                0x0008556c                PROVIDE (_etext, ABSOLUTE (.))
                0x0008556c                PROVIDE (etext, ABSOLUTE (.))
 *(.eh_frame_hdr)
                0x0008556c                . = ALIGN (0x4)
                0x0008556c                PROVIDE (__preinit_array_start, ABSOLUTE (.))
 *(.preinit_array)
                0x0008556c                PROVIDE (__preinit_array_end, ABSOLUTE (.))
                0x0008556c                PROVIDE (__init_array_start, ABSOLUTE (.))
 *(.init_array)
                0x0008556c                PROVIDE (__init_array_end, ABSOLUTE (.))
                0x0008556c                PROVIDE (__fini_array_start, ABSOLUTE (.))
 *(.fini_array)
                0x0008556c                PROVIDE (__fini_array_end, ABSOLUTE (.))
 *(.eh_frame)
 *(.gcc_except_table .gcc_except_table.*)
 *(.dynamic)
                0x0008556c                PROVIDE (__CTOR_LIST__, ABSOLUTE (.))
 *(.ctors)
 *(SORT(.ctors.*))
                0x0008556c                PROVIDE (__CTOR_END__, ABSOLUTE (.))
                0x0008556c                PROVIDE (__DTOR_LIST__, ABSOLUTE (.))
 *(.dtors)
 *(SORT(.dtors.*))
                0x0008556c                PROVIDE (__DTOR_END__, ABSOLUTE (.))
 *(.jcr)
                0x0008556c                . = ALIGN (0x4)

.rodata         0x00010000       0x48 load address 0x0008556c
                0x00010000                PROVIDE (__ram_rodata_start, ABSOLUTE (.))
                0x00010000                . = ALIGN (0x4)
 *(.rodata .rodata.* .gnu.linkonce.r.*)
 .rodata        0x00010000       0x14 obj/default/producer.o
 .rodata.str1.4
                0x00010014        0x2 f:/altera/nios2eds/bin/gnu/h-i686-mingw32/bin/../lib/gcc/nios2-elf/4.7.3/../../../../../H-i686-mingw32/nios2-elf/lib/mno-hw-mul\libc.a(lib_a-puts.o)
                                  0x4 (size before relaxing)
 *fill*         0x00010016        0x2 
 .rodata.str1.4
                0x00010018        0x4 f:/altera/nios2eds/bin/gnu/h-i686-mingw32/bin/../lib/gcc/nios2-elf/4.7.3/../../../../../H-i686-mingw32/nios2-elf/lib/mno-hw-mul\libc.a(lib_a-impure.o)
 .rodata        0x0001001c        0xc ../producer_bsp/\libhal_bsp.a(alt_dev.o)
 .rodata        0x00010028       0x10 ../producer_bsp/\libhal_bsp.a(alt_main.o)
 .rodata        0x00010038       0x10 ../producer_bsp/\libhal_bsp.a(alt_sys_init.o)
 *(.rodata1)
                0x00010048                . = ALIGN (0x4)
                0x00010048                PROVIDE (__ram_rodata_end, ABSOLUTE (.))
                0x0008556c                PROVIDE (__flash_rodata_start, LOADADDR (.rodata))

.rwdata         0x00010048     0x1a48 load address 0x000855b4
                0x00010048                PROVIDE (__ram_rwdata_start, ABSOLUTE (.))
                0x00010048                . = ALIGN (0x4)
 *(.got.plt)
 *(.got)
 *(.data1)
 *(.data .data.* .gnu.linkonce.d.*)
 .data          0x00010048        0x0 ../producer_bsp//obj/HAL/src/crt0.o
 .data          0x00010048        0x0 obj/default/FIFO_1.o
 .data          0x00010048        0x0 obj/default/producer.o
 .data          0x00010048        0x0 f:/altera/nios2eds/bin/gnu/h-i686-mingw32/bin/../lib/gcc/nios2-elf/4.7.3/../../../../../H-i686-mingw32/nios2-elf/lib/mno-hw-mul\libc.a(lib_a-puts.o)
 .data          0x00010048        0x0 f:/altera/nios2eds/bin/gnu/h-i686-mingw32/bin/../lib/gcc/nios2-elf/4.7.3/../../../../../H-i686-mingw32/nios2-elf/lib/mno-hw-mul\libc.a(lib_a-strlen.o)
 .data          0x00010048        0x0 f:/altera/nios2eds/bin/gnu/h-i686-mingw32/bin/../lib/gcc/nios2-elf/4.7.3/../../../../../H-i686-mingw32/nios2-elf/lib/mno-hw-mul\libc.a(lib_a-fvwrite.o)
 .data          0x00010048      0x400 f:/altera/nios2eds/bin/gnu/h-i686-mingw32/bin/../lib/gcc/nios2-elf/4.7.3/../../../../../H-i686-mingw32/nios2-elf/lib/mno-hw-mul\libc.a(lib_a-impure.o)
 .data          0x00010448      0x408 f:/altera/nios2eds/bin/gnu/h-i686-mingw32/bin/../lib/gcc/nios2-elf/4.7.3/../../../../../H-i686-mingw32/nios2-elf/lib/mno-hw-mul\libc.a(lib_a-mallocr.o)
                0x00010448                __malloc_av_
 .data          0x00010850        0x0 f:/altera/nios2eds/bin/gnu/h-i686-mingw32/bin/../lib/gcc/nios2-elf/4.7.3/../../../../../H-i686-mingw32/nios2-elf/lib/mno-hw-mul\libc.a(lib_a-memchr.o)
 .data          0x00010850        0x0 f:/altera/nios2eds/bin/gnu/h-i686-mingw32/bin/../lib/gcc/nios2-elf/4.7.3/../../../../../H-i686-mingw32/nios2-elf/lib/mno-hw-mul\libc.a(lib_a-memcpy.o)
 .data          0x00010850        0x0 f:/altera/nios2eds/bin/gnu/h-i686-mingw32/bin/../lib/gcc/nios2-elf/4.7.3/../../../../../H-i686-mingw32/nios2-elf/lib/mno-hw-mul\libc.a(lib_a-memmove.o)
 .data          0x00010850        0x0 f:/altera/nios2eds/bin/gnu/h-i686-mingw32/bin/../lib/gcc/nios2-elf/4.7.3/../../../../../H-i686-mingw32/nios2-elf/lib/mno-hw-mul\libc.a(lib_a-reallocr.o)
 .data          0x00010850        0x0 f:/altera/nios2eds/bin/gnu/h-i686-mingw32/bin/../lib/gcc/nios2-elf/4.7.3/../../../../../H-i686-mingw32/nios2-elf/lib/mno-hw-mul\libc.a(lib_a-sbrkr.o)
 .data          0x00010850        0x0 f:/altera/nios2eds/bin/gnu/h-i686-mingw32/bin/../lib/gcc/nios2-elf/4.7.3/../../../../../H-i686-mingw32/nios2-elf/lib/mno-hw-mul\libc.a(lib_a-wsetup.o)
 .data          0x00010850        0x0 f:/altera/nios2eds/bin/gnu/h-i686-mingw32/bin/../lib/gcc/nios2-elf/4.7.3/../../../../../H-i686-mingw32/nios2-elf/lib/mno-hw-mul\libc.a(lib_a-fflush.o)
 .data          0x00010850        0x0 f:/altera/nios2eds/bin/gnu/h-i686-mingw32/bin/../lib/gcc/nios2-elf/4.7.3/../../../../../H-i686-mingw32/nios2-elf/lib/mno-hw-mul\libc.a(lib_a-findfp.o)
 .data          0x00010850        0x0 f:/altera/nios2eds/bin/gnu/h-i686-mingw32/bin/../lib/gcc/nios2-elf/4.7.3/../../../../../H-i686-mingw32/nios2-elf/lib/mno-hw-mul\libc.a(lib_a-freer.o)
 .data          0x00010850        0x0 f:/altera/nios2eds/bin/gnu/h-i686-mingw32/bin/../lib/gcc/nios2-elf/4.7.3/../../../../../H-i686-mingw32/nios2-elf/lib/mno-hw-mul\libc.a(lib_a-fwalk.o)
 .data          0x00010850        0x0 f:/altera/nios2eds/bin/gnu/h-i686-mingw32/bin/../lib/gcc/nios2-elf/4.7.3/../../../../../H-i686-mingw32/nios2-elf/lib/mno-hw-mul\libc.a(lib_a-int_errno.o)
 .data          0x00010850        0x0 f:/altera/nios2eds/bin/gnu/h-i686-mingw32/bin/../lib/gcc/nios2-elf/4.7.3/../../../../../H-i686-mingw32/nios2-elf/lib/mno-hw-mul\libc.a(lib_a-makebuf.o)
 .data          0x00010850        0x0 f:/altera/nios2eds/bin/gnu/h-i686-mingw32/bin/../lib/gcc/nios2-elf/4.7.3/../../../../../H-i686-mingw32/nios2-elf/lib/mno-hw-mul\libc.a(lib_a-memset.o)
 .data          0x00010850        0x0 f:/altera/nios2eds/bin/gnu/h-i686-mingw32/bin/../lib/gcc/nios2-elf/4.7.3/../../../../../H-i686-mingw32/nios2-elf/lib/mno-hw-mul\libc.a(lib_a-stdio.o)
 .data          0x00010850        0x0 f:/altera/nios2eds/bin/gnu/h-i686-mingw32/bin/../lib/gcc/nios2-elf/4.7.3/../../../../../H-i686-mingw32/nios2-elf/lib/mno-hw-mul\libc.a(lib_a-writer.o)
 .data          0x00010850        0x0 f:/altera/nios2eds/bin/gnu/h-i686-mingw32/bin/../lib/gcc/nios2-elf/4.7.3/../../../../../H-i686-mingw32/nios2-elf/lib/mno-hw-mul\libc.a(lib_a-closer.o)
 .data          0x00010850        0x0 f:/altera/nios2eds/bin/gnu/h-i686-mingw32/bin/../lib/gcc/nios2-elf/4.7.3/../../../../../H-i686-mingw32/nios2-elf/lib/mno-hw-mul\libc.a(lib_a-fclose.o)
 .data          0x00010850        0x0 f:/altera/nios2eds/bin/gnu/h-i686-mingw32/bin/../lib/gcc/nios2-elf/4.7.3/../../../../../H-i686-mingw32/nios2-elf/lib/mno-hw-mul\libc.a(lib_a-fstatr.o)
 .data          0x00010850        0x0 f:/altera/nios2eds/bin/gnu/h-i686-mingw32/bin/../lib/gcc/nios2-elf/4.7.3/../../../../../H-i686-mingw32/nios2-elf/lib/mno-hw-mul\libc.a(lib_a-isattyr.o)
 .data          0x00010850        0x0 f:/altera/nios2eds/bin/gnu/h-i686-mingw32/bin/../lib/gcc/nios2-elf/4.7.3/../../../../../H-i686-mingw32/nios2-elf/lib/mno-hw-mul\libc.a(lib_a-lseekr.o)
 .data          0x00010850        0x0 f:/altera/nios2eds/bin/gnu/h-i686-mingw32/bin/../lib/gcc/nios2-elf/4.7.3/../../../../../H-i686-mingw32/nios2-elf/lib/mno-hw-mul\libc.a(lib_a-readr.o)
 .data          0x00010850        0x0 f:/altera/nios2eds/bin/gnu/h-i686-mingw32/bin/../lib/gcc/nios2-elf/4.7.3/mno-hw-mul\libgcc.a(lib2-mul.o)
 .data          0x00010850        0x0 ../producer_bsp/\libhal_bsp.a(alt_close.o)
 .data          0x00010850      0x1a8 ../producer_bsp/\libhal_bsp.a(alt_dev.o)
                0x00010850                alt_dev_null
                0x00010878                alt_fd_list
 .data          0x000109f8        0x0 ../producer_bsp/\libhal_bsp.a(alt_errno.o)
 .data          0x000109f8        0x0 ../producer_bsp/\libhal_bsp.a(alt_fstat.o)
 .data          0x000109f8        0x0 ../producer_bsp/\libhal_bsp.a(alt_isatty.o)
 .data          0x000109f8        0x0 ../producer_bsp/\libhal_bsp.a(alt_load.o)
 .data          0x000109f8        0x0 ../producer_bsp/\libhal_bsp.a(alt_lseek.o)
 .data          0x000109f8        0x0 ../producer_bsp/\libhal_bsp.a(alt_main.o)
 .data          0x000109f8        0x0 ../producer_bsp/\libhal_bsp.a(alt_malloc_lock.o)
 .data          0x000109f8        0x0 ../producer_bsp/\libhal_bsp.a(alt_read.o)
 .data          0x000109f8        0x0 ../producer_bsp/\libhal_bsp.a(alt_release_fd.o)
 .data          0x000109f8        0x0 ../producer_bsp/\libhal_bsp.a(alt_sbrk.o)
 .data          0x000109f8        0x0 ../producer_bsp/\libhal_bsp.a(alt_write.o)
 .data          0x000109f8     0x1060 ../producer_bsp/\libhal_bsp.a(alt_sys_init.o)
 .data          0x00011a58        0x0 ../producer_bsp/\libhal_bsp.a(altera_avalon_jtag_uart_fd.o)
 .data          0x00011a58        0x0 ../producer_bsp/\libhal_bsp.a(altera_avalon_jtag_uart_init.o)
 .data          0x00011a58        0x0 ../producer_bsp/\libhal_bsp.a(altera_avalon_jtag_uart_ioctl.o)
 .data          0x00011a58        0x0 ../producer_bsp/\libhal_bsp.a(altera_avalon_jtag_uart_read.o)
 .data          0x00011a58        0x0 ../producer_bsp/\libhal_bsp.a(altera_avalon_jtag_uart_write.o)
 .data          0x00011a58        0x0 ../producer_bsp/\libhal_bsp.a(altera_avalon_timer_sc.o)
 .data          0x00011a58        0x0 ../producer_bsp/\libhal_bsp.a(alt_alarm_start.o)
 .data          0x00011a58        0x0 ../producer_bsp/\libhal_bsp.a(alt_dcache_flush_all.o)
 .data          0x00011a58        0x0 ../producer_bsp/\libhal_bsp.a(alt_dev_llist_insert.o)
 .data          0x00011a58        0x0 ../producer_bsp/\libhal_bsp.a(alt_do_ctors.o)
 .data          0x00011a58        0x0 ../producer_bsp/\libhal_bsp.a(alt_do_dtors.o)
 .data          0x00011a58        0x0 ../producer_bsp/\libhal_bsp.a(alt_icache_flush_all.o)
 .data          0x00011a58        0x0 ../producer_bsp/\libhal_bsp.a(alt_iic.o)
 .data          0x00011a58        0x0 ../producer_bsp/\libhal_bsp.a(alt_iic_isr_register.o)
 .data          0x00011a58        0x0 ../producer_bsp/\libhal_bsp.a(alt_io_redirect.o)
 .data          0x00011a58        0x0 ../producer_bsp/\libhal_bsp.a(alt_irq_entry.o)
 .data          0x00011a58        0x0 ../producer_bsp/\libhal_bsp.a(alt_irq_handler.o)
 .data          0x00011a58        0x0 ../producer_bsp/\libhal_bsp.a(alt_irq_vars.o)
 .data          0x00011a58        0x0 ../producer_bsp/\libhal_bsp.a(alt_open.o)
 .data          0x00011a58        0x0 ../producer_bsp/\libhal_bsp.a(alt_tick.o)
 .data          0x00011a58        0x0 ../producer_bsp/\libhal_bsp.a(altera_nios2_qsys_irq.o)
 .data          0x00011a58        0x0 ../producer_bsp/\libhal_bsp.a(alt_exception_entry.o)
 .data          0x00011a58        0x0 ../producer_bsp/\libhal_bsp.a(alt_find_dev.o)
 .data          0x00011a58        0x0 ../producer_bsp/\libhal_bsp.a(alt_find_file.o)
 .data          0x00011a58        0x0 ../producer_bsp/\libhal_bsp.a(alt_get_fd.o)
 .data          0x00011a58        0x0 f:/altera/nios2eds/bin/gnu/h-i686-mingw32/bin/../lib/gcc/nios2-elf/4.7.3/../../../../../H-i686-mingw32/nios2-elf/lib/mno-hw-mul\libc.a(lib_a-atexit.o)
 .data          0x00011a58        0x0 f:/altera/nios2eds/bin/gnu/h-i686-mingw32/bin/../lib/gcc/nios2-elf/4.7.3/../../../../../H-i686-mingw32/nios2-elf/lib/mno-hw-mul\libc.a(lib_a-exit.o)
 .data          0x00011a58        0x0 f:/altera/nios2eds/bin/gnu/h-i686-mingw32/bin/../lib/gcc/nios2-elf/4.7.3/../../../../../H-i686-mingw32/nios2-elf/lib/mno-hw-mul\libc.a(lib_a-memcmp.o)
 .data          0x00011a58        0x0 f:/altera/nios2eds/bin/gnu/h-i686-mingw32/bin/../lib/gcc/nios2-elf/4.7.3/../../../../../H-i686-mingw32/nios2-elf/lib/mno-hw-mul\libc.a(lib_a-__atexit.o)
 .data          0x00011a58        0x0 f:/altera/nios2eds/bin/gnu/h-i686-mingw32/bin/../lib/gcc/nios2-elf/4.7.3/../../../../../H-i686-mingw32/nios2-elf/lib/mno-hw-mul\libc.a(lib_a-__call_atexit.o)
 .data          0x00011a58        0x0 ../producer_bsp/\libhal_bsp.a(alt_exit.o)
                0x00019a58                _gp = ABSOLUTE ((. + 0x8000))
                0x00019a58                PROVIDE (gp, _gp)
 *(.rwdata .rwdata.*)
 *(.sdata .sdata.* .gnu.linkonce.s.*)
 .sdata         0x00011a58        0x8 f:/altera/nios2eds/bin/gnu/h-i686-mingw32/bin/../lib/gcc/nios2-elf/4.7.3/../../../../../H-i686-mingw32/nios2-elf/lib/mno-hw-mul\libc.a(lib_a-impure.o)
                0x00011a58                _global_impure_ptr
                0x00011a5c                _impure_ptr
 .sdata         0x00011a60        0x8 f:/altera/nios2eds/bin/gnu/h-i686-mingw32/bin/../lib/gcc/nios2-elf/4.7.3/../../../../../H-i686-mingw32/nios2-elf/lib/mno-hw-mul\libc.a(lib_a-mallocr.o)
                0x00011a60                __malloc_sbrk_base
                0x00011a64                __malloc_trim_threshold
 .sdata         0x00011a68       0x14 ../producer_bsp/\libhal_bsp.a(alt_dev.o)
                0x00011a68                alt_fs_list
                0x00011a70                alt_dev_list
                0x00011a78                alt_max_fd
 .sdata         0x00011a7c        0x4 ../producer_bsp/\libhal_bsp.a(alt_errno.o)
                0x00011a7c                alt_errno
 .sdata         0x00011a80        0x4 ../producer_bsp/\libhal_bsp.a(alt_sbrk.o)
 .sdata         0x00011a84        0x4 ../producer_bsp/\libhal_bsp.a(alt_irq_vars.o)
                0x00011a84                alt_priority_mask
 .sdata         0x00011a88        0x8 ../producer_bsp/\libhal_bsp.a(alt_tick.o)
                0x00011a88                alt_alarm_list
 *(.sdata2 .sdata2.* .gnu.linkonce.s2.*)
                0x00011a90                . = ALIGN (0x4)
                0x00011a90                _edata = ABSOLUTE (.)
                0x00011a90                PROVIDE (edata, ABSOLUTE (.))
                0x00011a90                PROVIDE (__ram_rwdata_end, ABSOLUTE (.))
                0x000855b4                PROVIDE (__flash_rwdata_start, LOADADDR (.rwdata))

.bss            0x00011a90      0x2e0 load address 0x00086ffc
                0x00011a90                __bss_start = ABSOLUTE (.)
                0x00011a90                PROVIDE (__sbss_start, ABSOLUTE (.))
                0x00011a90                PROVIDE (___sbss_start, ABSOLUTE (.))
 *(.dynsbss)
 *(.sbss .sbss.* .gnu.linkonce.sb.*)
 .sbss          0x00011a90        0xc f:/altera/nios2eds/bin/gnu/h-i686-mingw32/bin/../lib/gcc/nios2-elf/4.7.3/../../../../../H-i686-mingw32/nios2-elf/lib/mno-hw-mul\libc.a(lib_a-mallocr.o)
                0x00011a90                __malloc_max_total_mem
                0x00011a94                __malloc_max_sbrked_mem
                0x00011a98                __malloc_top_pad
 .sbss          0x00011a9c        0x4 f:/altera/nios2eds/bin/gnu/h-i686-mingw32/bin/../lib/gcc/nios2-elf/4.7.3/../../../../../H-i686-mingw32/nios2-elf/lib/mno-hw-mul\libc.a(lib_a-int_errno.o)
                0x00011a9c                errno
 .sbss          0x00011aa0        0xc ../producer_bsp/\libhal_bsp.a(alt_main.o)
                0x00011aa0                alt_argc
                0x00011aa4                alt_argv
                0x00011aa8                alt_envp
 .sbss          0x00011aac        0x4 ../producer_bsp/\libhal_bsp.a(alt_irq_vars.o)
                0x00011aac                alt_irq_active
 .sbss          0x00011ab0        0x8 ../producer_bsp/\libhal_bsp.a(alt_tick.o)
                0x00011ab0                _alt_tick_rate
                0x00011ab4                _alt_nticks
 *(.sbss2 .sbss2.* .gnu.linkonce.sb2.*)
 *(.scommon)
                0x00011ab8                PROVIDE (__sbss_end, ABSOLUTE (.))
                0x00011ab8                PROVIDE (___sbss_end, ABSOLUTE (.))
 *(.dynbss)
 *(.bss .bss.* .gnu.linkonce.b.*)
 .bss           0x00011ab8        0x0 ../producer_bsp//obj/HAL/src/crt0.o
 .bss           0x00011ab8        0x0 obj/default/FIFO_1.o
 .bss           0x00011ab8        0x0 obj/default/producer.o
 .bss           0x00011ab8        0x0 f:/altera/nios2eds/bin/gnu/h-i686-mingw32/bin/../lib/gcc/nios2-elf/4.7.3/../../../../../H-i686-mingw32/nios2-elf/lib/mno-hw-mul\libc.a(lib_a-puts.o)
 .bss           0x00011ab8        0x0 f:/altera/nios2eds/bin/gnu/h-i686-mingw32/bin/../lib/gcc/nios2-elf/4.7.3/../../../../../H-i686-mingw32/nios2-elf/lib/mno-hw-mul\libc.a(lib_a-strlen.o)
 .bss           0x00011ab8        0x0 f:/altera/nios2eds/bin/gnu/h-i686-mingw32/bin/../lib/gcc/nios2-elf/4.7.3/../../../../../H-i686-mingw32/nios2-elf/lib/mno-hw-mul\libc.a(lib_a-fvwrite.o)
 .bss           0x00011ab8        0x0 f:/altera/nios2eds/bin/gnu/h-i686-mingw32/bin/../lib/gcc/nios2-elf/4.7.3/../../../../../H-i686-mingw32/nios2-elf/lib/mno-hw-mul\libc.a(lib_a-impure.o)
 .bss           0x00011ab8       0x28 f:/altera/nios2eds/bin/gnu/h-i686-mingw32/bin/../lib/gcc/nios2-elf/4.7.3/../../../../../H-i686-mingw32/nios2-elf/lib/mno-hw-mul\libc.a(lib_a-mallocr.o)
                0x00011ab8                __malloc_current_mallinfo
 .bss           0x00011ae0        0x0 f:/altera/nios2eds/bin/gnu/h-i686-mingw32/bin/../lib/gcc/nios2-elf/4.7.3/../../../../../H-i686-mingw32/nios2-elf/lib/mno-hw-mul\libc.a(lib_a-memchr.o)
 .bss           0x00011ae0        0x0 f:/altera/nios2eds/bin/gnu/h-i686-mingw32/bin/../lib/gcc/nios2-elf/4.7.3/../../../../../H-i686-mingw32/nios2-elf/lib/mno-hw-mul\libc.a(lib_a-memcpy.o)
 .bss           0x00011ae0        0x0 f:/altera/nios2eds/bin/gnu/h-i686-mingw32/bin/../lib/gcc/nios2-elf/4.7.3/../../../../../H-i686-mingw32/nios2-elf/lib/mno-hw-mul\libc.a(lib_a-memmove.o)
 .bss           0x00011ae0        0x0 f:/altera/nios2eds/bin/gnu/h-i686-mingw32/bin/../lib/gcc/nios2-elf/4.7.3/../../../../../H-i686-mingw32/nios2-elf/lib/mno-hw-mul\libc.a(lib_a-reallocr.o)
 .bss           0x00011ae0        0x0 f:/altera/nios2eds/bin/gnu/h-i686-mingw32/bin/../lib/gcc/nios2-elf/4.7.3/../../../../../H-i686-mingw32/nios2-elf/lib/mno-hw-mul\libc.a(lib_a-sbrkr.o)
 .bss           0x00011ae0        0x0 f:/altera/nios2eds/bin/gnu/h-i686-mingw32/bin/../lib/gcc/nios2-elf/4.7.3/../../../../../H-i686-mingw32/nios2-elf/lib/mno-hw-mul\libc.a(lib_a-wsetup.o)
 .bss           0x00011ae0        0x0 f:/altera/nios2eds/bin/gnu/h-i686-mingw32/bin/../lib/gcc/nios2-elf/4.7.3/../../../../../H-i686-mingw32/nios2-elf/lib/mno-hw-mul\libc.a(lib_a-fflush.o)
 .bss           0x00011ae0        0x0 f:/altera/nios2eds/bin/gnu/h-i686-mingw32/bin/../lib/gcc/nios2-elf/4.7.3/../../../../../H-i686-mingw32/nios2-elf/lib/mno-hw-mul\libc.a(lib_a-findfp.o)
 .bss           0x00011ae0        0x0 f:/altera/nios2eds/bin/gnu/h-i686-mingw32/bin/../lib/gcc/nios2-elf/4.7.3/../../../../../H-i686-mingw32/nios2-elf/lib/mno-hw-mul\libc.a(lib_a-freer.o)
 .bss           0x00011ae0        0x0 f:/altera/nios2eds/bin/gnu/h-i686-mingw32/bin/../lib/gcc/nios2-elf/4.7.3/../../../../../H-i686-mingw32/nios2-elf/lib/mno-hw-mul\libc.a(lib_a-fwalk.o)
 .bss           0x00011ae0        0x0 f:/altera/nios2eds/bin/gnu/h-i686-mingw32/bin/../lib/gcc/nios2-elf/4.7.3/../../../../../H-i686-mingw32/nios2-elf/lib/mno-hw-mul\libc.a(lib_a-int_errno.o)
 .bss           0x00011ae0        0x0 f:/altera/nios2eds/bin/gnu/h-i686-mingw32/bin/../lib/gcc/nios2-elf/4.7.3/../../../../../H-i686-mingw32/nios2-elf/lib/mno-hw-mul\libc.a(lib_a-makebuf.o)
 .bss           0x00011ae0        0x0 f:/altera/nios2eds/bin/gnu/h-i686-mingw32/bin/../lib/gcc/nios2-elf/4.7.3/../../../../../H-i686-mingw32/nios2-elf/lib/mno-hw-mul\libc.a(lib_a-memset.o)
 .bss           0x00011ae0        0x0 f:/altera/nios2eds/bin/gnu/h-i686-mingw32/bin/../lib/gcc/nios2-elf/4.7.3/../../../../../H-i686-mingw32/nios2-elf/lib/mno-hw-mul\libc.a(lib_a-stdio.o)
 .bss           0x00011ae0        0x0 f:/altera/nios2eds/bin/gnu/h-i686-mingw32/bin/../lib/gcc/nios2-elf/4.7.3/../../../../../H-i686-mingw32/nios2-elf/lib/mno-hw-mul\libc.a(lib_a-writer.o)
 .bss           0x00011ae0        0x0 f:/altera/nios2eds/bin/gnu/h-i686-mingw32/bin/../lib/gcc/nios2-elf/4.7.3/../../../../../H-i686-mingw32/nios2-elf/lib/mno-hw-mul\libc.a(lib_a-closer.o)
 .bss           0x00011ae0        0x0 f:/altera/nios2eds/bin/gnu/h-i686-mingw32/bin/../lib/gcc/nios2-elf/4.7.3/../../../../../H-i686-mingw32/nios2-elf/lib/mno-hw-mul\libc.a(lib_a-fclose.o)
 .bss           0x00011ae0        0x0 f:/altera/nios2eds/bin/gnu/h-i686-mingw32/bin/../lib/gcc/nios2-elf/4.7.3/../../../../../H-i686-mingw32/nios2-elf/lib/mno-hw-mul\libc.a(lib_a-fstatr.o)
 .bss           0x00011ae0        0x0 f:/altera/nios2eds/bin/gnu/h-i686-mingw32/bin/../lib/gcc/nios2-elf/4.7.3/../../../../../H-i686-mingw32/nios2-elf/lib/mno-hw-mul\libc.a(lib_a-isattyr.o)
 .bss           0x00011ae0        0x0 f:/altera/nios2eds/bin/gnu/h-i686-mingw32/bin/../lib/gcc/nios2-elf/4.7.3/../../../../../H-i686-mingw32/nios2-elf/lib/mno-hw-mul\libc.a(lib_a-lseekr.o)
 .bss           0x00011ae0        0x0 f:/altera/nios2eds/bin/gnu/h-i686-mingw32/bin/../lib/gcc/nios2-elf/4.7.3/../../../../../H-i686-mingw32/nios2-elf/lib/mno-hw-mul\libc.a(lib_a-readr.o)
 .bss           0x00011ae0        0x0 f:/altera/nios2eds/bin/gnu/h-i686-mingw32/bin/../lib/gcc/nios2-elf/4.7.3/mno-hw-mul\libgcc.a(lib2-mul.o)
 .bss           0x00011ae0        0x0 ../producer_bsp/\libhal_bsp.a(alt_close.o)
 .bss           0x00011ae0        0x0 ../producer_bsp/\libhal_bsp.a(alt_dev.o)
 .bss           0x00011ae0        0x0 ../producer_bsp/\libhal_bsp.a(alt_errno.o)
 .bss           0x00011ae0        0x0 ../producer_bsp/\libhal_bsp.a(alt_fstat.o)
 .bss           0x00011ae0        0x0 ../producer_bsp/\libhal_bsp.a(alt_isatty.o)
 .bss           0x00011ae0        0x0 ../producer_bsp/\libhal_bsp.a(alt_load.o)
 .bss           0x00011ae0        0x0 ../producer_bsp/\libhal_bsp.a(alt_lseek.o)
 .bss           0x00011ae0        0x0 ../producer_bsp/\libhal_bsp.a(alt_main.o)
 .bss           0x00011ae0        0x0 ../producer_bsp/\libhal_bsp.a(alt_malloc_lock.o)
 .bss           0x00011ae0        0x0 ../producer_bsp/\libhal_bsp.a(alt_read.o)
 .bss           0x00011ae0        0x0 ../producer_bsp/\libhal_bsp.a(alt_release_fd.o)
 .bss           0x00011ae0        0x0 ../producer_bsp/\libhal_bsp.a(alt_sbrk.o)
 .bss           0x00011ae0        0x0 ../producer_bsp/\libhal_bsp.a(alt_write.o)
 .bss           0x00011ae0        0x0 ../producer_bsp/\libhal_bsp.a(alt_sys_init.o)
 .bss           0x00011ae0        0x0 ../producer_bsp/\libhal_bsp.a(altera_avalon_jtag_uart_fd.o)
 .bss           0x00011ae0        0x0 ../producer_bsp/\libhal_bsp.a(altera_avalon_jtag_uart_init.o)
 .bss           0x00011ae0        0x0 ../producer_bsp/\libhal_bsp.a(altera_avalon_jtag_uart_ioctl.o)
 .bss           0x00011ae0        0x0 ../producer_bsp/\libhal_bsp.a(altera_avalon_jtag_uart_read.o)
 .bss           0x00011ae0        0x0 ../producer_bsp/\libhal_bsp.a(altera_avalon_jtag_uart_write.o)
 .bss           0x00011ae0        0x0 ../producer_bsp/\libhal_bsp.a(altera_avalon_timer_sc.o)
 .bss           0x00011ae0        0x0 ../producer_bsp/\libhal_bsp.a(alt_alarm_start.o)
 .bss           0x00011ae0        0x0 ../producer_bsp/\libhal_bsp.a(alt_dcache_flush_all.o)
 .bss           0x00011ae0        0x0 ../producer_bsp/\libhal_bsp.a(alt_dev_llist_insert.o)
 .bss           0x00011ae0        0x0 ../producer_bsp/\libhal_bsp.a(alt_do_ctors.o)
 .bss           0x00011ae0        0x0 ../producer_bsp/\libhal_bsp.a(alt_do_dtors.o)
 .bss           0x00011ae0        0x0 ../producer_bsp/\libhal_bsp.a(alt_icache_flush_all.o)
 .bss           0x00011ae0        0x0 ../producer_bsp/\libhal_bsp.a(alt_iic.o)
 .bss           0x00011ae0        0x0 ../producer_bsp/\libhal_bsp.a(alt_iic_isr_register.o)
 .bss           0x00011ae0        0x0 ../producer_bsp/\libhal_bsp.a(alt_io_redirect.o)
 .bss           0x00011ae0        0x0 ../producer_bsp/\libhal_bsp.a(alt_irq_entry.o)
 .bss           0x00011ae0        0x0 ../producer_bsp/\libhal_bsp.a(alt_irq_handler.o)
 .bss           0x00011ae0        0x0 ../producer_bsp/\libhal_bsp.a(alt_irq_vars.o)
 .bss           0x00011ae0        0x0 ../producer_bsp/\libhal_bsp.a(alt_open.o)
 .bss           0x00011ae0        0x0 ../producer_bsp/\libhal_bsp.a(alt_tick.o)
 .bss           0x00011ae0        0x0 ../producer_bsp/\libhal_bsp.a(altera_nios2_qsys_irq.o)
 .bss           0x00011ae0        0x0 ../producer_bsp/\libhal_bsp.a(alt_exception_entry.o)
 .bss           0x00011ae0        0x0 ../producer_bsp/\libhal_bsp.a(alt_find_dev.o)
 .bss           0x00011ae0        0x0 ../producer_bsp/\libhal_bsp.a(alt_find_file.o)
 .bss           0x00011ae0        0x0 ../producer_bsp/\libhal_bsp.a(alt_get_fd.o)
 .bss           0x00011ae0        0x0 f:/altera/nios2eds/bin/gnu/h-i686-mingw32/bin/../lib/gcc/nios2-elf/4.7.3/../../../../../H-i686-mingw32/nios2-elf/lib/mno-hw-mul\libc.a(lib_a-atexit.o)
 .bss           0x00011ae0        0x0 f:/altera/nios2eds/bin/gnu/h-i686-mingw32/bin/../lib/gcc/nios2-elf/4.7.3/../../../../../H-i686-mingw32/nios2-elf/lib/mno-hw-mul\libc.a(lib_a-exit.o)
 .bss           0x00011ae0        0x0 f:/altera/nios2eds/bin/gnu/h-i686-mingw32/bin/../lib/gcc/nios2-elf/4.7.3/../../../../../H-i686-mingw32/nios2-elf/lib/mno-hw-mul\libc.a(lib_a-memcmp.o)
 .bss           0x00011ae0        0x0 f:/altera/nios2eds/bin/gnu/h-i686-mingw32/bin/../lib/gcc/nios2-elf/4.7.3/../../../../../H-i686-mingw32/nios2-elf/lib/mno-hw-mul\libc.a(lib_a-__atexit.o)
 .bss           0x00011ae0        0x0 f:/altera/nios2eds/bin/gnu/h-i686-mingw32/bin/../lib/gcc/nios2-elf/4.7.3/../../../../../H-i686-mingw32/nios2-elf/lib/mno-hw-mul\libc.a(lib_a-__call_atexit.o)
 .bss           0x00011ae0        0x0 ../producer_bsp/\libhal_bsp.a(alt_exit.o)
 *(COMMON)
 COMMON         0x00011ae0      0x100 ../producer_bsp/\libhal_bsp.a(alt_irq_handler.o)
                0x00011ae0                alt_irq
 COMMON         0x00011be0      0x190 f:/altera/nios2eds/bin/gnu/h-i686-mingw32/bin/../lib/gcc/nios2-elf/4.7.3/../../../../../H-i686-mingw32/nios2-elf/lib/mno-hw-mul\libc.a(lib_a-atexit.o)
                0x00011be0                _atexit0
                0x00011d70                . = ALIGN (0x4)
                0x00011d70                __bss_end = ABSOLUTE (.)

.onchip_instruction_memory0
                0x00086ffc        0x0
                0x00086ffc                PROVIDE (_alt_partition_onchip_instruction_memory0_start, ABSOLUTE (.))
 *(.onchip_instruction_memory0 .onchip_instruction_memory0. onchip_instruction_memory0.*)
                0x00086ffc                . = ALIGN (0x4)
                0x00086ffc                PROVIDE (_alt_partition_onchip_instruction_memory0_end, ABSOLUTE (.))
                0x00086ffc                PROVIDE (_alt_partition_onchip_instruction_memory0_load_addr, LOADADDR (.onchip_instruction_memory0))
                0x00011d70                PROVIDE (_end, __bss_end)
                0x00011d70                _end = __bss_end
                0x00011d70                PROVIDE (end, __bss_end)
                0x00011d70                end = __bss_end
                0x00086ffc                PROVIDE (__alt_stack_base, ABSOLUTE (.))
                0x00086ffc                __alt_stack_base = ABSOLUTE (.)

.stab
 *(.stab)

.stabstr
 *(.stabstr)

.stab.excl
 *(.stab.excl)

.stab.exclstr
 *(.stab.exclstr)

.stab.index
 *(.stab.index)

.stab.indexstr
 *(.stab.indexstr)

.comment        0x00000000       0x23
 *(.comment)
 .comment       0x00000000       0x23 obj/default/FIFO_1.o
                                 0x24 (size before relaxing)
 .comment       0x00000000       0x24 obj/default/producer.o
 .comment       0x00000000       0x24 f:/altera/nios2eds/bin/gnu/h-i686-mingw32/bin/../lib/gcc/nios2-elf/4.7.3/../../../../../H-i686-mingw32/nios2-elf/lib/mno-hw-mul\libc.a(lib_a-puts.o)
 .comment       0x00000000       0x24 f:/altera/nios2eds/bin/gnu/h-i686-mingw32/bin/../lib/gcc/nios2-elf/4.7.3/../../../../../H-i686-mingw32/nios2-elf/lib/mno-hw-mul\libc.a(lib_a-strlen.o)
 .comment       0x00000000       0x24 f:/altera/nios2eds/bin/gnu/h-i686-mingw32/bin/../lib/gcc/nios2-elf/4.7.3/../../../../../H-i686-mingw32/nios2-elf/lib/mno-hw-mul\libc.a(lib_a-fvwrite.o)
 .comment       0x00000000       0x24 f:/altera/nios2eds/bin/gnu/h-i686-mingw32/bin/../lib/gcc/nios2-elf/4.7.3/../../../../../H-i686-mingw32/nios2-elf/lib/mno-hw-mul\libc.a(lib_a-impure.o)
 .comment       0x00000000       0x24 f:/altera/nios2eds/bin/gnu/h-i686-mingw32/bin/../lib/gcc/nios2-elf/4.7.3/../../../../../H-i686-mingw32/nios2-elf/lib/mno-hw-mul\libc.a(lib_a-mallocr.o)
 .comment       0x00000000       0x24 f:/altera/nios2eds/bin/gnu/h-i686-mingw32/bin/../lib/gcc/nios2-elf/4.7.3/../../../../../H-i686-mingw32/nios2-elf/lib/mno-hw-mul\libc.a(lib_a-memchr.o)
 .comment       0x00000000       0x24 f:/altera/nios2eds/bin/gnu/h-i686-mingw32/bin/../lib/gcc/nios2-elf/4.7.3/../../../../../H-i686-mingw32/nios2-elf/lib/mno-hw-mul\libc.a(lib_a-memcpy.o)
 .comment       0x00000000       0x24 f:/altera/nios2eds/bin/gnu/h-i686-mingw32/bin/../lib/gcc/nios2-elf/4.7.3/../../../../../H-i686-mingw32/nios2-elf/lib/mno-hw-mul\libc.a(lib_a-memmove.o)
 .comment       0x00000000       0x24 f:/altera/nios2eds/bin/gnu/h-i686-mingw32/bin/../lib/gcc/nios2-elf/4.7.3/../../../../../H-i686-mingw32/nios2-elf/lib/mno-hw-mul\libc.a(lib_a-reallocr.o)
 .comment       0x00000000       0x24 f:/altera/nios2eds/bin/gnu/h-i686-mingw32/bin/../lib/gcc/nios2-elf/4.7.3/../../../../../H-i686-mingw32/nios2-elf/lib/mno-hw-mul\libc.a(lib_a-sbrkr.o)
 .comment       0x00000000       0x24 f:/altera/nios2eds/bin/gnu/h-i686-mingw32/bin/../lib/gcc/nios2-elf/4.7.3/../../../../../H-i686-mingw32/nios2-elf/lib/mno-hw-mul\libc.a(lib_a-wsetup.o)
 .comment       0x00000000       0x24 f:/altera/nios2eds/bin/gnu/h-i686-mingw32/bin/../lib/gcc/nios2-elf/4.7.3/../../../../../H-i686-mingw32/nios2-elf/lib/mno-hw-mul\libc.a(lib_a-fflush.o)
 .comment       0x00000000       0x24 f:/altera/nios2eds/bin/gnu/h-i686-mingw32/bin/../lib/gcc/nios2-elf/4.7.3/../../../../../H-i686-mingw32/nios2-elf/lib/mno-hw-mul\libc.a(lib_a-findfp.o)
 .comment       0x00000000       0x24 f:/altera/nios2eds/bin/gnu/h-i686-mingw32/bin/../lib/gcc/nios2-elf/4.7.3/../../../../../H-i686-mingw32/nios2-elf/lib/mno-hw-mul\libc.a(lib_a-freer.o)
 .comment       0x00000000       0x24 f:/altera/nios2eds/bin/gnu/h-i686-mingw32/bin/../lib/gcc/nios2-elf/4.7.3/../../../../../H-i686-mingw32/nios2-elf/lib/mno-hw-mul\libc.a(lib_a-fwalk.o)
 .comment       0x00000000       0x24 f:/altera/nios2eds/bin/gnu/h-i686-mingw32/bin/../lib/gcc/nios2-elf/4.7.3/../../../../../H-i686-mingw32/nios2-elf/lib/mno-hw-mul\libc.a(lib_a-int_errno.o)
 .comment       0x00000000       0x24 f:/altera/nios2eds/bin/gnu/h-i686-mingw32/bin/../lib/gcc/nios2-elf/4.7.3/../../../../../H-i686-mingw32/nios2-elf/lib/mno-hw-mul\libc.a(lib_a-makebuf.o)
 .comment       0x00000000       0x24 f:/altera/nios2eds/bin/gnu/h-i686-mingw32/bin/../lib/gcc/nios2-elf/4.7.3/../../../../../H-i686-mingw32/nios2-elf/lib/mno-hw-mul\libc.a(lib_a-memset.o)
 .comment       0x00000000       0x24 f:/altera/nios2eds/bin/gnu/h-i686-mingw32/bin/../lib/gcc/nios2-elf/4.7.3/../../../../../H-i686-mingw32/nios2-elf/lib/mno-hw-mul\libc.a(lib_a-stdio.o)
 .comment       0x00000000       0x24 f:/altera/nios2eds/bin/gnu/h-i686-mingw32/bin/../lib/gcc/nios2-elf/4.7.3/../../../../../H-i686-mingw32/nios2-elf/lib/mno-hw-mul\libc.a(lib_a-writer.o)
 .comment       0x00000000       0x24 f:/altera/nios2eds/bin/gnu/h-i686-mingw32/bin/../lib/gcc/nios2-elf/4.7.3/../../../../../H-i686-mingw32/nios2-elf/lib/mno-hw-mul\libc.a(lib_a-closer.o)
 .comment       0x00000000       0x24 f:/altera/nios2eds/bin/gnu/h-i686-mingw32/bin/../lib/gcc/nios2-elf/4.7.3/../../../../../H-i686-mingw32/nios2-elf/lib/mno-hw-mul\libc.a(lib_a-fclose.o)
 .comment       0x00000000       0x24 f:/altera/nios2eds/bin/gnu/h-i686-mingw32/bin/../lib/gcc/nios2-elf/4.7.3/../../../../../H-i686-mingw32/nios2-elf/lib/mno-hw-mul\libc.a(lib_a-fstatr.o)
 .comment       0x00000000       0x24 f:/altera/nios2eds/bin/gnu/h-i686-mingw32/bin/../lib/gcc/nios2-elf/4.7.3/../../../../../H-i686-mingw32/nios2-elf/lib/mno-hw-mul\libc.a(lib_a-isattyr.o)
 .comment       0x00000000       0x24 f:/altera/nios2eds/bin/gnu/h-i686-mingw32/bin/../lib/gcc/nios2-elf/4.7.3/../../../../../H-i686-mingw32/nios2-elf/lib/mno-hw-mul\libc.a(lib_a-lseekr.o)
 .comment       0x00000000       0x24 f:/altera/nios2eds/bin/gnu/h-i686-mingw32/bin/../lib/gcc/nios2-elf/4.7.3/../../../../../H-i686-mingw32/nios2-elf/lib/mno-hw-mul\libc.a(lib_a-readr.o)
 .comment       0x00000000       0x24 f:/altera/nios2eds/bin/gnu/h-i686-mingw32/bin/../lib/gcc/nios2-elf/4.7.3/mno-hw-mul\libgcc.a(lib2-mul.o)
 .comment       0x00000000       0x24 ../producer_bsp/\libhal_bsp.a(alt_close.o)
 .comment       0x00000000       0x24 ../producer_bsp/\libhal_bsp.a(alt_dev.o)
 .comment       0x00000000       0x24 ../producer_bsp/\libhal_bsp.a(alt_errno.o)
 .comment       0x00000000       0x24 ../producer_bsp/\libhal_bsp.a(alt_fstat.o)
 .comment       0x00000000       0x24 ../producer_bsp/\libhal_bsp.a(alt_isatty.o)
 .comment       0x00000000       0x24 ../producer_bsp/\libhal_bsp.a(alt_load.o)
 .comment       0x00000000       0x24 ../producer_bsp/\libhal_bsp.a(alt_lseek.o)
 .comment       0x00000000       0x24 ../producer_bsp/\libhal_bsp.a(alt_main.o)
 .comment       0x00000000       0x24 ../producer_bsp/\libhal_bsp.a(alt_malloc_lock.o)
 .comment       0x00000000       0x24 ../producer_bsp/\libhal_bsp.a(alt_read.o)
 .comment       0x00000000       0x24 ../producer_bsp/\libhal_bsp.a(alt_release_fd.o)
 .comment       0x00000000       0x24 ../producer_bsp/\libhal_bsp.a(alt_sbrk.o)
 .comment       0x00000000       0x24 ../producer_bsp/\libhal_bsp.a(alt_write.o)
 .comment       0x00000000       0x24 ../producer_bsp/\libhal_bsp.a(alt_sys_init.o)
 .comment       0x00000000       0x24 ../producer_bsp/\libhal_bsp.a(altera_avalon_jtag_uart_fd.o)
 .comment       0x00000000       0x24 ../producer_bsp/\libhal_bsp.a(altera_avalon_jtag_uart_init.o)
 .comment       0x00000000       0x24 ../producer_bsp/\libhal_bsp.a(altera_avalon_jtag_uart_ioctl.o)
 .comment       0x00000000       0x24 ../producer_bsp/\libhal_bsp.a(altera_avalon_jtag_uart_read.o)
 .comment       0x00000000       0x24 ../producer_bsp/\libhal_bsp.a(altera_avalon_jtag_uart_write.o)
 .comment       0x00000000       0x24 ../producer_bsp/\libhal_bsp.a(altera_avalon_timer_sc.o)
 .comment       0x00000000       0x24 ../producer_bsp/\libhal_bsp.a(alt_alarm_start.o)
 .comment       0x00000000       0x24 ../producer_bsp/\libhal_bsp.a(alt_dcache_flush_all.o)
 .comment       0x00000000       0x24 ../producer_bsp/\libhal_bsp.a(alt_dev_llist_insert.o)
 .comment       0x00000000       0x24 ../producer_bsp/\libhal_bsp.a(alt_do_ctors.o)
 .comment       0x00000000       0x24 ../producer_bsp/\libhal_bsp.a(alt_do_dtors.o)
 .comment       0x00000000       0x24 ../producer_bsp/\libhal_bsp.a(alt_icache_flush_all.o)
 .comment       0x00000000       0x24 ../producer_bsp/\libhal_bsp.a(alt_iic.o)
 .comment       0x00000000       0x24 ../producer_bsp/\libhal_bsp.a(alt_iic_isr_register.o)
 .comment       0x00000000       0x24 ../producer_bsp/\libhal_bsp.a(alt_io_redirect.o)
 .comment       0x00000000       0x24 ../producer_bsp/\libhal_bsp.a(alt_irq_handler.o)
 .comment       0x00000000       0x24 ../producer_bsp/\libhal_bsp.a(alt_irq_vars.o)
 .comment       0x00000000       0x24 ../producer_bsp/\libhal_bsp.a(alt_open.o)
 .comment       0x00000000       0x24 ../producer_bsp/\libhal_bsp.a(alt_tick.o)
 .comment       0x00000000       0x24 ../producer_bsp/\libhal_bsp.a(altera_nios2_qsys_irq.o)
 .comment       0x00000000       0x24 ../producer_bsp/\libhal_bsp.a(alt_find_dev.o)
 .comment       0x00000000       0x24 ../producer_bsp/\libhal_bsp.a(alt_find_file.o)
 .comment       0x00000000       0x24 ../producer_bsp/\libhal_bsp.a(alt_get_fd.o)
 .comment       0x00000000       0x24 f:/altera/nios2eds/bin/gnu/h-i686-mingw32/bin/../lib/gcc/nios2-elf/4.7.3/../../../../../H-i686-mingw32/nios2-elf/lib/mno-hw-mul\libc.a(lib_a-atexit.o)
 .comment       0x00000000       0x24 f:/altera/nios2eds/bin/gnu/h-i686-mingw32/bin/../lib/gcc/nios2-elf/4.7.3/../../../../../H-i686-mingw32/nios2-elf/lib/mno-hw-mul\libc.a(lib_a-exit.o)
 .comment       0x00000000       0x24 f:/altera/nios2eds/bin/gnu/h-i686-mingw32/bin/../lib/gcc/nios2-elf/4.7.3/../../../../../H-i686-mingw32/nios2-elf/lib/mno-hw-mul\libc.a(lib_a-memcmp.o)
 .comment       0x00000000       0x24 f:/altera/nios2eds/bin/gnu/h-i686-mingw32/bin/../lib/gcc/nios2-elf/4.7.3/../../../../../H-i686-mingw32/nios2-elf/lib/mno-hw-mul\libc.a(lib_a-__atexit.o)
 .comment       0x00000000       0x24 f:/altera/nios2eds/bin/gnu/h-i686-mingw32/bin/../lib/gcc/nios2-elf/4.7.3/../../../../../H-i686-mingw32/nios2-elf/lib/mno-hw-mul\libc.a(lib_a-__call_atexit.o)
 .comment       0x00000000       0x24 ../producer_bsp/\libhal_bsp.a(alt_exit.o)

.debug
 *(.debug)

.line
 *(.line)

.debug_srcinfo
 *(.debug_srcinfo)

.debug_sfnames
 *(.debug_sfnames)

.debug_aranges  0x00000000      0x950
 *(.debug_aranges)
 .debug_aranges
                0x00000000       0x28 ../producer_bsp//obj/HAL/src/crt0.o
 .debug_aranges
                0x00000028       0x20 obj/default/producer.o
 .debug_aranges
                0x00000048       0x20 f:/altera/nios2eds/bin/gnu/h-i686-mingw32/bin/../lib/gcc/nios2-elf/4.7.3/../../../../../H-i686-mingw32/nios2-elf/lib/mno-hw-mul\libc.a(lib_a-puts.o)
 .debug_aranges
                0x00000068       0x20 f:/altera/nios2eds/bin/gnu/h-i686-mingw32/bin/../lib/gcc/nios2-elf/4.7.3/../../../../../H-i686-mingw32/nios2-elf/lib/mno-hw-mul\libc.a(lib_a-strlen.o)
 .debug_aranges
                0x00000088       0x20 f:/altera/nios2eds/bin/gnu/h-i686-mingw32/bin/../lib/gcc/nios2-elf/4.7.3/../../../../../H-i686-mingw32/nios2-elf/lib/mno-hw-mul\libc.a(lib_a-fvwrite.o)
 .debug_aranges
                0x000000a8       0x18 f:/altera/nios2eds/bin/gnu/h-i686-mingw32/bin/../lib/gcc/nios2-elf/4.7.3/../../../../../H-i686-mingw32/nios2-elf/lib/mno-hw-mul\libc.a(lib_a-impure.o)
 .debug_aranges
                0x000000c0       0x20 f:/altera/nios2eds/bin/gnu/h-i686-mingw32/bin/../lib/gcc/nios2-elf/4.7.3/../../../../../H-i686-mingw32/nios2-elf/lib/mno-hw-mul\libc.a(lib_a-mallocr.o)
 .debug_aranges
                0x000000e0       0x20 f:/altera/nios2eds/bin/gnu/h-i686-mingw32/bin/../lib/gcc/nios2-elf/4.7.3/../../../../../H-i686-mingw32/nios2-elf/lib/mno-hw-mul\libc.a(lib_a-memchr.o)
 .debug_aranges
                0x00000100       0x20 f:/altera/nios2eds/bin/gnu/h-i686-mingw32/bin/../lib/gcc/nios2-elf/4.7.3/../../../../../H-i686-mingw32/nios2-elf/lib/mno-hw-mul\libc.a(lib_a-memcpy.o)
 .debug_aranges
                0x00000120       0x20 f:/altera/nios2eds/bin/gnu/h-i686-mingw32/bin/../lib/gcc/nios2-elf/4.7.3/../../../../../H-i686-mingw32/nios2-elf/lib/mno-hw-mul\libc.a(lib_a-memmove.o)
 .debug_aranges
                0x00000140       0x20 f:/altera/nios2eds/bin/gnu/h-i686-mingw32/bin/../lib/gcc/nios2-elf/4.7.3/../../../../../H-i686-mingw32/nios2-elf/lib/mno-hw-mul\libc.a(lib_a-reallocr.o)
 .debug_aranges
                0x00000160       0x20 f:/altera/nios2eds/bin/gnu/h-i686-mingw32/bin/../lib/gcc/nios2-elf/4.7.3/../../../../../H-i686-mingw32/nios2-elf/lib/mno-hw-mul\libc.a(lib_a-sbrkr.o)
 .debug_aranges
                0x00000180       0x20 f:/altera/nios2eds/bin/gnu/h-i686-mingw32/bin/../lib/gcc/nios2-elf/4.7.3/../../../../../H-i686-mingw32/nios2-elf/lib/mno-hw-mul\libc.a(lib_a-wsetup.o)
 .debug_aranges
                0x000001a0       0x20 f:/altera/nios2eds/bin/gnu/h-i686-mingw32/bin/../lib/gcc/nios2-elf/4.7.3/../../../../../H-i686-mingw32/nios2-elf/lib/mno-hw-mul\libc.a(lib_a-fflush.o)
 .debug_aranges
                0x000001c0       0x20 f:/altera/nios2eds/bin/gnu/h-i686-mingw32/bin/../lib/gcc/nios2-elf/4.7.3/../../../../../H-i686-mingw32/nios2-elf/lib/mno-hw-mul\libc.a(lib_a-findfp.o)
 .debug_aranges
                0x000001e0       0x20 f:/altera/nios2eds/bin/gnu/h-i686-mingw32/bin/../lib/gcc/nios2-elf/4.7.3/../../../../../H-i686-mingw32/nios2-elf/lib/mno-hw-mul\libc.a(lib_a-freer.o)
 .debug_aranges
                0x00000200       0x20 f:/altera/nios2eds/bin/gnu/h-i686-mingw32/bin/../lib/gcc/nios2-elf/4.7.3/../../../../../H-i686-mingw32/nios2-elf/lib/mno-hw-mul\libc.a(lib_a-fwalk.o)
 .debug_aranges
                0x00000220       0x18 f:/altera/nios2eds/bin/gnu/h-i686-mingw32/bin/../lib/gcc/nios2-elf/4.7.3/../../../../../H-i686-mingw32/nios2-elf/lib/mno-hw-mul\libc.a(lib_a-int_errno.o)
 .debug_aranges
                0x00000238       0x20 f:/altera/nios2eds/bin/gnu/h-i686-mingw32/bin/../lib/gcc/nios2-elf/4.7.3/../../../../../H-i686-mingw32/nios2-elf/lib/mno-hw-mul\libc.a(lib_a-makebuf.o)
 .debug_aranges
                0x00000258       0x20 f:/altera/nios2eds/bin/gnu/h-i686-mingw32/bin/../lib/gcc/nios2-elf/4.7.3/../../../../../H-i686-mingw32/nios2-elf/lib/mno-hw-mul\libc.a(lib_a-memset.o)
 .debug_aranges
                0x00000278       0x20 f:/altera/nios2eds/bin/gnu/h-i686-mingw32/bin/../lib/gcc/nios2-elf/4.7.3/../../../../../H-i686-mingw32/nios2-elf/lib/mno-hw-mul\libc.a(lib_a-stdio.o)
 .debug_aranges
                0x00000298       0x20 f:/altera/nios2eds/bin/gnu/h-i686-mingw32/bin/../lib/gcc/nios2-elf/4.7.3/../../../../../H-i686-mingw32/nios2-elf/lib/mno-hw-mul\libc.a(lib_a-writer.o)
 .debug_aranges
                0x000002b8       0x20 f:/altera/nios2eds/bin/gnu/h-i686-mingw32/bin/../lib/gcc/nios2-elf/4.7.3/../../../../../H-i686-mingw32/nios2-elf/lib/mno-hw-mul\libc.a(lib_a-closer.o)
 .debug_aranges
                0x000002d8       0x20 f:/altera/nios2eds/bin/gnu/h-i686-mingw32/bin/../lib/gcc/nios2-elf/4.7.3/../../../../../H-i686-mingw32/nios2-elf/lib/mno-hw-mul\libc.a(lib_a-fclose.o)
 .debug_aranges
                0x000002f8       0x20 f:/altera/nios2eds/bin/gnu/h-i686-mingw32/bin/../lib/gcc/nios2-elf/4.7.3/../../../../../H-i686-mingw32/nios2-elf/lib/mno-hw-mul\libc.a(lib_a-fstatr.o)
 .debug_aranges
                0x00000318       0x20 f:/altera/nios2eds/bin/gnu/h-i686-mingw32/bin/../lib/gcc/nios2-elf/4.7.3/../../../../../H-i686-mingw32/nios2-elf/lib/mno-hw-mul\libc.a(lib_a-isattyr.o)
 .debug_aranges
                0x00000338       0x20 f:/altera/nios2eds/bin/gnu/h-i686-mingw32/bin/../lib/gcc/nios2-elf/4.7.3/../../../../../H-i686-mingw32/nios2-elf/lib/mno-hw-mul\libc.a(lib_a-lseekr.o)
 .debug_aranges
                0x00000358       0x20 f:/altera/nios2eds/bin/gnu/h-i686-mingw32/bin/../lib/gcc/nios2-elf/4.7.3/../../../../../H-i686-mingw32/nios2-elf/lib/mno-hw-mul\libc.a(lib_a-readr.o)
 .debug_aranges
                0x00000378       0x20 f:/altera/nios2eds/bin/gnu/h-i686-mingw32/bin/../lib/gcc/nios2-elf/4.7.3/mno-hw-mul\libgcc.a(lib2-mul.o)
 .debug_aranges
                0x00000398       0x20 ../producer_bsp/\libhal_bsp.a(alt_close.o)
 .debug_aranges
                0x000003b8       0x20 ../producer_bsp/\libhal_bsp.a(alt_dev.o)
 .debug_aranges
                0x000003d8       0x18 ../producer_bsp/\libhal_bsp.a(alt_errno.o)
 .debug_aranges
                0x000003f0       0x20 ../producer_bsp/\libhal_bsp.a(alt_fstat.o)
 .debug_aranges
                0x00000410       0x20 ../producer_bsp/\libhal_bsp.a(alt_isatty.o)
 .debug_aranges
                0x00000430       0x20 ../producer_bsp/\libhal_bsp.a(alt_load.o)
 .debug_aranges
                0x00000450       0x20 ../producer_bsp/\libhal_bsp.a(alt_lseek.o)
 .debug_aranges
                0x00000470       0x20 ../producer_bsp/\libhal_bsp.a(alt_main.o)
 .debug_aranges
                0x00000490       0x20 ../producer_bsp/\libhal_bsp.a(alt_malloc_lock.o)
 .debug_aranges
                0x000004b0       0x20 ../producer_bsp/\libhal_bsp.a(alt_read.o)
 .debug_aranges
                0x000004d0       0x20 ../producer_bsp/\libhal_bsp.a(alt_release_fd.o)
 .debug_aranges
                0x000004f0       0x20 ../producer_bsp/\libhal_bsp.a(alt_sbrk.o)
 .debug_aranges
                0x00000510       0x20 ../producer_bsp/\libhal_bsp.a(alt_write.o)
 .debug_aranges
                0x00000530       0x20 ../producer_bsp/\libhal_bsp.a(alt_sys_init.o)
 .debug_aranges
                0x00000550       0x20 ../producer_bsp/\libhal_bsp.a(altera_avalon_jtag_uart_fd.o)
 .debug_aranges
                0x00000570       0x20 ../producer_bsp/\libhal_bsp.a(altera_avalon_jtag_uart_init.o)
 .debug_aranges
                0x00000590       0x20 ../producer_bsp/\libhal_bsp.a(altera_avalon_jtag_uart_ioctl.o)
 .debug_aranges
                0x000005b0       0x20 ../producer_bsp/\libhal_bsp.a(altera_avalon_jtag_uart_read.o)
 .debug_aranges
                0x000005d0       0x20 ../producer_bsp/\libhal_bsp.a(altera_avalon_jtag_uart_write.o)
 .debug_aranges
                0x000005f0       0x20 ../producer_bsp/\libhal_bsp.a(altera_avalon_timer_sc.o)
 .debug_aranges
                0x00000610       0x20 ../producer_bsp/\libhal_bsp.a(alt_alarm_start.o)
 .debug_aranges
                0x00000630       0x20 ../producer_bsp/\libhal_bsp.a(alt_dcache_flush_all.o)
 .debug_aranges
                0x00000650       0x20 ../producer_bsp/\libhal_bsp.a(alt_dev_llist_insert.o)
 .debug_aranges
                0x00000670       0x20 ../producer_bsp/\libhal_bsp.a(alt_do_ctors.o)
 .debug_aranges
                0x00000690       0x20 ../producer_bsp/\libhal_bsp.a(alt_do_dtors.o)
 .debug_aranges
                0x000006b0       0x20 ../producer_bsp/\libhal_bsp.a(alt_icache_flush_all.o)
 .debug_aranges
                0x000006d0       0x20 ../producer_bsp/\libhal_bsp.a(alt_iic.o)
 .debug_aranges
                0x000006f0       0x20 ../producer_bsp/\libhal_bsp.a(alt_iic_isr_register.o)
 .debug_aranges
                0x00000710       0x20 ../producer_bsp/\libhal_bsp.a(alt_io_redirect.o)
 .debug_aranges
                0x00000730       0x30 ../producer_bsp/\libhal_bsp.a(alt_irq_entry.o)
 .debug_aranges
                0x00000760       0x20 ../producer_bsp/\libhal_bsp.a(alt_irq_handler.o)
 .debug_aranges
                0x00000780       0x18 ../producer_bsp/\libhal_bsp.a(alt_irq_vars.o)
 .debug_aranges
                0x00000798       0x20 ../producer_bsp/\libhal_bsp.a(alt_open.o)
 .debug_aranges
                0x000007b8       0x20 ../producer_bsp/\libhal_bsp.a(alt_tick.o)
 .debug_aranges
                0x000007d8       0x20 ../producer_bsp/\libhal_bsp.a(altera_nios2_qsys_irq.o)
 .debug_aranges
                0x000007f8       0x38 ../producer_bsp/\libhal_bsp.a(alt_exception_entry.o)
 .debug_aranges
                0x00000830       0x20 ../producer_bsp/\libhal_bsp.a(alt_find_dev.o)
 .debug_aranges
                0x00000850       0x20 ../producer_bsp/\libhal_bsp.a(alt_find_file.o)
 .debug_aranges
                0x00000870       0x20 ../producer_bsp/\libhal_bsp.a(alt_get_fd.o)
 .debug_aranges
                0x00000890       0x20 f:/altera/nios2eds/bin/gnu/h-i686-mingw32/bin/../lib/gcc/nios2-elf/4.7.3/../../../../../H-i686-mingw32/nios2-elf/lib/mno-hw-mul\libc.a(lib_a-atexit.o)
 .debug_aranges
                0x000008b0       0x20 f:/altera/nios2eds/bin/gnu/h-i686-mingw32/bin/../lib/gcc/nios2-elf/4.7.3/../../../../../H-i686-mingw32/nios2-elf/lib/mno-hw-mul\libc.a(lib_a-exit.o)
 .debug_aranges
                0x000008d0       0x20 f:/altera/nios2eds/bin/gnu/h-i686-mingw32/bin/../lib/gcc/nios2-elf/4.7.3/../../../../../H-i686-mingw32/nios2-elf/lib/mno-hw-mul\libc.a(lib_a-memcmp.o)
 .debug_aranges
                0x000008f0       0x20 f:/altera/nios2eds/bin/gnu/h-i686-mingw32/bin/../lib/gcc/nios2-elf/4.7.3/../../../../../H-i686-mingw32/nios2-elf/lib/mno-hw-mul\libc.a(lib_a-__atexit.o)
 .debug_aranges
                0x00000910       0x20 f:/altera/nios2eds/bin/gnu/h-i686-mingw32/bin/../lib/gcc/nios2-elf/4.7.3/../../../../../H-i686-mingw32/nios2-elf/lib/mno-hw-mul\libc.a(lib_a-__call_atexit.o)
 .debug_aranges
                0x00000930       0x20 ../producer_bsp/\libhal_bsp.a(alt_exit.o)

.debug_pubnames
 *(.debug_pubnames)

.debug_info     0x00000000    0x177e3
 *(.debug_info .gnu.linkonce.wi.*)
 .debug_info    0x00000000       0x9c ../producer_bsp//obj/HAL/src/crt0.o
 .debug_info    0x0000009c       0x72 obj/default/producer.o
 .debug_info    0x0000010e      0xab7 f:/altera/nios2eds/bin/gnu/h-i686-mingw32/bin/../lib/gcc/nios2-elf/4.7.3/../../../../../H-i686-mingw32/nios2-elf/lib/mno-hw-mul\libc.a(lib_a-puts.o)
 .debug_info    0x00000bc5       0xdf f:/altera/nios2eds/bin/gnu/h-i686-mingw32/bin/../lib/gcc/nios2-elf/4.7.3/../../../../../H-i686-mingw32/nios2-elf/lib/mno-hw-mul\libc.a(lib_a-strlen.o)
 .debug_info    0x00000ca4      0xd05 f:/altera/nios2eds/bin/gnu/h-i686-mingw32/bin/../lib/gcc/nios2-elf/4.7.3/../../../../../H-i686-mingw32/nios2-elf/lib/mno-hw-mul\libc.a(lib_a-fvwrite.o)
 .debug_info    0x000019a9      0x938 f:/altera/nios2eds/bin/gnu/h-i686-mingw32/bin/../lib/gcc/nios2-elf/4.7.3/../../../../../H-i686-mingw32/nios2-elf/lib/mno-hw-mul\libc.a(lib_a-impure.o)
 .debug_info    0x000022e1      0xe44 f:/altera/nios2eds/bin/gnu/h-i686-mingw32/bin/../lib/gcc/nios2-elf/4.7.3/../../../../../H-i686-mingw32/nios2-elf/lib/mno-hw-mul\libc.a(lib_a-mallocr.o)
 .debug_info    0x00003125      0x13e f:/altera/nios2eds/bin/gnu/h-i686-mingw32/bin/../lib/gcc/nios2-elf/4.7.3/../../../../../H-i686-mingw32/nios2-elf/lib/mno-hw-mul\libc.a(lib_a-memchr.o)
 .debug_info    0x00003263      0x10f f:/altera/nios2eds/bin/gnu/h-i686-mingw32/bin/../lib/gcc/nios2-elf/4.7.3/../../../../../H-i686-mingw32/nios2-elf/lib/mno-hw-mul\libc.a(lib_a-memcpy.o)
 .debug_info    0x00003372      0x147 f:/altera/nios2eds/bin/gnu/h-i686-mingw32/bin/../lib/gcc/nios2-elf/4.7.3/../../../../../H-i686-mingw32/nios2-elf/lib/mno-hw-mul\libc.a(lib_a-memmove.o)
 .debug_info    0x000034b9      0xd8e f:/altera/nios2eds/bin/gnu/h-i686-mingw32/bin/../lib/gcc/nios2-elf/4.7.3/../../../../../H-i686-mingw32/nios2-elf/lib/mno-hw-mul\libc.a(lib_a-reallocr.o)
 .debug_info    0x00004247      0x9a3 f:/altera/nios2eds/bin/gnu/h-i686-mingw32/bin/../lib/gcc/nios2-elf/4.7.3/../../../../../H-i686-mingw32/nios2-elf/lib/mno-hw-mul\libc.a(lib_a-sbrkr.o)
 .debug_info    0x00004bea      0x9d4 f:/altera/nios2eds/bin/gnu/h-i686-mingw32/bin/../lib/gcc/nios2-elf/4.7.3/../../../../../H-i686-mingw32/nios2-elf/lib/mno-hw-mul\libc.a(lib_a-wsetup.o)
 .debug_info    0x000055be      0xad0 f:/altera/nios2eds/bin/gnu/h-i686-mingw32/bin/../lib/gcc/nios2-elf/4.7.3/../../../../../H-i686-mingw32/nios2-elf/lib/mno-hw-mul\libc.a(lib_a-fflush.o)
 .debug_info    0x0000608e      0xd6e f:/altera/nios2eds/bin/gnu/h-i686-mingw32/bin/../lib/gcc/nios2-elf/4.7.3/../../../../../H-i686-mingw32/nios2-elf/lib/mno-hw-mul\libc.a(lib_a-findfp.o)
 .debug_info    0x00006dfc      0xcf9 f:/altera/nios2eds/bin/gnu/h-i686-mingw32/bin/../lib/gcc/nios2-elf/4.7.3/../../../../../H-i686-mingw32/nios2-elf/lib/mno-hw-mul\libc.a(lib_a-freer.o)
 .debug_info    0x00007af5      0xb72 f:/altera/nios2eds/bin/gnu/h-i686-mingw32/bin/../lib/gcc/nios2-elf/4.7.3/../../../../../H-i686-mingw32/nios2-elf/lib/mno-hw-mul\libc.a(lib_a-fwalk.o)
 .debug_info    0x00008667       0x84 f:/altera/nios2eds/bin/gnu/h-i686-mingw32/bin/../lib/gcc/nios2-elf/4.7.3/../../../../../H-i686-mingw32/nios2-elf/lib/mno-hw-mul\libc.a(lib_a-int_errno.o)
 .debug_info    0x000086eb      0xbc2 f:/altera/nios2eds/bin/gnu/h-i686-mingw32/bin/../lib/gcc/nios2-elf/4.7.3/../../../../../H-i686-mingw32/nios2-elf/lib/mno-hw-mul\libc.a(lib_a-makebuf.o)
 .debug_info    0x000092ad      0x117 f:/altera/nios2eds/bin/gnu/h-i686-mingw32/bin/../lib/gcc/nios2-elf/4.7.3/../../../../../H-i686-mingw32/nios2-elf/lib/mno-hw-mul\libc.a(lib_a-memset.o)
 .debug_info    0x000093c4      0xbfd f:/altera/nios2eds/bin/gnu/h-i686-mingw32/bin/../lib/gcc/nios2-elf/4.7.3/../../../../../H-i686-mingw32/nios2-elf/lib/mno-hw-mul\libc.a(lib_a-stdio.o)
 .debug_info    0x00009fc1      0x9d2 f:/altera/nios2eds/bin/gnu/h-i686-mingw32/bin/../lib/gcc/nios2-elf/4.7.3/../../../../../H-i686-mingw32/nios2-elf/lib/mno-hw-mul\libc.a(lib_a-writer.o)
 .debug_info    0x0000a993      0x97f f:/altera/nios2eds/bin/gnu/h-i686-mingw32/bin/../lib/gcc/nios2-elf/4.7.3/../../../../../H-i686-mingw32/nios2-elf/lib/mno-hw-mul\libc.a(lib_a-closer.o)
 .debug_info    0x0000b312      0xa97 f:/altera/nios2eds/bin/gnu/h-i686-mingw32/bin/../lib/gcc/nios2-elf/4.7.3/../../../../../H-i686-mingw32/nios2-elf/lib/mno-hw-mul\libc.a(lib_a-fclose.o)
 .debug_info    0x0000bda9      0xb2f f:/altera/nios2eds/bin/gnu/h-i686-mingw32/bin/../lib/gcc/nios2-elf/4.7.3/../../../../../H-i686-mingw32/nios2-elf/lib/mno-hw-mul\libc.a(lib_a-fstatr.o)
 .debug_info    0x0000c8d8      0x97f f:/altera/nios2eds/bin/gnu/h-i686-mingw32/bin/../lib/gcc/nios2-elf/4.7.3/../../../../../H-i686-mingw32/nios2-elf/lib/mno-hw-mul\libc.a(lib_a-isattyr.o)
 .debug_info    0x0000d257      0x9cb f:/altera/nios2eds/bin/gnu/h-i686-mingw32/bin/../lib/gcc/nios2-elf/4.7.3/../../../../../H-i686-mingw32/nios2-elf/lib/mno-hw-mul\libc.a(lib_a-lseekr.o)
 .debug_info    0x0000dc22      0x9cb f:/altera/nios2eds/bin/gnu/h-i686-mingw32/bin/../lib/gcc/nios2-elf/4.7.3/../../../../../H-i686-mingw32/nios2-elf/lib/mno-hw-mul\libc.a(lib_a-readr.o)
 .debug_info    0x0000e5ed       0xb8 f:/altera/nios2eds/bin/gnu/h-i686-mingw32/bin/../lib/gcc/nios2-elf/4.7.3/mno-hw-mul\libgcc.a(lib2-mul.o)
 .debug_info    0x0000e6a5      0x350 ../producer_bsp/\libhal_bsp.a(alt_close.o)
 .debug_info    0x0000e9f5      0x4e3 ../producer_bsp/\libhal_bsp.a(alt_dev.o)
 .debug_info    0x0000eed8       0xa3 ../producer_bsp/\libhal_bsp.a(alt_errno.o)
 .debug_info    0x0000ef7b      0x4d8 ../producer_bsp/\libhal_bsp.a(alt_fstat.o)
 .debug_info    0x0000f453      0x4db ../producer_bsp/\libhal_bsp.a(alt_isatty.o)
 .debug_info    0x0000f92e      0x135 ../producer_bsp/\libhal_bsp.a(alt_load.o)
 .debug_info    0x0000fa63      0x381 ../producer_bsp/\libhal_bsp.a(alt_lseek.o)
 .debug_info    0x0000fde4      0x139 ../producer_bsp/\libhal_bsp.a(alt_main.o)
 .debug_info    0x0000ff1d      0x950 ../producer_bsp/\libhal_bsp.a(alt_malloc_lock.o)
 .debug_info    0x0001086d      0x500 ../producer_bsp/\libhal_bsp.a(alt_read.o)
 .debug_info    0x00010d6d      0x2dd ../producer_bsp/\libhal_bsp.a(alt_release_fd.o)
 .debug_info    0x0001104a      0x1b2 ../producer_bsp/\libhal_bsp.a(alt_sbrk.o)
 .debug_info    0x000111fc      0x507 ../producer_bsp/\libhal_bsp.a(alt_write.o)
 .debug_info    0x00011703      0x539 ../producer_bsp/\libhal_bsp.a(alt_sys_init.o)
 .debug_info    0x00011c3c      0x58a ../producer_bsp/\libhal_bsp.a(altera_avalon_jtag_uart_fd.o)
 .debug_info    0x000121c6      0x3d8 ../producer_bsp/\libhal_bsp.a(altera_avalon_jtag_uart_init.o)
 .debug_info    0x0001259e      0x2a9 ../producer_bsp/\libhal_bsp.a(altera_avalon_jtag_uart_ioctl.o)
 .debug_info    0x00012847      0x371 ../producer_bsp/\libhal_bsp.a(altera_avalon_jtag_uart_read.o)
 .debug_info    0x00012bb8      0x36c ../producer_bsp/\libhal_bsp.a(altera_avalon_jtag_uart_write.o)
 .debug_info    0x00012f24      0x235 ../producer_bsp/\libhal_bsp.a(altera_avalon_timer_sc.o)
 .debug_info    0x00013159      0x2e4 ../producer_bsp/\libhal_bsp.a(alt_alarm_start.o)
 .debug_info    0x0001343d       0x90 ../producer_bsp/\libhal_bsp.a(alt_dcache_flush_all.o)
 .debug_info    0x000134cd      0x1b9 ../producer_bsp/\libhal_bsp.a(alt_dev_llist_insert.o)
 .debug_info    0x00013686       0x8d ../producer_bsp/\libhal_bsp.a(alt_do_ctors.o)
 .debug_info    0x00013713       0x8d ../producer_bsp/\libhal_bsp.a(alt_do_dtors.o)
 .debug_info    0x000137a0       0x90 ../producer_bsp/\libhal_bsp.a(alt_icache_flush_all.o)
 .debug_info    0x00013830      0x364 ../producer_bsp/\libhal_bsp.a(alt_iic.o)
 .debug_info    0x00013b94      0x1f6 ../producer_bsp/\libhal_bsp.a(alt_iic_isr_register.o)
 .debug_info    0x00013d8a      0x4f0 ../producer_bsp/\libhal_bsp.a(alt_io_redirect.o)
 .debug_info    0x0001427a       0xa5 ../producer_bsp/\libhal_bsp.a(alt_irq_entry.o)
 .debug_info    0x0001431f      0x190 ../producer_bsp/\libhal_bsp.a(alt_irq_handler.o)
 .debug_info    0x000144af       0x8a ../producer_bsp/\libhal_bsp.a(alt_irq_vars.o)
 .debug_info    0x00014539      0x3f0 ../producer_bsp/\libhal_bsp.a(alt_open.o)
 .debug_info    0x00014929      0x2b1 ../producer_bsp/\libhal_bsp.a(alt_tick.o)
 .debug_info    0x00014bda       0x90 ../producer_bsp/\libhal_bsp.a(altera_nios2_qsys_irq.o)
 .debug_info    0x00014c6a       0xab ../producer_bsp/\libhal_bsp.a(alt_exception_entry.o)
 .debug_info    0x00014d15      0x30d ../producer_bsp/\libhal_bsp.a(alt_find_dev.o)
 .debug_info    0x00015022      0x30c ../producer_bsp/\libhal_bsp.a(alt_find_file.o)
 .debug_info    0x0001532e      0x339 ../producer_bsp/\libhal_bsp.a(alt_get_fd.o)
 .debug_info    0x00015667      0x1e6 f:/altera/nios2eds/bin/gnu/h-i686-mingw32/bin/../lib/gcc/nios2-elf/4.7.3/../../../../../H-i686-mingw32/nios2-elf/lib/mno-hw-mul\libc.a(lib_a-atexit.o)
 .debug_info    0x0001584d      0x993 f:/altera/nios2eds/bin/gnu/h-i686-mingw32/bin/../lib/gcc/nios2-elf/4.7.3/../../../../../H-i686-mingw32/nios2-elf/lib/mno-hw-mul\libc.a(lib_a-exit.o)
 .debug_info    0x000161e0      0x117 f:/altera/nios2eds/bin/gnu/h-i686-mingw32/bin/../lib/gcc/nios2-elf/4.7.3/../../../../../H-i686-mingw32/nios2-elf/lib/mno-hw-mul\libc.a(lib_a-memcmp.o)
 .debug_info    0x000162f7      0x9f9 f:/altera/nios2eds/bin/gnu/h-i686-mingw32/bin/../lib/gcc/nios2-elf/4.7.3/../../../../../H-i686-mingw32/nios2-elf/lib/mno-hw-mul\libc.a(lib_a-__atexit.o)
 .debug_info    0x00016cf0      0xa07 f:/altera/nios2eds/bin/gnu/h-i686-mingw32/bin/../lib/gcc/nios2-elf/4.7.3/../../../../../H-i686-mingw32/nios2-elf/lib/mno-hw-mul\libc.a(lib_a-__call_atexit.o)
 .debug_info    0x000176f7       0xec ../producer_bsp/\libhal_bsp.a(alt_exit.o)

.debug_abbrev   0x00000000     0x5b09
 *(.debug_abbrev)
 .debug_abbrev  0x00000000       0x12 ../producer_bsp//obj/HAL/src/crt0.o
 .debug_abbrev  0x00000012       0x73 obj/default/producer.o
 .debug_abbrev  0x00000085      0x208 f:/altera/nios2eds/bin/gnu/h-i686-mingw32/bin/../lib/gcc/nios2-elf/4.7.3/../../../../../H-i686-mingw32/nios2-elf/lib/mno-hw-mul\libc.a(lib_a-puts.o)
 .debug_abbrev  0x0000028d       0x90 f:/altera/nios2eds/bin/gnu/h-i686-mingw32/bin/../lib/gcc/nios2-elf/4.7.3/../../../../../H-i686-mingw32/nios2-elf/lib/mno-hw-mul\libc.a(lib_a-strlen.o)
 .debug_abbrev  0x0000031d      0x234 f:/altera/nios2eds/bin/gnu/h-i686-mingw32/bin/../lib/gcc/nios2-elf/4.7.3/../../../../../H-i686-mingw32/nios2-elf/lib/mno-hw-mul\libc.a(lib_a-fvwrite.o)
 .debug_abbrev  0x00000551      0x162 f:/altera/nios2eds/bin/gnu/h-i686-mingw32/bin/../lib/gcc/nios2-elf/4.7.3/../../../../../H-i686-mingw32/nios2-elf/lib/mno-hw-mul\libc.a(lib_a-impure.o)
 .debug_abbrev  0x000006b3      0x284 f:/altera/nios2eds/bin/gnu/h-i686-mingw32/bin/../lib/gcc/nios2-elf/4.7.3/../../../../../H-i686-mingw32/nios2-elf/lib/mno-hw-mul\libc.a(lib_a-mallocr.o)
 .debug_abbrev  0x00000937       0xab f:/altera/nios2eds/bin/gnu/h-i686-mingw32/bin/../lib/gcc/nios2-elf/4.7.3/../../../../../H-i686-mingw32/nios2-elf/lib/mno-hw-mul\libc.a(lib_a-memchr.o)
 .debug_abbrev  0x000009e2       0x9c f:/altera/nios2eds/bin/gnu/h-i686-mingw32/bin/../lib/gcc/nios2-elf/4.7.3/../../../../../H-i686-mingw32/nios2-elf/lib/mno-hw-mul\libc.a(lib_a-memcpy.o)
 .debug_abbrev  0x00000a7e       0x9c f:/altera/nios2eds/bin/gnu/h-i686-mingw32/bin/../lib/gcc/nios2-elf/4.7.3/../../../../../H-i686-mingw32/nios2-elf/lib/mno-hw-mul\libc.a(lib_a-memmove.o)
 .debug_abbrev  0x00000b1a      0x242 f:/altera/nios2eds/bin/gnu/h-i686-mingw32/bin/../lib/gcc/nios2-elf/4.7.3/../../../../../H-i686-mingw32/nios2-elf/lib/mno-hw-mul\libc.a(lib_a-reallocr.o)
 .debug_abbrev  0x00000d5c      0x1df f:/altera/nios2eds/bin/gnu/h-i686-mingw32/bin/../lib/gcc/nios2-elf/4.7.3/../../../../../H-i686-mingw32/nios2-elf/lib/mno-hw-mul\libc.a(lib_a-sbrkr.o)
 .debug_abbrev  0x00000f3b      0x1d5 f:/altera/nios2eds/bin/gnu/h-i686-mingw32/bin/../lib/gcc/nios2-elf/4.7.3/../../../../../H-i686-mingw32/nios2-elf/lib/mno-hw-mul\libc.a(lib_a-wsetup.o)
 .debug_abbrev  0x00001110      0x259 f:/altera/nios2eds/bin/gnu/h-i686-mingw32/bin/../lib/gcc/nios2-elf/4.7.3/../../../../../H-i686-mingw32/nios2-elf/lib/mno-hw-mul\libc.a(lib_a-fflush.o)
 .debug_abbrev  0x00001369      0x333 f:/altera/nios2eds/bin/gnu/h-i686-mingw32/bin/../lib/gcc/nios2-elf/4.7.3/../../../../../H-i686-mingw32/nios2-elf/lib/mno-hw-mul\libc.a(lib_a-findfp.o)
 .debug_abbrev  0x0000169c      0x25d f:/altera/nios2eds/bin/gnu/h-i686-mingw32/bin/../lib/gcc/nios2-elf/4.7.3/../../../../../H-i686-mingw32/nios2-elf/lib/mno-hw-mul\libc.a(lib_a-freer.o)
 .debug_abbrev  0x000018f9      0x224 f:/altera/nios2eds/bin/gnu/h-i686-mingw32/bin/../lib/gcc/nios2-elf/4.7.3/../../../../../H-i686-mingw32/nios2-elf/lib/mno-hw-mul\libc.a(lib_a-fwalk.o)
 .debug_abbrev  0x00001b1d       0x37 f:/altera/nios2eds/bin/gnu/h-i686-mingw32/bin/../lib/gcc/nios2-elf/4.7.3/../../../../../H-i686-mingw32/nios2-elf/lib/mno-hw-mul\libc.a(lib_a-int_errno.o)
 .debug_abbrev  0x00001b54      0x1e8 f:/altera/nios2eds/bin/gnu/h-i686-mingw32/bin/../lib/gcc/nios2-elf/4.7.3/../../../../../H-i686-mingw32/nios2-elf/lib/mno-hw-mul\libc.a(lib_a-makebuf.o)
 .debug_abbrev  0x00001d3c       0xac f:/altera/nios2eds/bin/gnu/h-i686-mingw32/bin/../lib/gcc/nios2-elf/4.7.3/../../../../../H-i686-mingw32/nios2-elf/lib/mno-hw-mul\libc.a(lib_a-memset.o)
 .debug_abbrev  0x00001de8      0x226 f:/altera/nios2eds/bin/gnu/h-i686-mingw32/bin/../lib/gcc/nios2-elf/4.7.3/../../../../../H-i686-mingw32/nios2-elf/lib/mno-hw-mul\libc.a(lib_a-stdio.o)
 .debug_abbrev  0x0000200e      0x1c0 f:/altera/nios2eds/bin/gnu/h-i686-mingw32/bin/../lib/gcc/nios2-elf/4.7.3/../../../../../H-i686-mingw32/nios2-elf/lib/mno-hw-mul\libc.a(lib_a-writer.o)
 .debug_abbrev  0x000021ce      0x1bb f:/altera/nios2eds/bin/gnu/h-i686-mingw32/bin/../lib/gcc/nios2-elf/4.7.3/../../../../../H-i686-mingw32/nios2-elf/lib/mno-hw-mul\libc.a(lib_a-closer.o)
 .debug_abbrev  0x00002389      0x24e f:/altera/nios2eds/bin/gnu/h-i686-mingw32/bin/../lib/gcc/nios2-elf/4.7.3/../../../../../H-i686-mingw32/nios2-elf/lib/mno-hw-mul\libc.a(lib_a-fclose.o)
 .debug_abbrev  0x000025d7      0x1ca f:/altera/nios2eds/bin/gnu/h-i686-mingw32/bin/../lib/gcc/nios2-elf/4.7.3/../../../../../H-i686-mingw32/nios2-elf/lib/mno-hw-mul\libc.a(lib_a-fstatr.o)
 .debug_abbrev  0x000027a1      0x1bb f:/altera/nios2eds/bin/gnu/h-i686-mingw32/bin/../lib/gcc/nios2-elf/4.7.3/../../../../../H-i686-mingw32/nios2-elf/lib/mno-hw-mul\libc.a(lib_a-isattyr.o)
 .debug_abbrev  0x0000295c      0x1ca f:/altera/nios2eds/bin/gnu/h-i686-mingw32/bin/../lib/gcc/nios2-elf/4.7.3/../../../../../H-i686-mingw32/nios2-elf/lib/mno-hw-mul\libc.a(lib_a-lseekr.o)
 .debug_abbrev  0x00002b26      0x1bb f:/altera/nios2eds/bin/gnu/h-i686-mingw32/bin/../lib/gcc/nios2-elf/4.7.3/../../../../../H-i686-mingw32/nios2-elf/lib/mno-hw-mul\libc.a(lib_a-readr.o)
 .debug_abbrev  0x00002ce1       0x6f f:/altera/nios2eds/bin/gnu/h-i686-mingw32/bin/../lib/gcc/nios2-elf/4.7.3/mno-hw-mul\libgcc.a(lib2-mul.o)
 .debug_abbrev  0x00002d50      0x11f ../producer_bsp/\libhal_bsp.a(alt_close.o)
 .debug_abbrev  0x00002e6f       0xd9 ../producer_bsp/\libhal_bsp.a(alt_dev.o)
 .debug_abbrev  0x00002f48       0x5a ../producer_bsp/\libhal_bsp.a(alt_errno.o)
 .debug_abbrev  0x00002fa2      0x11f ../producer_bsp/\libhal_bsp.a(alt_fstat.o)
 .debug_abbrev  0x000030c1      0x11f ../producer_bsp/\libhal_bsp.a(alt_isatty.o)
 .debug_abbrev  0x000031e0       0x9d ../producer_bsp/\libhal_bsp.a(alt_load.o)
 .debug_abbrev  0x0000327d      0x11f ../producer_bsp/\libhal_bsp.a(alt_lseek.o)
 .debug_abbrev  0x0000339c       0xba ../producer_bsp/\libhal_bsp.a(alt_main.o)
 .debug_abbrev  0x00003456      0x187 ../producer_bsp/\libhal_bsp.a(alt_malloc_lock.o)
 .debug_abbrev  0x000035dd      0x12e ../producer_bsp/\libhal_bsp.a(alt_read.o)
 .debug_abbrev  0x0000370b       0xde ../producer_bsp/\libhal_bsp.a(alt_release_fd.o)
 .debug_abbrev  0x000037e9      0x112 ../producer_bsp/\libhal_bsp.a(alt_sbrk.o)
 .debug_abbrev  0x000038fb      0x133 ../producer_bsp/\libhal_bsp.a(alt_write.o)
 .debug_abbrev  0x00003a2e      0x176 ../producer_bsp/\libhal_bsp.a(alt_sys_init.o)
 .debug_abbrev  0x00003ba4      0x118 ../producer_bsp/\libhal_bsp.a(altera_avalon_jtag_uart_fd.o)
 .debug_abbrev  0x00003cbc      0x18f ../producer_bsp/\libhal_bsp.a(altera_avalon_jtag_uart_init.o)
 .debug_abbrev  0x00003e4b      0x102 ../producer_bsp/\libhal_bsp.a(altera_avalon_jtag_uart_ioctl.o)
 .debug_abbrev  0x00003f4d      0x19b ../producer_bsp/\libhal_bsp.a(altera_avalon_jtag_uart_read.o)
 .debug_abbrev  0x000040e8      0x199 ../producer_bsp/\libhal_bsp.a(altera_avalon_jtag_uart_write.o)
 .debug_abbrev  0x00004281      0x155 ../producer_bsp/\libhal_bsp.a(altera_avalon_timer_sc.o)
 .debug_abbrev  0x000043d6      0x162 ../producer_bsp/\libhal_bsp.a(alt_alarm_start.o)
 .debug_abbrev  0x00004538       0x42 ../producer_bsp/\libhal_bsp.a(alt_dcache_flush_all.o)
 .debug_abbrev  0x0000457a      0x114 ../producer_bsp/\libhal_bsp.a(alt_dev_llist_insert.o)
 .debug_abbrev  0x0000468e       0x79 ../producer_bsp/\libhal_bsp.a(alt_do_ctors.o)
 .debug_abbrev  0x00004707       0x79 ../producer_bsp/\libhal_bsp.a(alt_do_dtors.o)
 .debug_abbrev  0x00004780       0x42 ../producer_bsp/\libhal_bsp.a(alt_icache_flush_all.o)
 .debug_abbrev  0x000047c2      0x16a ../producer_bsp/\libhal_bsp.a(alt_iic.o)
 .debug_abbrev  0x0000492c      0x169 ../producer_bsp/\libhal_bsp.a(alt_iic_isr_register.o)
 .debug_abbrev  0x00004a95      0x114 ../producer_bsp/\libhal_bsp.a(alt_io_redirect.o)
 .debug_abbrev  0x00004ba9       0x12 ../producer_bsp/\libhal_bsp.a(alt_irq_entry.o)
 .debug_abbrev  0x00004bbb      0x124 ../producer_bsp/\libhal_bsp.a(alt_irq_handler.o)
 .debug_abbrev  0x00004cdf       0x40 ../producer_bsp/\libhal_bsp.a(alt_irq_vars.o)
 .debug_abbrev  0x00004d1f      0x148 ../producer_bsp/\libhal_bsp.a(alt_open.o)
 .debug_abbrev  0x00004e67      0x15a ../producer_bsp/\libhal_bsp.a(alt_tick.o)
 .debug_abbrev  0x00004fc1       0x42 ../producer_bsp/\libhal_bsp.a(altera_nios2_qsys_irq.o)
 .debug_abbrev  0x00005003       0x12 ../producer_bsp/\libhal_bsp.a(alt_exception_entry.o)
 .debug_abbrev  0x00005015       0xf0 ../producer_bsp/\libhal_bsp.a(alt_find_dev.o)
 .debug_abbrev  0x00005105       0xf0 ../producer_bsp/\libhal_bsp.a(alt_find_file.o)
 .debug_abbrev  0x000051f5      0x10d ../producer_bsp/\libhal_bsp.a(alt_get_fd.o)
 .debug_abbrev  0x00005302      0x106 f:/altera/nios2eds/bin/gnu/h-i686-mingw32/bin/../lib/gcc/nios2-elf/4.7.3/../../../../../H-i686-mingw32/nios2-elf/lib/mno-hw-mul\libc.a(lib_a-atexit.o)
 .debug_abbrev  0x00005408      0x1c8 f:/altera/nios2eds/bin/gnu/h-i686-mingw32/bin/../lib/gcc/nios2-elf/4.7.3/../../../../../H-i686-mingw32/nios2-elf/lib/mno-hw-mul\libc.a(lib_a-exit.o)
 .debug_abbrev  0x000055d0       0x7f f:/altera/nios2eds/bin/gnu/h-i686-mingw32/bin/../lib/gcc/nios2-elf/4.7.3/../../../../../H-i686-mingw32/nios2-elf/lib/mno-hw-mul\libc.a(lib_a-memcmp.o)
 .debug_abbrev  0x0000564f      0x211 f:/altera/nios2eds/bin/gnu/h-i686-mingw32/bin/../lib/gcc/nios2-elf/4.7.3/../../../../../H-i686-mingw32/nios2-elf/lib/mno-hw-mul\libc.a(lib_a-__atexit.o)
 .debug_abbrev  0x00005860      0x203 f:/altera/nios2eds/bin/gnu/h-i686-mingw32/bin/../lib/gcc/nios2-elf/4.7.3/../../../../../H-i686-mingw32/nios2-elf/lib/mno-hw-mul\libc.a(lib_a-__call_atexit.o)
 .debug_abbrev  0x00005a63       0xa6 ../producer_bsp/\libhal_bsp.a(alt_exit.o)

.debug_line     0x00000000     0x6bff
 *(.debug_line)
 .debug_line    0x00000000       0x66 ../producer_bsp//obj/HAL/src/crt0.o
 .debug_line    0x00000066        0x0 obj/default/FIFO_1.o
 .debug_line    0x00000066       0x55 obj/default/producer.o
 .debug_line    0x000000bb      0x238 f:/altera/nios2eds/bin/gnu/h-i686-mingw32/bin/../lib/gcc/nios2-elf/4.7.3/../../../../../H-i686-mingw32/nios2-elf/lib/mno-hw-mul\libc.a(lib_a-puts.o)
 .debug_line    0x000002f3      0x185 f:/altera/nios2eds/bin/gnu/h-i686-mingw32/bin/../lib/gcc/nios2-elf/4.7.3/../../../../../H-i686-mingw32/nios2-elf/lib/mno-hw-mul\libc.a(lib_a-strlen.o)
 .debug_line    0x00000478      0x363 f:/altera/nios2eds/bin/gnu/h-i686-mingw32/bin/../lib/gcc/nios2-elf/4.7.3/../../../../../H-i686-mingw32/nios2-elf/lib/mno-hw-mul\libc.a(lib_a-fvwrite.o)
 .debug_line    0x000007db      0x176 f:/altera/nios2eds/bin/gnu/h-i686-mingw32/bin/../lib/gcc/nios2-elf/4.7.3/../../../../../H-i686-mingw32/nios2-elf/lib/mno-hw-mul\libc.a(lib_a-impure.o)
 .debug_line    0x00000951      0x424 f:/altera/nios2eds/bin/gnu/h-i686-mingw32/bin/../lib/gcc/nios2-elf/4.7.3/../../../../../H-i686-mingw32/nios2-elf/lib/mno-hw-mul\libc.a(lib_a-mallocr.o)
 .debug_line    0x00000d75      0x1f4 f:/altera/nios2eds/bin/gnu/h-i686-mingw32/bin/../lib/gcc/nios2-elf/4.7.3/../../../../../H-i686-mingw32/nios2-elf/lib/mno-hw-mul\libc.a(lib_a-memchr.o)
 .debug_line    0x00000f69      0x144 f:/altera/nios2eds/bin/gnu/h-i686-mingw32/bin/../lib/gcc/nios2-elf/4.7.3/../../../../../H-i686-mingw32/nios2-elf/lib/mno-hw-mul\libc.a(lib_a-memcpy.o)
 .debug_line    0x000010ad      0x1f9 f:/altera/nios2eds/bin/gnu/h-i686-mingw32/bin/../lib/gcc/nios2-elf/4.7.3/../../../../../H-i686-mingw32/nios2-elf/lib/mno-hw-mul\libc.a(lib_a-memmove.o)
 .debug_line    0x000012a6      0x333 f:/altera/nios2eds/bin/gnu/h-i686-mingw32/bin/../lib/gcc/nios2-elf/4.7.3/../../../../../H-i686-mingw32/nios2-elf/lib/mno-hw-mul\libc.a(lib_a-reallocr.o)
 .debug_line    0x000015d9      0x215 f:/altera/nios2eds/bin/gnu/h-i686-mingw32/bin/../lib/gcc/nios2-elf/4.7.3/../../../../../H-i686-mingw32/nios2-elf/lib/mno-hw-mul\libc.a(lib_a-sbrkr.o)
 .debug_line    0x000017ee      0x26e f:/altera/nios2eds/bin/gnu/h-i686-mingw32/bin/../lib/gcc/nios2-elf/4.7.3/../../../../../H-i686-mingw32/nios2-elf/lib/mno-hw-mul\libc.a(lib_a-wsetup.o)
 .debug_line    0x00001a5c      0x29f f:/altera/nios2eds/bin/gnu/h-i686-mingw32/bin/../lib/gcc/nios2-elf/4.7.3/../../../../../H-i686-mingw32/nios2-elf/lib/mno-hw-mul\libc.a(lib_a-fflush.o)
 .debug_line    0x00001cfb      0x2ea f:/altera/nios2eds/bin/gnu/h-i686-mingw32/bin/../lib/gcc/nios2-elf/4.7.3/../../../../../H-i686-mingw32/nios2-elf/lib/mno-hw-mul\libc.a(lib_a-findfp.o)
 .debug_line    0x00001fe5      0x314 f:/altera/nios2eds/bin/gnu/h-i686-mingw32/bin/../lib/gcc/nios2-elf/4.7.3/../../../../../H-i686-mingw32/nios2-elf/lib/mno-hw-mul\libc.a(lib_a-freer.o)
 .debug_line    0x000022f9      0x25c f:/altera/nios2eds/bin/gnu/h-i686-mingw32/bin/../lib/gcc/nios2-elf/4.7.3/../../../../../H-i686-mingw32/nios2-elf/lib/mno-hw-mul\libc.a(lib_a-fwalk.o)
 .debug_line    0x00002555       0x60 f:/altera/nios2eds/bin/gnu/h-i686-mingw32/bin/../lib/gcc/nios2-elf/4.7.3/../../../../../H-i686-mingw32/nios2-elf/lib/mno-hw-mul\libc.a(lib_a-int_errno.o)
 .debug_line    0x000025b5      0x296 f:/altera/nios2eds/bin/gnu/h-i686-mingw32/bin/../lib/gcc/nios2-elf/4.7.3/../../../../../H-i686-mingw32/nios2-elf/lib/mno-hw-mul\libc.a(lib_a-makebuf.o)
 .debug_line    0x0000284b      0x1f4 f:/altera/nios2eds/bin/gnu/h-i686-mingw32/bin/../lib/gcc/nios2-elf/4.7.3/../../../../../H-i686-mingw32/nios2-elf/lib/mno-hw-mul\libc.a(lib_a-memset.o)
 .debug_line    0x00002a3f      0x248 f:/altera/nios2eds/bin/gnu/h-i686-mingw32/bin/../lib/gcc/nios2-elf/4.7.3/../../../../../H-i686-mingw32/nios2-elf/lib/mno-hw-mul\libc.a(lib_a-stdio.o)
 .debug_line    0x00002c87      0x216 f:/altera/nios2eds/bin/gnu/h-i686-mingw32/bin/../lib/gcc/nios2-elf/4.7.3/../../../../../H-i686-mingw32/nios2-elf/lib/mno-hw-mul\libc.a(lib_a-writer.o)
 .debug_line    0x00002e9d      0x216 f:/altera/nios2eds/bin/gnu/h-i686-mingw32/bin/../lib/gcc/nios2-elf/4.7.3/../../../../../H-i686-mingw32/nios2-elf/lib/mno-hw-mul\libc.a(lib_a-closer.o)
 .debug_line    0x000030b3      0x269 f:/altera/nios2eds/bin/gnu/h-i686-mingw32/bin/../lib/gcc/nios2-elf/4.7.3/../../../../../H-i686-mingw32/nios2-elf/lib/mno-hw-mul\libc.a(lib_a-fclose.o)
 .debug_line    0x0000331c      0x21f f:/altera/nios2eds/bin/gnu/h-i686-mingw32/bin/../lib/gcc/nios2-elf/4.7.3/../../../../../H-i686-mingw32/nios2-elf/lib/mno-hw-mul\libc.a(lib_a-fstatr.o)
 .debug_line    0x0000353b      0x217 f:/altera/nios2eds/bin/gnu/h-i686-mingw32/bin/../lib/gcc/nios2-elf/4.7.3/../../../../../H-i686-mingw32/nios2-elf/lib/mno-hw-mul\libc.a(lib_a-isattyr.o)
 .debug_line    0x00003752      0x221 f:/altera/nios2eds/bin/gnu/h-i686-mingw32/bin/../lib/gcc/nios2-elf/4.7.3/../../../../../H-i686-mingw32/nios2-elf/lib/mno-hw-mul\libc.a(lib_a-lseekr.o)
 .debug_line    0x00003973      0x215 f:/altera/nios2eds/bin/gnu/h-i686-mingw32/bin/../lib/gcc/nios2-elf/4.7.3/../../../../../H-i686-mingw32/nios2-elf/lib/mno-hw-mul\libc.a(lib_a-readr.o)
 .debug_line    0x00003b88       0x80 f:/altera/nios2eds/bin/gnu/h-i686-mingw32/bin/../lib/gcc/nios2-elf/4.7.3/mno-hw-mul\libgcc.a(lib2-mul.o)
 .debug_line    0x00003c08      0x181 ../producer_bsp/\libhal_bsp.a(alt_close.o)
 .debug_line    0x00003d89      0x114 ../producer_bsp/\libhal_bsp.a(alt_dev.o)
 .debug_line    0x00003e9d       0x51 ../producer_bsp/\libhal_bsp.a(alt_errno.o)
 .debug_line    0x00003eee      0x17b ../producer_bsp/\libhal_bsp.a(alt_fstat.o)
 .debug_line    0x00004069      0x17b ../producer_bsp/\libhal_bsp.a(alt_isatty.o)
 .debug_line    0x000041e4       0x92 ../producer_bsp/\libhal_bsp.a(alt_load.o)
 .debug_line    0x00004276      0x17f ../producer_bsp/\libhal_bsp.a(alt_lseek.o)
 .debug_line    0x000043f5       0xa4 ../producer_bsp/\libhal_bsp.a(alt_main.o)
 .debug_line    0x00004499      0x135 ../producer_bsp/\libhal_bsp.a(alt_malloc_lock.o)
 .debug_line    0x000045ce      0x1ef ../producer_bsp/\libhal_bsp.a(alt_read.o)
 .debug_line    0x000047bd       0xb0 ../producer_bsp/\libhal_bsp.a(alt_release_fd.o)
 .debug_line    0x0000486d      0x10f ../producer_bsp/\libhal_bsp.a(alt_sbrk.o)
 .debug_line    0x0000497c      0x1ee ../producer_bsp/\libhal_bsp.a(alt_write.o)
 .debug_line    0x00004b6a      0x151 ../producer_bsp/\libhal_bsp.a(alt_sys_init.o)
 .debug_line    0x00004cbb      0x131 ../producer_bsp/\libhal_bsp.a(altera_avalon_jtag_uart_fd.o)
 .debug_line    0x00004dec      0x199 ../producer_bsp/\libhal_bsp.a(altera_avalon_jtag_uart_init.o)