Archive member included because of file (symbol)

f:/altera/nios2eds/bin/gnu/h-i686-mingw32/bin/../lib/gcc/nios2-elf/4.7.3/../../../../../H-i686-mingw32/nios2-elf/lib/mno-hw-mul\libc.a(lib_a-puts.o)
                              obj/default/main.o (puts)
f:/altera/nios2eds/bin/gnu/h-i686-mingw32/bin/../lib/gcc/nios2-elf/4.7.3/../../../../../H-i686-mingw32/nios2-elf/lib/mno-hw-mul\libc.a(lib_a-strlen.o)
                              f:/altera/nios2eds/bin/gnu/h-i686-mingw32/bin/../lib/gcc/nios2-elf/4.7.3/../../../../../H-i686-mingw32/nios2-elf/lib/mno-hw-mul\libc.a(lib_a-puts.o) (strlen)
f:/altera/nios2eds/bin/gnu/h-i686-mingw32/bin/../lib/gcc/nios2-elf/4.7.3/../../../../../H-i686-mingw32/nios2-elf/lib/mno-hw-mul\libc.a(lib_a-fvwrite.o)
                              f:/altera/nios2eds/bin/gnu/h-i686-mingw32/bin/../lib/gcc/nios2-elf/4.7.3/../../../../../H-i686-mingw32/nios2-elf/lib/mno-hw-mul\libc.a(lib_a-puts.o) (__sfvwrite_r)
f:/altera/nios2eds/bin/gnu/h-i686-mingw32/bin/../lib/gcc/nios2-elf/4.7.3/../../../../../H-i686-mingw32/nios2-elf/lib/mno-hw-mul\libc.a(lib_a-impure.o)
                              f:/altera/nios2eds/bin/gnu/h-i686-mingw32/bin/../lib/gcc/nios2-elf/4.7.3/../../../../../H-i686-mingw32/nios2-elf/lib/mno-hw-mul\libc.a(lib_a-puts.o) (_impure_ptr)
f:/altera/nios2eds/bin/gnu/h-i686-mingw32/bin/../lib/gcc/nios2-elf/4.7.3/../../../../../H-i686-mingw32/nios2-elf/lib/mno-hw-mul\libc.a(lib_a-mallocr.o)
                              f:/altera/nios2eds/bin/gnu/h-i686-mingw32/bin/../lib/gcc/nios2-elf/4.7.3/../../../../../H-i686-mingw32/nios2-elf/lib/mno-hw-mul\libc.a(lib_a-fvwrite.o) (_malloc_r)
f:/altera/nios2eds/bin/gnu/h-i686-mingw32/bin/../lib/gcc/nios2-elf/4.7.3/../../../../../H-i686-mingw32/nios2-elf/lib/mno-hw-mul\libc.a(lib_a-memchr.o)
                              f:/altera/nios2eds/bin/gnu/h-i686-mingw32/bin/../lib/gcc/nios2-elf/4.7.3/../../../../../H-i686-mingw32/nios2-elf/lib/mno-hw-mul\libc.a(lib_a-fvwrite.o) (memchr)
f:/altera/nios2eds/bin/gnu/h-i686-mingw32/bin/../lib/gcc/nios2-elf/4.7.3/../../../../../H-i686-mingw32/nios2-elf/lib/mno-hw-mul\libc.a(lib_a-memcpy.o)
                              f:/altera/nios2eds/bin/gnu/h-i686-mingw32/bin/../lib/gcc/nios2-elf/4.7.3/../../../../../H-i686-mingw32/nios2-elf/lib/mno-hw-mul\libc.a(lib_a-fvwrite.o) (memcpy)
f:/altera/nios2eds/bin/gnu/h-i686-mingw32/bin/../lib/gcc/nios2-elf/4.7.3/../../../../../H-i686-mingw32/nios2-elf/lib/mno-hw-mul\libc.a(lib_a-memmove.o)
                              f:/altera/nios2eds/bin/gnu/h-i686-mingw32/bin/../lib/gcc/nios2-elf/4.7.3/../../../../../H-i686-mingw32/nios2-elf/lib/mno-hw-mul\libc.a(lib_a-fvwrite.o) (memmove)
f:/altera/nios2eds/bin/gnu/h-i686-mingw32/bin/../lib/gcc/nios2-elf/4.7.3/../../../../../H-i686-mingw32/nios2-elf/lib/mno-hw-mul\libc.a(lib_a-reallocr.o)
                              f:/altera/nios2eds/bin/gnu/h-i686-mingw32/bin/../lib/gcc/nios2-elf/4.7.3/../../../../../H-i686-mingw32/nios2-elf/lib/mno-hw-mul\libc.a(lib_a-fvwrite.o) (_realloc_r)
f:/altera/nios2eds/bin/gnu/h-i686-mingw32/bin/../lib/gcc/nios2-elf/4.7.3/../../../../../H-i686-mingw32/nios2-elf/lib/mno-hw-mul\libc.a(lib_a-sbrkr.o)
                              f:/altera/nios2eds/bin/gnu/h-i686-mingw32/bin/../lib/gcc/nios2-elf/4.7.3/../../../../../H-i686-mingw32/nios2-elf/lib/mno-hw-mul\libc.a(lib_a-mallocr.o) (_sbrk_r)
f:/altera/nios2eds/bin/gnu/h-i686-mingw32/bin/../lib/gcc/nios2-elf/4.7.3/../../../../../H-i686-mingw32/nios2-elf/lib/mno-hw-mul\libc.a(lib_a-wsetup.o)
                              f:/altera/nios2eds/bin/gnu/h-i686-mingw32/bin/../lib/gcc/nios2-elf/4.7.3/../../../../../H-i686-mingw32/nios2-elf/lib/mno-hw-mul\libc.a(lib_a-fvwrite.o) (__swsetup_r)
f:/altera/nios2eds/bin/gnu/h-i686-mingw32/bin/../lib/gcc/nios2-elf/4.7.3/../../../../../H-i686-mingw32/nios2-elf/lib/mno-hw-mul\libc.a(lib_a-fflush.o)
                              f:/altera/nios2eds/bin/gnu/h-i686-mingw32/bin/../lib/gcc/nios2-elf/4.7.3/../../../../../H-i686-mingw32/nios2-elf/lib/mno-hw-mul\libc.a(lib_a-fvwrite.o) (_fflush_r)
f:/altera/nios2eds/bin/gnu/h-i686-mingw32/bin/../lib/gcc/nios2-elf/4.7.3/../../../../../H-i686-mingw32/nios2-elf/lib/mno-hw-mul\libc.a(lib_a-findfp.o)
                              f:/altera/nios2eds/bin/gnu/h-i686-mingw32/bin/../lib/gcc/nios2-elf/4.7.3/../../../../../H-i686-mingw32/nios2-elf/lib/mno-hw-mul\libc.a(lib_a-wsetup.o) (__sinit)
f:/altera/nios2eds/bin/gnu/h-i686-mingw32/bin/../lib/gcc/nios2-elf/4.7.3/../../../../../H-i686-mingw32/nios2-elf/lib/mno-hw-mul\libc.a(lib_a-freer.o)
                              f:/altera/nios2eds/bin/gnu/h-i686-mingw32/bin/../lib/gcc/nios2-elf/4.7.3/../../../../../H-i686-mingw32/nios2-elf/lib/mno-hw-mul\libc.a(lib_a-fvwrite.o) (_free_r)
f:/altera/nios2eds/bin/gnu/h-i686-mingw32/bin/../lib/gcc/nios2-elf/4.7.3/../../../../../H-i686-mingw32/nios2-elf/lib/mno-hw-mul\libc.a(lib_a-fwalk.o)
[...]
Memory Configuration

Name             Origin             Length             Attributes
reset            0x00010000         0x00000020
mem2             0x00010020         0x0000ffe0
*default*        0x00000000         0xffffffff

Linker script and memory map

LOAD ../cpu2_bsp//obj/HAL/src/crt0.o
LOAD obj/default/FIFO.o
LOAD obj/default/main.o
LOAD f:/altera/nios2eds/bin/gnu/h-i686-mingw32/bin/../lib/gcc/nios2-elf/4.7.3/../../../../../H-i686-mingw32/nios2-elf/lib/mno-hw-mul\libstdc++.a
LOAD f:/altera/nios2eds/bin/gnu/h-i686-mingw32/bin/../lib/gcc/nios2-elf/4.7.3/../../../../../H-i686-mingw32/nios2-elf/lib/mno-hw-mul\libm.a
LOAD f:/altera/nios2eds/bin/gnu/h-i686-mingw32/bin/../lib/gcc/nios2-elf/4.7.3/mno-hw-mul\libgcc.a
START GROUP
LOAD f:/altera/nios2eds/bin/gnu/h-i686-mingw32/bin/../lib/gcc/nios2-elf/4.7.3/../../../../../H-i686-mingw32/nios2-elf/lib/mno-hw-mul\libc.a
LOAD f:/altera/nios2eds/bin/gnu/h-i686-mingw32/bin/../lib/gcc/nios2-elf/4.7.3/mno-hw-mul\libgcc.a
LOAD ../cpu2_bsp/\libhal_bsp.a
END GROUP
LOAD f:/altera/nios2eds/bin/gnu/h-i686-mingw32/bin/../lib/gcc/nios2-elf/4.7.3/mno-hw-mul\libgcc.a
                0x00010000                __alt_mem_mem2 = 0x10000

.entry          0x00010000       0x20
 *(.entry)
 .entry         0x00010000       0x20 ../cpu2_bsp//obj/HAL/src/crt0.o
                0x00010000                __reset

.exceptions     0x00010020      0x198
                0x00010020                PROVIDE (__ram_exceptions_start, ABSOLUTE (.))
                0x00010020                . = ALIGN (0x20)
 *(.irq)
 *(.exceptions.entry.label)
 .exceptions.entry.label
                0x00010020        0x0 ../cpu2_bsp/\libhal_bsp.a(alt_irq_entry.o)
                0x00010020                alt_irq_entry
 .exceptions.entry.label
                0x00010020        0x0 ../cpu2_bsp/\libhal_bsp.a(alt_exception_entry.o)
                0x00010020                alt_exception
 *(.exceptions.entry.user)
 *(.exceptions.entry.ecc_fatal)
 *(.exceptions.entry)
 .exceptions.entry
                0x00010020       0x54 ../cpu2_bsp/\libhal_bsp.a(alt_exception_entry.o)
 *(.exceptions.irqtest.user)
 *(.exceptions.irqtest)
 .exceptions.irqtest
                0x00010074       0x10 ../cpu2_bsp/\libhal_bsp.a(alt_irq_entry.o)
 *(.exceptions.irqhandler.user)
 *(.exceptions.irqhandler)
 .exceptions.irqhandler
                0x00010084        0x4 ../cpu2_bsp/\libhal_bsp.a(alt_irq_entry.o)
 *(.exceptions.irqreturn.user)
 *(.exceptions.irqreturn)
 .exceptions.irqreturn
                0x00010088        0x4 ../cpu2_bsp/\libhal_bsp.a(alt_irq_entry.o)
 *(.exceptions.notirq.label)
 .exceptions.notirq.label
                0x0001008c        0x0 ../cpu2_bsp/\libhal_bsp.a(alt_irq_entry.o)
 *(.exceptions.notirq.user)
 *(.exceptions.notirq)
 .exceptions.notirq
                0x0001008c        0x8 ../cpu2_bsp/\libhal_bsp.a(alt_exception_entry.o)
 *(.exceptions.soft.user)
 *(.exceptions.soft)
 *(.exceptions.unknown.user)
 *(.exceptions.unknown)
 .exceptions.unknown
                0x00010094        0x4 ../cpu2_bsp/\libhal_bsp.a(alt_exception_entry.o)
 *(.exceptions.exit.label)
 .exceptions.exit.label
                0x00010098        0x0 ../cpu2_bsp/\libhal_bsp.a(alt_irq_entry.o)
 .exceptions.exit.label
                0x00010098        0x0 ../cpu2_bsp/\libhal_bsp.a(alt_exception_entry.o)
 *(.exceptions.exit.user)
 *(.exceptions.exit)
 .exceptions.exit
                0x00010098       0x54 ../cpu2_bsp/\libhal_bsp.a(alt_exception_entry.o)
 *(.exceptions)
 .exceptions    0x000100ec       0xcc ../cpu2_bsp/\libhal_bsp.a(alt_irq_handler.o)
                0x000100ec                alt_irq_handler
                0x000101b8                PROVIDE (__ram_exceptions_end, ABSOLUTE (.))
                0x00010020                PROVIDE (__flash_exceptions_start, LOADADDR (.exceptions))

.text           0x000101b8     0x5c68
                0x000101b8                PROVIDE (stext, ABSOLUTE (.))
 *(.interp)
 *(.hash)
 *(.dynsym)
 *(.dynstr)
 *(.gnu.version)
 *(.gnu.version_d)
 *(.gnu.version_r)
 *(.rel.init)
 *(.rela.init)
 *(.rel.text .rel.text.* .rel.gnu.linkonce.t.*)
 *(.rela.text .rela.text.* .rela.gnu.linkonce.t.*)
 *(.rel.fini)
 *(.rela.fini)
 *(.rel.rodata .rel.rodata.* .rel.gnu.linkonce.r.*)
 *(.rela.rodata .rela.rodata.* .rela.gnu.linkonce.r.*)
 *(.rel.data .rel.data.* .rel.gnu.linkonce.d.*)
 *(.rela.data .rela.data.* .rela.gnu.linkonce.d.*)
 *(.rel.tdata .rel.tdata.* .rel.gnu.linkonce.td.*)
 *(.rela.tdata .rela.tdata.* .rela.gnu.linkonce.td.*)
 *(.rel.tbss .rel.tbss.* .rel.gnu.linkonce.tb.*)
 *(.rela.tbss .rela.tbss.* .rela.gnu.linkonce.tb.*)
 *(.rel.ctors)
 *(.rela.ctors)
 *(.rel.dtors)
 *(.rela.dtors)
 *(.rel.got)
 *(.rela.got)
 *(.rel.sdata .rel.sdata.* .rel.gnu.linkonce.s.*)
 *(.rela.sdata .rela.sdata.* .rela.gnu.linkonce.s.*)
 *(.rel.sbss .rel.sbss.* .rel.gnu.linkonce.sb.*)
 *(.rela.sbss .rela.sbss.* .rela.gnu.linkonce.sb.*)
 *(.rel.sdata2 .rel.sdata2.* .rel.gnu.linkonce.s2.*)
 *(.rela.sdata2 .rela.sdata2.* .rela.gnu.linkonce.s2.*)
 *(.rel.sbss2 .rel.sbss2.* .rel.gnu.linkonce.sb2.*)
 *(.rela.sbss2 .rela.sbss2.* .rela.gnu.linkonce.sb2.*)
 *(.rel.bss .rel.bss.* .rel.gnu.linkonce.b.*)
 *(.rela.bss .rela.bss.* .rela.gnu.linkonce.b.*)
 *(.rel.plt)
 *(.rela.plt)
 *(.rel.dyn)
 *(.init)
 *(.plt)
 *(.text .stub .text.* .gnu.linkonce.t.*)
 .text          0x000101b8       0x3c ../cpu2_bsp//obj/HAL/src/crt0.o
                0x000101b8                _start
 .text          0x000101f4      0x104 obj/default/FIFO.o
                0x000101f4                WRITE_FIFO
                0x00010258                READ_FIFO
                0x000102b8                FIFO_INIT
 .text          0x000102f8      0x320 obj/default/main.o
                0x000102f8                delay
                0x00010338                levelshift
                0x000105bc                main
 .text          0x00010618       0x98 f:/altera/nios2eds/bin/gnu/h-i686-mingw32/bin/../lib/gcc/nios2-elf/4.7.3/../../../../../H-i686-mingw32/nios2-elf/lib/mno-hw-mul\libc.a(lib_a-puts.o)
                0x00010618                _puts_r
                0x0001069c                puts
 .text          0x000106b0       0x8c f:/altera/nios2eds/bin/gnu/h-i686-mingw32/bin/../lib/gcc/nios2-elf/4.7.3/../../../../../H-i686-mingw32/nios2-elf/lib/mno-hw-mul\libc.a(lib_a-strlen.o)
                0x000106b0                strlen
 .text          0x0001073c      0x4e4 f:/altera/nios2eds/bin/gnu/h-i686-mingw32/bin/../lib/gcc/nios2-elf/4.7.3/../../../../../H-i686-mingw32/nios2-elf/lib/mno-hw-mul\libc.a(lib_a-fvwrite.o)
                0x0001073c                __sfvwrite_r
 .text          0x00010c20        0x0 f:/altera/nios2eds/bin/gnu/h-i686-mingw32/bin/../lib/gcc/nios2-elf/4.7.3/../../../../../H-i686-mingw32/nios2-elf/lib/mno-hw-mul\libc.a(lib_a-impure.o)
 .text          0x00010c20      0x784 f:/altera/nios2eds/bin/gnu/h-i686-mingw32/bin/../lib/gcc/nios2-elf/4.7.3/../../../../../H-i686-mingw32/nios2-elf/lib/mno-hw-mul\libc.a(lib_a-mallocr.o)
                0x00010c20                _malloc_r
 .text          0x000113a4       0xf8 f:/altera/nios2eds/bin/gnu/h-i686-mingw32/bin/../lib/gcc/nios2-elf/4.7.3/../../../../../H-i686-mingw32/nios2-elf/lib/mno-hw-mul\libc.a(lib_a-memchr.o)
                0x000113a4                memchr
 .text          0x0001149c      0x140 f:/altera/nios2eds/bin/gnu/h-i686-mingw32/bin/../lib/gcc/nios2-elf/4.7.3/../../../../../H-i686-mingw32/nios2-elf/lib/mno-hw-mul\libc.a(lib_a-memcpy.o)
                0x0001149c                memcpy
 .text          0x000115dc      0x18c f:/altera/nios2eds/bin/gnu/h-i686-mingw32/bin/../lib/gcc/nios2-elf/4.7.3/../../../../../H-i686-mingw32/nios2-elf/lib/mno-hw-mul\libc.a(lib_a-memmove.o)
                0x000115dc                memmove
 .text          0x00011768      0x5fc f:/altera/nios2eds/bin/gnu/h-i686-mingw32/bin/../lib/gcc/nios2-elf/4.7.3/../../../../../H-i686-mingw32/nios2-elf/lib/mno-hw-mul\libc.a(lib_a-reallocr.o)
                0x00011768                _realloc_r
 .text          0x00011d64       0x64 f:/altera/nios2eds/bin/gnu/h-i686-mingw32/bin/../lib/gcc/nios2-elf/4.7.3/../../../../../H-i686-mingw32/nios2-elf/lib/mno-hw-mul\libc.a(lib_a-sbrkr.o)
                0x00011d64                _sbrk_r
 .text          0x00011dc8      0x174 f:/altera/nios2eds/bin/gnu/h-i686-mingw32/bin/../lib/gcc/nios2-elf/4.7.3/../../../../../H-i686-mingw32/nios2-elf/lib/mno-hw-mul\libc.a(lib_a-wsetup.o)
                0x00011dc8                __swsetup_r
 .text          0x00011f3c      0x218 f:/altera/nios2eds/bin/gnu/h-i686-mingw32/bin/../lib/gcc/nios2-elf/4.7.3/../../../../../H-i686-mingw32/nios2-elf/lib/mno-hw-mul\libc.a(lib_a-fflush.o)
                0x00011f3c                _fflush_r
                0x00012124                fflush
 .text          0x00012154      0x2ec f:/altera/nios2eds/bin/gnu/h-i686-mingw32/bin/../lib/gcc/nios2-elf/4.7.3/../../../../../H-i686-mingw32/nios2-elf/lib/mno-hw-mul\libc.a(lib_a-findfp.o)
                0x00012164                _cleanup_r
                0x00012170                __sfmoreglue
                0x000121e8                _cleanup
                0x000121f8                __sinit
                0x00012304                __sfp
                0x00012400                __sfp_lock_acquire
                0x00012404                __sfp_lock_release
                0x00012408                __sinit_lock_acquire
                0x0001240c                __sinit_lock_release
                0x00012410                __fp_lock_all
                0x00012428                __fp_unlock_all
 .text          0x00012440      0x40c f:/altera/nios2eds/bin/gnu/h-i686-mingw32/bin/../lib/gcc/nios2-elf/4.7.3/../../../../../H-i686-mingw32/nios2-elf/lib/mno-hw-mul\libc.a(lib_a-freer.o)
                0x00012440                _malloc_trim_r
                0x0001257c                _free_r
 .text          0x0001284c      0x160 f:/altera/nios2eds/bin/gnu/h-i686-mingw32/bin/../lib/gcc/nios2-elf/4.7.3/../../../../../H-i686-mingw32/nios2-elf/lib/mno-hw-mul\libc.a(lib_a-fwalk.o)
                0x0001284c                _fwalk
                0x000128f4                _fwalk_reent
 .text          0x000129ac        0x0 f:/altera/nios2eds/bin/gnu/h-i686-mingw32/bin/../lib/gcc/nios2-elf/4.7.3/../../../../../H-i686-mingw32/nios2-elf/lib/mno-hw-mul\libc.a(lib_a-int_errno.o)
 .text          0x000129ac      0x1a8 f:/altera/nios2eds/bin/gnu/h-i686-mingw32/bin/../lib/gcc/nios2-elf/4.7.3/../../../../../H-i686-mingw32/nios2-elf/lib/mno-hw-mul\libc.a(lib_a-makebuf.o)
                0x000129ac                __smakebuf_r
 .text          0x00012b54       0xdc f:/altera/nios2eds/bin/gnu/h-i686-mingw32/bin/../lib/gcc/nios2-elf/4.7.3/../../../../../H-i686-mingw32/nios2-elf/lib/mno-hw-mul\libc.a(lib_a-memset.o)
                0x00012b54                memset
 .text          0x00012c30      0x140 f:/altera/nios2eds/bin/gnu/h-i686-mingw32/bin/../lib/gcc/nios2-elf/4.7.3/../../../../../H-i686-mingw32/nios2-elf/lib/mno-hw-mul\libc.a(lib_a-stdio.o)
                0x00012c30                __sread
                0x00012c84                __swrite
                0x00012d0c                __sseek
                0x00012d68                __sclose
 .text          0x00012d70       0x6c f:/altera/nios2eds/bin/gnu/h-i686-mingw32/bin/../lib/gcc/nios2-elf/4.7.3/../../../../../H-i686-mingw32/nios2-elf/lib/mno-hw-mul\libc.a(lib_a-writer.o)
                0x00012d70                _write_r
 .text          0x00012ddc       0x64 f:/altera/nios2eds/bin/gnu/h-i686-mingw32/bin/../lib/gcc/nios2-elf/4.7.3/../../../../../H-i686-mingw32/nios2-elf/lib/mno-hw-mul\libc.a(lib_a-closer.o)
                0x00012ddc                _close_r
 .text          0x00012e40      0x150 f:/altera/nios2eds/bin/gnu/h-i686-mingw32/bin/../lib/gcc/nios2-elf/4.7.3/../../../../../H-i686-mingw32/nios2-elf/lib/mno-hw-mul\libc.a(lib_a-fclose.o)
                0x00012e40                _fclose_r
                0x00012f7c                fclose
 .text          0x00012f90       0x68 f:/altera/nios2eds/bin/gnu/h-i686-mingw32/bin/../lib/gcc/nios2-elf/4.7.3/../../../../../H-i686-mingw32/nios2-elf/lib/mno-hw-mul\libc.a(lib_a-fstatr.o)
                0x00012f90                _fstat_r
 .text          0x00012ff8       0x64 f:/altera/nios2eds/bin/gnu/h-i686-mingw32/bin/../lib/gcc/nios2-elf/4.7.3/../../../../../H-i686-mingw32/nios2-elf/lib/mno-hw-mul\libc.a(lib_a-isattyr.o)
                0x00012ff8                _isatty_r
 .text          0x0001305c       0x6c f:/altera/nios2eds/bin/gnu/h-i686-mingw32/bin/../lib/gcc/nios2-elf/4.7.3/../../../../../H-i686-mingw32/nios2-elf/lib/mno-hw-mul\libc.a(lib_a-lseekr.o)
                0x0001305c                _lseek_r
 .text          0x000130c8       0x6c f:/altera/nios2eds/bin/gnu/h-i686-mingw32/bin/../lib/gcc/nios2-elf/4.7.3/../../../../../H-i686-mingw32/nios2-elf/lib/mno-hw-mul\libc.a(lib_a-readr.o)
                0x000130c8                _read_r
 .text          0x00013134       0x28 f:/altera/nios2eds/bin/gnu/h-i686-mingw32/bin/../lib/gcc/nios2-elf/4.7.3/mno-hw-mul\libgcc.a(lib2-mul.o)
                0x00013134                __mulsi3
 .text          0x0001315c      0x11c ../cpu2_bsp/\libhal_bsp.a(alt_close.o)
                0x000131ac                close
 .text          0x00013278       0x2c ../cpu2_bsp/\libhal_bsp.a(alt_dev.o)
 .text          0x000132a4        0x0 ../cpu2_bsp/\libhal_bsp.a(alt_errno.o)
 .text          0x000132a4      0x100 ../cpu2_bsp/\libhal_bsp.a(alt_fstat.o)
                0x000132f4                fstat
 .text          0x000133a4       0xf4 ../cpu2_bsp/\libhal_bsp.a(alt_isatty.o)
                0x000133f4                isatty
 .text          0x00013498       0xec ../cpu2_bsp/\libhal_bsp.a(alt_load.o)
                0x00013504                alt_load
 .text          0x00013584      0x124 ../cpu2_bsp/\libhal_bsp.a(alt_lseek.o)
                0x000135d4                lseek
 .text          0x000136a8       0x78 ../cpu2_bsp/\libhal_bsp.a(alt_main.o)
                0x000136a8                alt_main
 .text          0x00013720       0x40 ../cpu2_bsp/\libhal_bsp.a(alt_malloc_lock.o)
                0x00013720                __malloc_lock
                0x00013740                __malloc_unlock
 .text          0x00013760      0x144 ../cpu2_bsp/\libhal_bsp.a(alt_read.o)
                0x000137b0                read
 .text          0x000138a4       0x80 ../cpu2_bsp/\libhal_bsp.a(alt_release_fd.o)
                0x000138a4                alt_release_fd
 .text          0x00013924       0xb0 ../cpu2_bsp/\libhal_bsp.a(alt_sbrk.o)
                0x00013924                sbrk
 .text          0x000139d4      0x140 ../cpu2_bsp/\libhal_bsp.a(alt_write.o)
                0x00013a24                write
 .text          0x00013b14       0xdc ../cpu2_bsp/\libhal_bsp.a(alt_sys_init.o)
                0x00013b4c                alt_irq_init
                0x00013b80                alt_sys_init
 .text          0x00013bf0      0x4f0 ../cpu2_bsp/\libhal_bsp.a(altera_avalon_fifo_util.o)
                0x00013bf0                altera_avalon_fifo_init
                0x00013c88                altera_avalon_fifo_read_status
                0x00013cc4                altera_avalon_fifo_read_ienable
                0x00013d00                altera_avalon_fifo_read_almostfull
                0x00013d2c                altera_avalon_fifo_read_almostempty
                0x00013d58                altera_avalon_fifo_read_event
                0x00013d94                altera_avalon_fifo_read_level
                0x00013dbc                altera_avalon_fifo_clear_event
                0x00013e18                altera_avalon_fifo_write_ienable
                0x00013e70                altera_avalon_fifo_write_almostfull
                0x00013ec8                altera_avalon_fifo_write_almostempty
                0x00013f20                altera_avalon_fifo_write_fifo
                0x00013f78                altera_avalon_read_fifo
                0x00013fe4                altera_avalon_fifo_read_fifo
                0x00014030                altera_avalon_fifo_write_other_info
                0x0001408c                altera_avalon_fifo_read_other_info
                0x000140b8                altera_avalon_fifo_read_backpressure
 .text          0x000140e0      0x164 ../cpu2_bsp/\libhal_bsp.a(altera_avalon_jtag_uart_fd.o)
                0x000140e0                altera_avalon_jtag_uart_read_fd
                0x00014140                altera_avalon_jtag_uart_write_fd
                0x000141a0                altera_avalon_jtag_uart_close_fd
                0x000141f0                altera_avalon_jtag_uart_ioctl_fd
 .text          0x00014244      0x3d0 ../cpu2_bsp/\libhal_bsp.a(altera_avalon_jtag_uart_init.o)
                0x00014244                altera_avalon_jtag_uart_init
                0x000145ac                altera_avalon_jtag_uart_close
 .text          0x00014614       0xf4 ../cpu2_bsp/\libhal_bsp.a(altera_avalon_jtag_uart_ioctl.o)
                0x00014614                altera_avalon_jtag_uart_ioctl
 .text          0x00014708      0x218 ../cpu2_bsp/\libhal_bsp.a(altera_avalon_jtag_uart_read.o)
                0x00014708                altera_avalon_jtag_uart_read
 .text          0x00014920      0x224 ../cpu2_bsp/\libhal_bsp.a(altera_avalon_jtag_uart_write.o)
                0x00014920                altera_avalon_jtag_uart_write
 .text          0x00014b44       0xfc ../cpu2_bsp/\libhal_bsp.a(altera_avalon_timer_sc.o)
                0x00014bb8                alt_avalon_timer_sc_init
 .text          0x00014c40      0x140 ../cpu2_bsp/\libhal_bsp.a(alt_alarm_start.o)
                0x00014c40                alt_alarm_start
 .text          0x00014d80       0x1c ../cpu2_bsp/\libhal_bsp.a(alt_dcache_flush_all.o)
                0x00014d80                alt_dcache_flush_all
 .text          0x00014d9c       0xf0 ../cpu2_bsp/\libhal_bsp.a(alt_dev_llist_insert.o)
                0x00014dec                alt_dev_llist_insert
 .text          0x00014e8c       0x5c ../cpu2_bsp/\libhal_bsp.a(alt_do_ctors.o)
                0x00014e8c                _do_ctors
 .text          0x00014ee8       0x5c ../cpu2_bsp/\libhal_bsp.a(alt_do_dtors.o)
                0x00014ee8                _do_dtors
 .text          0x00014f44       0x1c ../cpu2_bsp/\libhal_bsp.a(alt_icache_flush_all.o)
                0x00014f44                alt_icache_flush_all
 .text          0x00014f60      0x1d8 ../cpu2_bsp/\libhal_bsp.a(alt_iic.o)
                0x00014f60                alt_ic_isr_register
                0x00014fb0                alt_ic_irq_enable
                0x0001504c                alt_ic_irq_disable
                0x000150ec                alt_ic_irq_enabled
 .text          0x00015138       0xf0 ../cpu2_bsp/\libhal_bsp.a(alt_iic_isr_register.o)
                0x00015138                alt_iic_isr_register
 .text          0x00015228      0x158 ../cpu2_bsp/\libhal_bsp.a(alt_io_redirect.o)
                0x00015308                alt_io_redirect
 .text          0x00015380        0x0 ../cpu2_bsp/\libhal_bsp.a(alt_irq_entry.o)
 .text          0x00015380        0x0 ../cpu2_bsp/\libhal_bsp.a(alt_irq_handler.o)
 .text          0x00015380        0x0 ../cpu2_bsp/\libhal_bsp.a(alt_irq_vars.o)
 .text          0x00015380      0x298 ../cpu2_bsp/\libhal_bsp.a(alt_open.o)
                0x000154c0                open
 .text          0x00015618      0x19c ../cpu2_bsp/\libhal_bsp.a(alt_tick.o)
                0x00015618                alt_alarm_stop
                0x000156b0                alt_tick
 .text          0x000157b4       0x20 ../cpu2_bsp/\libhal_bsp.a(altera_nios2_qsys_irq.o)
                0x000157b4                altera_nios2_qsys_irq_init
 .text          0x000157d4        0x0 ../cpu2_bsp/\libhal_bsp.a(alt_exception_entry.o)
 .text          0x000157d4       0x90 ../cpu2_bsp/\libhal_bsp.a(alt_find_dev.o)
                0x000157d4                alt_find_dev
 .text          0x00015864      0x114 ../cpu2_bsp/\libhal_bsp.a(alt_find_file.o)
                0x00015864                alt_find_file
 .text          0x00015978       0xd4 ../cpu2_bsp/\libhal_bsp.a(alt_get_fd.o)
                0x00015978                alt_get_fd
 .text          0x00015a4c       0x14 f:/altera/nios2eds/bin/gnu/h-i686-mingw32/bin/../lib/gcc/nios2-elf/4.7.3/../../../../../H-i686-mingw32/nios2-elf/lib/mno-hw-mul\libc.a(lib_a-atexit.o)
                0x00015a4c                atexit
 .text          0x00015a60       0x38 f:/altera/nios2eds/bin/gnu/h-i686-mingw32/bin/../lib/gcc/nios2-elf/4.7.3/../../../../../H-i686-mingw32/nios2-elf/lib/mno-hw-mul\libc.a(lib_a-exit.o)
                0x00015a60                exit
 .text          0x00015a98       0x7c f:/altera/nios2eds/bin/gnu/h-i686-mingw32/bin/../lib/gcc/nios2-elf/4.7.3/../../../../../H-i686-mingw32/nios2-elf/lib/mno-hw-mul\libc.a(lib_a-memcmp.o)
                0x00015a98                memcmp
 .text          0x00015b14      0x130 f:/altera/nios2eds/bin/gnu/h-i686-mingw32/bin/../lib/gcc/nios2-elf/4.7.3/../../../../../H-i686-mingw32/nios2-elf/lib/mno-hw-mul\libc.a(lib_a-__atexit.o)
                0x00015b14                __register_exitproc
 .text          0x00015c44      0x1a0 f:/altera/nios2eds/bin/gnu/h-i686-mingw32/bin/../lib/gcc/nios2-elf/4.7.3/../../../../../H-i686-mingw32/nios2-elf/lib/mno-hw-mul\libc.a(lib_a-__call_atexit.o)
                0x00015c44                __call_exitprocs
 .text          0x00015de4       0x3c ../cpu2_bsp/\libhal_bsp.a(alt_exit.o)
                0x00015de4                _exit
 *(.gnu.warning.*)
 *(.fini)
                0x00015e20                PROVIDE (__etext, ABSOLUTE (.))
                0x00015e20                PROVIDE (_etext, ABSOLUTE (.))
                0x00015e20                PROVIDE (etext, ABSOLUTE (.))
 *(.eh_frame_hdr)
                0x00015e20                . = ALIGN (0x4)
                0x00015e20                PROVIDE (__preinit_array_start, ABSOLUTE (.))
 *(.preinit_array)
                0x00015e20                PROVIDE (__preinit_array_end, ABSOLUTE (.))
                0x00015e20                PROVIDE (__init_array_start, ABSOLUTE (.))
 *(.init_array)
                0x00015e20                PROVIDE (__init_array_end, ABSOLUTE (.))
                0x00015e20                PROVIDE (__fini_array_start, ABSOLUTE (.))
 *(.fini_array)
                0x00015e20                PROVIDE (__fini_array_end, ABSOLUTE (.))
 *(.eh_frame)
 *(.gcc_except_table .gcc_except_table.*)
 *(.dynamic)
                0x00015e20                PROVIDE (__CTOR_LIST__, ABSOLUTE (.))
 *(.ctors)
 *(SORT(.ctors.*))
                0x00015e20                PROVIDE (__CTOR_END__, ABSOLUTE (.))
                0x00015e20                PROVIDE (__DTOR_LIST__, ABSOLUTE (.))
 *(.dtors)
 *(SORT(.dtors.*))
                0x00015e20                PROVIDE (__DTOR_END__, ABSOLUTE (.))
 *(.jcr)
                0x00015e20                . = ALIGN (0x4)

.rodata         0x00015e20       0x68
                0x00015e20                PROVIDE (__ram_rodata_start, ABSOLUTE (.))
                0x00015e20                . = ALIGN (0x4)
 *(.rodata .rodata.* .gnu.linkonce.r.*)
 .rodata        0x00015e20       0x34 obj/default/main.o
 .rodata.str1.4
                0x00015e54        0x2 f:/altera/nios2eds/bin/gnu/h-i686-mingw32/bin/../lib/gcc/nios2-elf/4.7.3/../../../../../H-i686-mingw32/nios2-elf/lib/mno-hw-mul\libc.a(lib_a-puts.o)
                                  0x4 (size before relaxing)
 *fill*         0x00015e56        0x2 
 .rodata.str1.4
                0x00015e58        0x4 f:/altera/nios2eds/bin/gnu/h-i686-mingw32/bin/../lib/gcc/nios2-elf/4.7.3/../../../../../H-i686-mingw32/nios2-elf/lib/mno-hw-mul\libc.a(lib_a-impure.o)
 .rodata        0x00015e5c        0xc ../cpu2_bsp/\libhal_bsp.a(alt_dev.o)
 .rodata        0x00015e68       0x10 ../cpu2_bsp/\libhal_bsp.a(alt_main.o)
 .rodata        0x00015e78       0x10 ../cpu2_bsp/\libhal_bsp.a(alt_sys_init.o)
 *(.rodata1)
                0x00015e88                . = ALIGN (0x4)
                0x00015e88                PROVIDE (__ram_rodata_end, ABSOLUTE (.))
                0x00015e20                PROVIDE (__flash_rodata_start, LOADADDR (.rodata))

.rwdata         0x00015e88     0x1a48 load address 0x000178d0
                0x00015e88                PROVIDE (__ram_rwdata_start, ABSOLUTE (.))
                0x00015e88                . = ALIGN (0x4)
 *(.got.plt)
 *(.got)
 *(.data1)
 *(.data .data.* .gnu.linkonce.d.*)
 .data          0x00015e88        0x0 ../cpu2_bsp//obj/HAL/src/crt0.o
 .data          0x00015e88        0x0 obj/default/FIFO.o
 .data          0x00015e88        0x0 obj/default/main.o
 .data          0x00015e88        0x0 f:/altera/nios2eds/bin/gnu/h-i686-mingw32/bin/../lib/gcc/nios2-elf/4.7.3/../../../../../H-i686-mingw32/nios2-elf/lib/mno-hw-mul\libc.a(lib_a-puts.o)
 .data          0x00015e88        0x0 f:/altera/nios2eds/bin/gnu/h-i686-mingw32/bin/../lib/gcc/nios2-elf/4.7.3/../../../../../H-i686-mingw32/nios2-elf/lib/mno-hw-mul\libc.a(lib_a-strlen.o)
 .data          0x00015e88        0x0 f:/altera/nios2eds/bin/gnu/h-i686-mingw32/bin/../lib/gcc/nios2-elf/4.7.3/../../../../../H-i686-mingw32/nios2-elf/lib/mno-hw-mul\libc.a(lib_a-fvwrite.o)
 .data          0x00015e88      0x400 f:/altera/nios2eds/bin/gnu/h-i686-mingw32/bin/../lib/gcc/nios2-elf/4.7.3/../../../../../H-i686-mingw32/nios2-elf/lib/mno-hw-mul\libc.a(lib_a-impure.o)
 .data          0x00016288      0x408 f:/altera/nios2eds/bin/gnu/h-i686-mingw32/bin/../lib/gcc/nios2-elf/4.7.3/../../../../../H-i686-mingw32/nios2-elf/lib/mno-hw-mul\libc.a(lib_a-mallocr.o)
                0x00016288                __malloc_av_
 .data          0x00016690        0x0 f:/altera/nios2eds/bin/gnu/h-i686-mingw32/bin/../lib/gcc/nios2-elf/4.7.3/../../../../../H-i686-mingw32/nios2-elf/lib/mno-hw-mul\libc.a(lib_a-memchr.o)
 .data          0x00016690        0x0 f:/altera/nios2eds/bin/gnu/h-i686-mingw32/bin/../lib/gcc/nios2-elf/4.7.3/../../../../../H-i686-mingw32/nios2-elf/lib/mno-hw-mul\libc.a(lib_a-memcpy.o)
 .data          0x00016690        0x0 f:/altera/nios2eds/bin/gnu/h-i686-mingw32/bin/../lib/gcc/nios2-elf/4.7.3/../../../../../H-i686-mingw32/nios2-elf/lib/mno-hw-mul\libc.a(lib_a-memmove.o)
 .data          0x00016690        0x0 f:/altera/nios2eds/bin/gnu/h-i686-mingw32/bin/../lib/gcc/nios2-elf/4.7.3/../../../../../H-i686-mingw32/nios2-elf/lib/mno-hw-mul\libc.a(lib_a-reallocr.o)
 .data          0x00016690        0x0 f:/altera/nios2eds/bin/gnu/h-i686-mingw32/bin/../lib/gcc/nios2-elf/4.7.3/../../../../../H-i686-mingw32/nios2-elf/lib/mno-hw-mul\libc.a(lib_a-sbrkr.o)
 .data          0x00016690        0x0 f:/altera/nios2eds/bin/gnu/h-i686-mingw32/bin/../lib/gcc/nios2-elf/4.7.3/../../../../../H-i686-mingw32/nios2-elf/lib/mno-hw-mul\libc.a(lib_a-wsetup.o)
 .data          0x00016690        0x0 f:/altera/nios2eds/bin/gnu/h-i686-mingw32/bin/../lib/gcc/nios2-elf/4.7.3/../../../../../H-i686-mingw32/nios2-elf/lib/mno-hw-mul\libc.a(lib_a-fflush.o)
 .data          0x00016690        0x0 f:/altera/nios2eds/bin/gnu/h-i686-mingw32/bin/../lib/gcc/nios2-elf/4.7.3/../../../../../H-i686-mingw32/nios2-elf/lib/mno-hw-mul\libc.a(lib_a-findfp.o)
 .data          0x00016690        0x0 f:/altera/nios2eds/bin/gnu/h-i686-mingw32/bin/../lib/gcc/nios2-elf/4.7.3/../../../../../H-i686-mingw32/nios2-elf/lib/mno-hw-mul\libc.a(lib_a-freer.o)
 .data          0x00016690        0x0 f:/altera/nios2eds/bin/gnu/h-i686-mingw32/bin/../lib/gcc/nios2-elf/4.7.3/../../../../../H-i686-mingw32/nios2-elf/lib/mno-hw-mul\libc.a(lib_a-fwalk.o)
 .data          0x00016690        0x0 f:/altera/nios2eds/bin/gnu/h-i686-mingw32/bin/../lib/gcc/nios2-elf/4.7.3/../../../../../H-i686-mingw32/nios2-elf/lib/mno-hw-mul\libc.a(lib_a-int_errno.o)
 .data          0x00016690        0x0 f:/altera/nios2eds/bin/gnu/h-i686-mingw32/bin/../lib/gcc/nios2-elf/4.7.3/../../../../../H-i686-mingw32/nios2-elf/lib/mno-hw-mul\libc.a(lib_a-makebuf.o)
 .data          0x00016690        0x0 f:/altera/nios2eds/bin/gnu/h-i686-mingw32/bin/../lib/gcc/nios2-elf/4.7.3/../../../../../H-i686-mingw32/nios2-elf/lib/mno-hw-mul\libc.a(lib_a-memset.o)
 .data          0x00016690        0x0 f:/altera/nios2eds/bin/gnu/h-i686-mingw32/bin/../lib/gcc/nios2-elf/4.7.3/../../../../../H-i686-mingw32/nios2-elf/lib/mno-hw-mul\libc.a(lib_a-stdio.o)
 .data          0x00016690        0x0 f:/altera/nios2eds/bin/gnu/h-i686-mingw32/bin/../lib/gcc/nios2-elf/4.7.3/../../../../../H-i686-mingw32/nios2-elf/lib/mno-hw-mul\libc.a(lib_a-writer.o)
 .data          0x00016690        0x0 f:/altera/nios2eds/bin/gnu/h-i686-mingw32/bin/../lib/gcc/nios2-elf/4.7.3/../../../../../H-i686-mingw32/nios2-elf/lib/mno-hw-mul\libc.a(lib_a-closer.o)
 .data          0x00016690        0x0 f:/altera/nios2eds/bin/gnu/h-i686-mingw32/bin/../lib/gcc/nios2-elf/4.7.3/../../../../../H-i686-mingw32/nios2-elf/lib/mno-hw-mul\libc.a(lib_a-fclose.o)
 .data          0x00016690        0x0 f:/altera/nios2eds/bin/gnu/h-i686-mingw32/bin/../lib/gcc/nios2-elf/4.7.3/../../../../../H-i686-mingw32/nios2-elf/lib/mno-hw-mul\libc.a(lib_a-fstatr.o)
 .data          0x00016690        0x0 f:/altera/nios2eds/bin/gnu/h-i686-mingw32/bin/../lib/gcc/nios2-elf/4.7.3/../../../../../H-i686-mingw32/nios2-elf/lib/mno-hw-mul\libc.a(lib_a-isattyr.o)
 .data          0x00016690        0x0 f:/altera/nios2eds/bin/gnu/h-i686-mingw32/bin/../lib/gcc/nios2-elf/4.7.3/../../../../../H-i686-mingw32/nios2-elf/lib/mno-hw-mul\libc.a(lib_a-lseekr.o)
 .data          0x00016690        0x0 f:/altera/nios2eds/bin/gnu/h-i686-mingw32/bin/../lib/gcc/nios2-elf/4.7.3/../../../../../H-i686-mingw32/nios2-elf/lib/mno-hw-mul\libc.a(lib_a-readr.o)
 .data          0x00016690        0x0 f:/altera/nios2eds/bin/gnu/h-i686-mingw32/bin/../lib/gcc/nios2-elf/4.7.3/mno-hw-mul\libgcc.a(lib2-mul.o)
 .data          0x00016690        0x0 ../cpu2_bsp/\libhal_bsp.a(alt_close.o)
 .data          0x00016690      0x1a8 ../cpu2_bsp/\libhal_bsp.a(alt_dev.o)
                0x00016690                alt_dev_null
                0x000166b8                alt_fd_list
 .data          0x00016838        0x0 ../cpu2_bsp/\libhal_bsp.a(alt_errno.o)
 .data          0x00016838        0x0 ../cpu2_bsp/\libhal_bsp.a(alt_fstat.o)
 .data          0x00016838        0x0 ../cpu2_bsp/\libhal_bsp.a(alt_isatty.o)
 .data          0x00016838        0x0 ../cpu2_bsp/\libhal_bsp.a(alt_load.o)
 .data          0x00016838        0x0 ../cpu2_bsp/\libhal_bsp.a(alt_lseek.o)
 .data          0x00016838        0x0 ../cpu2_bsp/\libhal_bsp.a(alt_main.o)
 .data          0x00016838        0x0 ../cpu2_bsp/\libhal_bsp.a(alt_malloc_lock.o)
 .data          0x00016838        0x0 ../cpu2_bsp/\libhal_bsp.a(alt_read.o)
 .data          0x00016838        0x0 ../cpu2_bsp/\libhal_bsp.a(alt_release_fd.o)
 .data          0x00016838        0x0 ../cpu2_bsp/\libhal_bsp.a(alt_sbrk.o)
 .data          0x00016838        0x0 ../cpu2_bsp/\libhal_bsp.a(alt_write.o)
 .data          0x00016838     0x1060 ../cpu2_bsp/\libhal_bsp.a(alt_sys_init.o)
 .data          0x00017898        0x0 ../cpu2_bsp/\libhal_bsp.a(altera_avalon_fifo_util.o)
 .data          0x00017898        0x0 ../cpu2_bsp/\libhal_bsp.a(altera_avalon_jtag_uart_fd.o)
 .data          0x00017898        0x0 ../cpu2_bsp/\libhal_bsp.a(altera_avalon_jtag_uart_init.o)
 .data          0x00017898        0x0 ../cpu2_bsp/\libhal_bsp.a(altera_avalon_jtag_uart_ioctl.o)
 .data          0x00017898        0x0 ../cpu2_bsp/\libhal_bsp.a(altera_avalon_jtag_uart_read.o)
 .data          0x00017898        0x0 ../cpu2_bsp/\libhal_bsp.a(altera_avalon_jtag_uart_write.o)
 .data          0x00017898        0x0 ../cpu2_bsp/\libhal_bsp.a(altera_avalon_timer_sc.o)
 .data          0x00017898        0x0 ../cpu2_bsp/\libhal_bsp.a(alt_alarm_start.o)
 .data          0x00017898        0x0 ../cpu2_bsp/\libhal_bsp.a(alt_dcache_flush_all.o)
 .data          0x00017898        0x0 ../cpu2_bsp/\libhal_bsp.a(alt_dev_llist_insert.o)
 .data          0x00017898        0x0 ../cpu2_bsp/\libhal_bsp.a(alt_do_ctors.o)
 .data          0x00017898        0x0 ../cpu2_bsp/\libhal_bsp.a(alt_do_dtors.o)
 .data          0x00017898        0x0 ../cpu2_bsp/\libhal_bsp.a(alt_icache_flush_all.o)
 .data          0x00017898        0x0 ../cpu2_bsp/\libhal_bsp.a(alt_iic.o)
 .data          0x00017898        0x0 ../cpu2_bsp/\libhal_bsp.a(alt_iic_isr_register.o)
 .data          0x00017898        0x0 ../cpu2_bsp/\libhal_bsp.a(alt_io_redirect.o)
 .data          0x00017898        0x0 ../cpu2_bsp/\libhal_bsp.a(alt_irq_entry.o)
 .data          0x00017898        0x0 ../cpu2_bsp/\libhal_bsp.a(alt_irq_handler.o)
 .data          0x00017898        0x0 ../cpu2_bsp/\libhal_bsp.a(alt_irq_vars.o)
 .data          0x00017898        0x0 ../cpu2_bsp/\libhal_bsp.a(alt_open.o)
 .data          0x00017898        0x0 ../cpu2_bsp/\libhal_bsp.a(alt_tick.o)
 .data          0x00017898        0x0 ../cpu2_bsp/\libhal_bsp.a(altera_nios2_qsys_irq.o)
 .data          0x00017898        0x0 ../cpu2_bsp/\libhal_bsp.a(alt_exception_entry.o)
 .data          0x00017898        0x0 ../cpu2_bsp/\libhal_bsp.a(alt_find_dev.o)
 .data          0x00017898        0x0 ../cpu2_bsp/\libhal_bsp.a(alt_find_file.o)
 .data          0x00017898        0x0 ../cpu2_bsp/\libhal_bsp.a(alt_get_fd.o)
 .data          0x00017898        0x0 f:/altera/nios2eds/bin/gnu/h-i686-mingw32/bin/../lib/gcc/nios2-elf/4.7.3/../../../../../H-i686-mingw32/nios2-elf/lib/mno-hw-mul\libc.a(lib_a-atexit.o)
 .data          0x00017898        0x0 f:/altera/nios2eds/bin/gnu/h-i686-mingw32/bin/../lib/gcc/nios2-elf/4.7.3/../../../../../H-i686-mingw32/nios2-elf/lib/mno-hw-mul\libc.a(lib_a-exit.o)
 .data          0x00017898        0x0 f:/altera/nios2eds/bin/gnu/h-i686-mingw32/bin/../lib/gcc/nios2-elf/4.7.3/../../../../../H-i686-mingw32/nios2-elf/lib/mno-hw-mul\libc.a(lib_a-memcmp.o)
 .data          0x00017898        0x0 f:/altera/nios2eds/bin/gnu/h-i686-mingw32/bin/../lib/gcc/nios2-elf/4.7.3/../../../../../H-i686-mingw32/nios2-elf/lib/mno-hw-mul\libc.a(lib_a-__atexit.o)
 .data          0x00017898        0x0 f:/altera/nios2eds/bin/gnu/h-i686-mingw32/bin/../lib/gcc/nios2-elf/4.7.3/../../../../../H-i686-mingw32/nios2-elf/lib/mno-hw-mul\libc.a(lib_a-__call_atexit.o)
 .data          0x00017898        0x0 ../cpu2_bsp/\libhal_bsp.a(alt_exit.o)
                0x0001f898                _gp = ABSOLUTE ((. + 0x8000))
                0x0001f898                PROVIDE (gp, _gp)
 *(.rwdata .rwdata.*)
 *(.sdata .sdata.* .gnu.linkonce.s.*)
 .sdata         0x00017898        0x8 f:/altera/nios2eds/bin/gnu/h-i686-mingw32/bin/../lib/gcc/nios2-elf/4.7.3/../../../../../H-i686-mingw32/nios2-elf/lib/mno-hw-mul\libc.a(lib_a-impure.o)
                0x00017898                _global_impure_ptr
                0x0001789c                _impure_ptr
 .sdata         0x000178a0        0x8 f:/altera/nios2eds/bin/gnu/h-i686-mingw32/bin/../lib/gcc/nios2-elf/4.7.3/../../../../../H-i686-mingw32/nios2-elf/lib/mno-hw-mul\libc.a(lib_a-mallocr.o)
                0x000178a0                __malloc_sbrk_base
                0x000178a4                __malloc_trim_threshold
 .sdata         0x000178a8       0x14 ../cpu2_bsp/\libhal_bsp.a(alt_dev.o)
                0x000178a8                alt_fs_list
                0x000178b0                alt_dev_list
                0x000178b8                alt_max_fd
 .sdata         0x000178bc        0x4 ../cpu2_bsp/\libhal_bsp.a(alt_errno.o)
                0x000178bc                alt_errno
 .sdata         0x000178c0        0x4 ../cpu2_bsp/\libhal_bsp.a(alt_sbrk.o)
 .sdata         0x000178c4        0x4 ../cpu2_bsp/\libhal_bsp.a(alt_irq_vars.o)
                0x000178c4                alt_priority_mask
 .sdata         0x000178c8        0x8 ../cpu2_bsp/\libhal_bsp.a(alt_tick.o)
                0x000178c8                alt_alarm_list
 *(.sdata2 .sdata2.* .gnu.linkonce.s2.*)
                0x000178d0                . = ALIGN (0x4)
                0x000178d0                _edata = ABSOLUTE (.)
                0x000178d0                PROVIDE (edata, ABSOLUTE (.))
                0x000178d0                PROVIDE (__ram_rwdata_end, ABSOLUTE (.))
                0x000178d0                PROVIDE (__flash_rwdata_start, LOADADDR (.rwdata))

.bss            0x00019318      0x2e0
                0x00019318                __bss_start = ABSOLUTE (.)
                0x00019318                PROVIDE (__sbss_start, ABSOLUTE (.))
                0x00019318                PROVIDE (___sbss_start, ABSOLUTE (.))
 *(.dynsbss)
 *(.sbss .sbss.* .gnu.linkonce.sb.*)
 .sbss          0x00019318        0xc f:/altera/nios2eds/bin/gnu/h-i686-mingw32/bin/../lib/gcc/nios2-elf/4.7.3/../../../../../H-i686-mingw32/nios2-elf/lib/mno-hw-mul\libc.a(lib_a-mallocr.o)
                0x00019318                __malloc_max_total_mem
                0x0001931c                __malloc_max_sbrked_mem
                0x00019320                __malloc_top_pad
 .sbss          0x00019324        0x4 f:/altera/nios2eds/bin/gnu/h-i686-mingw32/bin/../lib/gcc/nios2-elf/4.7.3/../../../../../H-i686-mingw32/nios2-elf/lib/mno-hw-mul\libc.a(lib_a-int_errno.o)
                0x00019324                errno
 .sbss          0x00019328        0xc ../cpu2_bsp/\libhal_bsp.a(alt_main.o)
                0x00019328                alt_argc
                0x0001932c                alt_argv
                0x00019330                alt_envp
 .sbss          0x00019334        0x4 ../cpu2_bsp/\libhal_bsp.a(alt_irq_vars.o)
                0x00019334                alt_irq_active
 .sbss          0x00019338        0x8 ../cpu2_bsp/\libhal_bsp.a(alt_tick.o)
                0x00019338                _alt_tick_rate
                0x0001933c                _alt_nticks
 *(.sbss2 .sbss2.* .gnu.linkonce.sb2.*)
 *(.scommon)
                0x00019340                PROVIDE (__sbss_end, ABSOLUTE (.))
                0x00019340                PROVIDE (___sbss_end, ABSOLUTE (.))
 *(.dynbss)
 *(.bss .bss.* .gnu.linkonce.b.*)
 .bss           0x00019340        0x0 ../cpu2_bsp//obj/HAL/src/crt0.o
 .bss           0x00019340        0x0 obj/default/FIFO.o
 .bss           0x00019340        0x0 obj/default/main.o
 .bss           0x00019340        0x0 f:/altera/nios2eds/bin/gnu/h-i686-mingw32/bin/../lib/gcc/nios2-elf/4.7.3/../../../../../H-i686-mingw32/nios2-elf/lib/mno-hw-mul\libc.a(lib_a-puts.o)
 .bss           0x00019340        0x0 f:/altera/nios2eds/bin/gnu/h-i686-mingw32/bin/../lib/gcc/nios2-elf/4.7.3/../../../../../H-i686-mingw32/nios2-elf/lib/mno-hw-mul\libc.a(lib_a-strlen.o)
 .bss           0x00019340        0x0 f:/altera/nios2eds/bin/gnu/h-i686-mingw32/bin/../lib/gcc/nios2-elf/4.7.3/../../../../../H-i686-mingw32/nios2-elf/lib/mno-hw-mul\libc.a(lib_a-fvwrite.o)
 .bss           0x00019340        0x0 f:/altera/nios2eds/bin/gnu/h-i686-mingw32/bin/../lib/gcc/nios2-elf/4.7.3/../../../../../H-i686-mingw32/nios2-elf/lib/mno-hw-mul\libc.a(lib_a-impure.o)
 .bss           0x00019340       0x28 f:/altera/nios2eds/bin/gnu/h-i686-mingw32/bin/../lib/gcc/nios2-elf/4.7.3/../../../../../H-i686-mingw32/nios2-elf/lib/mno-hw-mul\libc.a(lib_a-mallocr.o)
                0x00019340                __malloc_current_mallinfo
 .bss           0x00019368        0x0 f:/altera/nios2eds/bin/gnu/h-i686-mingw32/bin/../lib/gcc/nios2-elf/4.7.3/../../../../../H-i686-mingw32/nios2-elf/lib/mno-hw-mul\libc.a(lib_a-memchr.o)
 .bss           0x00019368        0x0 f:/altera/nios2eds/bin/gnu/h-i686-mingw32/bin/../lib/gcc/nios2-elf/4.7.3/../../../../../H-i686-mingw32/nios2-elf/lib/mno-hw-mul\libc.a(lib_a-memcpy.o)
 .bss           0x00019368        0x0 f:/altera/nios2eds/bin/gnu/h-i686-mingw32/bin/../lib/gcc/nios2-elf/4.7.3/../../../../../H-i686-mingw32/nios2-elf/lib/mno-hw-mul\libc.a(lib_a-memmove.o)
 .bss           0x00019368        0x0 f:/altera/nios2eds/bin/gnu/h-i686-mingw32/bin/../lib/gcc/nios2-elf/4.7.3/../../../../../H-i686-mingw32/nios2-elf/lib/mno-hw-mul\libc.a(lib_a-reallocr.o)
 .bss           0x00019368        0x0 f:/altera/nios2eds/bin/gnu/h-i686-mingw32/bin/../lib/gcc/nios2-elf/4.7.3/../../../../../H-i686-mingw32/nios2-elf/lib/mno-hw-mul\libc.a(lib_a-sbrkr.o)
 .bss           0x00019368        0x0 f:/altera/nios2eds/bin/gnu/h-i686-mingw32/bin/../lib/gcc/nios2-elf/4.7.3/../../../../../H-i686-mingw32/nios2-elf/lib/mno-hw-mul\libc.a(lib_a-wsetup.o)
 .bss           0x00019368        0x0 f:/altera/nios2eds/bin/gnu/h-i686-mingw32/bin/../lib/gcc/nios2-elf/4.7.3/../../../../../H-i686-mingw32/nios2-elf/lib/mno-hw-mul\libc.a(lib_a-fflush.o)
 .bss           0x00019368        0x0 f:/altera/nios2eds/bin/gnu/h-i686-mingw32/bin/../lib/gcc/nios2-elf/4.7.3/../../../../../H-i686-mingw32/nios2-elf/lib/mno-hw-mul\libc.a(lib_a-findfp.o)
 .bss           0x00019368        0x0 f:/altera/nios2eds/bin/gnu/h-i686-mingw32/bin/../lib/gcc/nios2-elf/4.7.3/../../../../../H-i686-mingw32/nios2-elf/lib/mno-hw-mul\libc.a(lib_a-freer.o)
 .bss           0x00019368        0x0 f:/altera/nios2eds/bin/gnu/h-i686-mingw32/bin/../lib/gcc/nios2-elf/4.7.3/../../../../../H-i686-mingw32/nios2-elf/lib/mno-hw-mul\libc.a(lib_a-fwalk.o)
 .bss           0x00019368        0x0 f:/altera/nios2eds/bin/gnu/h-i686-mingw32/bin/../lib/gcc/nios2-elf/4.7.3/../../../../../H-i686-mingw32/nios2-elf/lib/mno-hw-mul\libc.a(lib_a-int_errno.o)
 .bss           0x00019368        0x0 f:/altera/nios2eds/bin/gnu/h-i686-mingw32/bin/../lib/gcc/nios2-elf/4.7.3/../../../../../H-i686-mingw32/nios2-elf/lib/mno-hw-mul\libc.a(lib_a-makebuf.o)
 .bss           0x00019368        0x0 f:/altera/nios2eds/bin/gnu/h-i686-mingw32/bin/../lib/gcc/nios2-elf/4.7.3/../../../../../H-i686-mingw32/nios2-elf/lib/mno-hw-mul\libc.a(lib_a-memset.o)
 .bss           0x00019368        0x0 f:/altera/nios2eds/bin/gnu/h-i686-mingw32/bin/../lib/gcc/nios2-elf/4.7.3/../../../../../H-i686-mingw32/nios2-elf/lib/mno-hw-mul\libc.a(lib_a-stdio.o)
 .bss           0x00019368        0x0 f:/altera/nios2eds/bin/gnu/h-i686-mingw32/bin/../lib/gcc/nios2-elf/4.7.3/../../../../../H-i686-mingw32/nios2-elf/lib/mno-hw-mul\libc.a(lib_a-writer.o)
 .bss           0x00019368        0x0 f:/altera/nios2eds/bin/gnu/h-i686-mingw32/bin/../lib/gcc/nios2-elf/4.7.3/../../../../../H-i686-mingw32/nios2-elf/lib/mno-hw-mul\libc.a(lib_a-closer.o)
 .bss           0x00019368        0x0 f:/altera/nios2eds/bin/gnu/h-i686-mingw32/bin/../lib/gcc/nios2-elf/4.7.3/../../../../../H-i686-mingw32/nios2-elf/lib/mno-hw-mul\libc.a(lib_a-fclose.o)
 .bss           0x00019368        0x0 f:/altera/nios2eds/bin/gnu/h-i686-mingw32/bin/../lib/gcc/nios2-elf/4.7.3/../../../../../H-i686-mingw32/nios2-elf/lib/mno-hw-mul\libc.a(lib_a-fstatr.o)
 .bss           0x00019368        0x0 f:/altera/nios2eds/bin/gnu/h-i686-mingw32/bin/../lib/gcc/nios2-elf/4.7.3/../../../../../H-i686-mingw32/nios2-elf/lib/mno-hw-mul\libc.a(lib_a-isattyr.o)
 .bss           0x00019368        0x0 f:/altera/nios2eds/bin/gnu/h-i686-mingw32/bin/../lib/gcc/nios2-elf/4.7.3/../../../../../H-i686-mingw32/nios2-elf/lib/mno-hw-mul\libc.a(lib_a-lseekr.o)
 .bss           0x00019368        0x0 f:/altera/nios2eds/bin/gnu/h-i686-mingw32/bin/../lib/gcc/nios2-elf/4.7.3/../../../../../H-i686-mingw32/nios2-elf/lib/mno-hw-mul\libc.a(lib_a-readr.o)
 .bss           0x00019368        0x0 f:/altera/nios2eds/bin/gnu/h-i686-mingw32/bin/../lib/gcc/nios2-elf/4.7.3/mno-hw-mul\libgcc.a(lib2-mul.o)
 .bss           0x00019368        0x0 ../cpu2_bsp/\libhal_bsp.a(alt_close.o)
 .bss           0x00019368        0x0 ../cpu2_bsp/\libhal_bsp.a(alt_dev.o)
 .bss           0x00019368        0x0 ../cpu2_bsp/\libhal_bsp.a(alt_errno.o)
 .bss           0x00019368        0x0 ../cpu2_bsp/\libhal_bsp.a(alt_fstat.o)
 .bss           0x00019368        0x0 ../cpu2_bsp/\libhal_bsp.a(alt_isatty.o)
 .bss           0x00019368        0x0 ../cpu2_bsp/\libhal_bsp.a(alt_load.o)
 .bss           0x00019368        0x0 ../cpu2_bsp/\libhal_bsp.a(alt_lseek.o)
 .bss           0x00019368        0x0 ../cpu2_bsp/\libhal_bsp.a(alt_main.o)
 .bss           0x00019368        0x0 ../cpu2_bsp/\libhal_bsp.a(alt_malloc_lock.o)
 .bss           0x00019368        0x0 ../cpu2_bsp/\libhal_bsp.a(alt_read.o)
 .bss           0x00019368        0x0 ../cpu2_bsp/\libhal_bsp.a(alt_release_fd.o)
 .bss           0x00019368        0x0 ../cpu2_bsp/\libhal_bsp.a(alt_sbrk.o)
 .bss           0x00019368        0x0 ../cpu2_bsp/\libhal_bsp.a(alt_write.o)
 .bss           0x00019368        0x0 ../cpu2_bsp/\libhal_bsp.a(alt_sys_init.o)
 .bss           0x00019368        0x0 ../cpu2_bsp/\libhal_bsp.a(altera_avalon_fifo_util.o)
 .bss           0x00019368        0x0 ../cpu2_bsp/\libhal_bsp.a(altera_avalon_jtag_uart_fd.o)
 .bss           0x00019368        0x0 ../cpu2_bsp/\libhal_bsp.a(altera_avalon_jtag_uart_init.o)
 .bss           0x00019368        0x0 ../cpu2_bsp/\libhal_bsp.a(altera_avalon_jtag_uart_ioctl.o)
 .bss           0x00019368        0x0 ../cpu2_bsp/\libhal_bsp.a(altera_avalon_jtag_uart_read.o)
 .bss           0x00019368        0x0 ../cpu2_bsp/\libhal_bsp.a(altera_avalon_jtag_uart_write.o)
 .bss           0x00019368        0x0 ../cpu2_bsp/\libhal_bsp.a(altera_avalon_timer_sc.o)
 .bss           0x00019368        0x0 ../cpu2_bsp/\libhal_bsp.a(alt_alarm_start.o)
 .bss           0x00019368        0x0 ../cpu2_bsp/\libhal_bsp.a(alt_dcache_flush_all.o)
 .bss           0x00019368        0x0 ../cpu2_bsp/\libhal_bsp.a(alt_dev_llist_insert.o)
 .bss           0x00019368        0x0 ../cpu2_bsp/\libhal_bsp.a(alt_do_ctors.o)
 .bss           0x00019368        0x0 ../cpu2_bsp/\libhal_bsp.a(alt_do_dtors.o)
 .bss           0x00019368        0x0 ../cpu2_bsp/\libhal_bsp.a(alt_icache_flush_all.o)
 .bss           0x00019368        0x0 ../cpu2_bsp/\libhal_bsp.a(alt_iic.o)
 .bss           0x00019368        0x0 ../cpu2_bsp/\libhal_bsp.a(alt_iic_isr_register.o)
 .bss           0x00019368        0x0 ../cpu2_bsp/\libhal_bsp.a(alt_io_redirect.o)
 .bss           0x00019368        0x0 ../cpu2_bsp/\libhal_bsp.a(alt_irq_entry.o)
 .bss           0x00019368        0x0 ../cpu2_bsp/\libhal_bsp.a(alt_irq_handler.o)
 .bss           0x00019368        0x0 ../cpu2_bsp/\libhal_bsp.a(alt_irq_vars.o)
 .bss           0x00019368        0x0 ../cpu2_bsp/\libhal_bsp.a(alt_open.o)
 .bss           0x00019368        0x0 ../cpu2_bsp/\libhal_bsp.a(alt_tick.o)
 .bss           0x00019368        0x0 ../cpu2_bsp/\libhal_bsp.a(altera_nios2_qsys_irq.o)
 .bss           0x00019368        0x0 ../cpu2_bsp/\libhal_bsp.a(alt_exception_entry.o)
 .bss           0x00019368        0x0 ../cpu2_bsp/\libhal_bsp.a(alt_find_dev.o)
 .bss           0x00019368        0x0 ../cpu2_bsp/\libhal_bsp.a(alt_find_file.o)
 .bss           0x00019368        0x0 ../cpu2_bsp/\libhal_bsp.a(alt_get_fd.o)
 .bss           0x00019368        0x0 f:/altera/nios2eds/bin/gnu/h-i686-mingw32/bin/../lib/gcc/nios2-elf/4.7.3/../../../../../H-i686-mingw32/nios2-elf/lib/mno-hw-mul\libc.a(lib_a-atexit.o)
 .bss           0x00019368        0x0 f:/altera/nios2eds/bin/gnu/h-i686-mingw32/bin/../lib/gcc/nios2-elf/4.7.3/../../../../../H-i686-mingw32/nios2-elf/lib/mno-hw-mul\libc.a(lib_a-exit.o)
 .bss           0x00019368        0x0 f:/altera/nios2eds/bin/gnu/h-i686-mingw32/bin/../lib/gcc/nios2-elf/4.7.3/../../../../../H-i686-mingw32/nios2-elf/lib/mno-hw-mul\libc.a(lib_a-memcmp.o)
 .bss           0x00019368        0x0 f:/altera/nios2eds/bin/gnu/h-i686-mingw32/bin/../lib/gcc/nios2-elf/4.7.3/../../../../../H-i686-mingw32/nios2-elf/lib/mno-hw-mul\libc.a(lib_a-__atexit.o)
 .bss           0x00019368        0x0 f:/altera/nios2eds/bin/gnu/h-i686-mingw32/bin/../lib/gcc/nios2-elf/4.7.3/../../../../../H-i686-mingw32/nios2-elf/lib/mno-hw-mul\libc.a(lib_a-__call_atexit.o)
 .bss           0x00019368        0x0 ../cpu2_bsp/\libhal_bsp.a(alt_exit.o)
 *(COMMON)
 COMMON         0x00019368      0x100 ../cpu2_bsp/\libhal_bsp.a(alt_irq_handler.o)
                0x00019368                alt_irq
 COMMON         0x00019468      0x190 f:/altera/nios2eds/bin/gnu/h-i686-mingw32/bin/../lib/gcc/nios2-elf/4.7.3/../../../../../H-i686-mingw32/nios2-elf/lib/mno-hw-mul\libc.a(lib_a-atexit.o)
                0x00019468                _atexit0
                0x000195f8                . = ALIGN (0x4)
                0x000195f8                __bss_end = ABSOLUTE (.)

.mem2           0x000195f8        0x0
                0x000195f8                PROVIDE (_alt_partition_mem2_start, ABSOLUTE (.))
 *(.mem2 .mem2. mem2.*)
                0x000195f8                . = ALIGN (0x4)
                0x000195f8                PROVIDE (_alt_partition_mem2_end, ABSOLUTE (.))
                0x000195f8                _end = ABSOLUTE (.)
                0x000195f8                end = ABSOLUTE (.)
                0x000195f8                __alt_stack_base = ABSOLUTE (.)
                0x000195f8                PROVIDE (_alt_partition_mem2_load_addr, LOADADDR (.mem2))

.stab
 *(.stab)

.stabstr
 *(.stabstr)

.stab.excl
 *(.stab.excl)

.stab.exclstr
 *(.stab.exclstr)

.stab.index
 *(.stab.index)

.stab.indexstr
 *(.stab.indexstr)

.comment        0x00000000       0x23
 *(.comment)
 .comment       0x00000000       0x23 obj/default/FIFO.o
                                 0x24 (size before relaxing)
 .comment       0x00000000       0x24 obj/default/main.o
 .comment       0x00000000       0x24 f:/altera/nios2eds/bin/gnu/h-i686-mingw32/bin/../lib/gcc/nios2-elf/4.7.3/../../../../../H-i686-mingw32/nios2-elf/lib/mno-hw-mul\libc.a(lib_a-puts.o)
 .comment       0x00000000       0x24 f:/altera/nios2eds/bin/gnu/h-i686-mingw32/bin/../lib/gcc/nios2-elf/4.7.3/../../../../../H-i686-mingw32/nios2-elf/lib/mno-hw-mul\libc.a(lib_a-strlen.o)
 .comment       0x00000000       0x24 f:/altera/nios2eds/bin/gnu/h-i686-mingw32/bin/../lib/gcc/nios2-elf/4.7.3/../../../../../H-i686-mingw32/nios2-elf/lib/mno-hw-mul\libc.a(lib_a-fvwrite.o)
 .comment       0x00000000       0x24 f:/altera/nios2eds/bin/gnu/h-i686-mingw32/bin/../lib/gcc/nios2-elf/4.7.3/../../../../../H-i686-mingw32/nios2-elf/lib/mno-hw-mul\libc.a(lib_a-impure.o)
 .comment       0x00000000       0x24 f:/altera/nios2eds/bin/gnu/h-i686-mingw32/bin/../lib/gcc/nios2-elf/4.7.3/../../../../../H-i686-mingw32/nios2-elf/lib/mno-hw-mul\libc.a(lib_a-mallocr.o)
 .comment       0x00000000       0x24 f:/altera/nios2eds/bin/gnu/h-i686-mingw32/bin/../lib/gcc/nios2-elf/4.7.3/../../../../../H-i686-mingw32/nios2-elf/lib/mno-hw-mul\libc.a(lib_a-memchr.o)
 .comment       0x00000000       0x24 f:/altera/nios2eds/bin/gnu/h-i686-mingw32/bin/../lib/gcc/nios2-elf/4.7.3/../../../../../H-i686-mingw32/nios2-elf/lib/mno-hw-mul\libc.a(lib_a-memcpy.o)
 .comment       0x00000000       0x24 f:/altera/nios2eds/bin/gnu/h-i686-mingw32/bin/../lib/gcc/nios2-elf/4.7.3/../../../../../H-i686-mingw32/nios2-elf/lib/mno-hw-mul\libc.a(lib_a-memmove.o)
 .comment       0x00000000       0x24 f:/altera/nios2eds/bin/gnu/h-i686-mingw32/bin/../lib/gcc/nios2-elf/4.7.3/../../../../../H-i686-mingw32/nios2-elf/lib/mno-hw-mul\libc.a(lib_a-reallocr.o)
 .comment       0x00000000       0x24 f:/altera/nios2eds/bin/gnu/h-i686-mingw32/bin/../lib/gcc/nios2-elf/4.7.3/../../../../../H-i686-mingw32/nios2-elf/lib/mno-hw-mul\libc.a(lib_a-sbrkr.o)
 .comment       0x00000000       0x24 f:/altera/nios2eds/bin/gnu/h-i686-mingw32/bin/../lib/gcc/nios2-elf/4.7.3/../../../../../H-i686-mingw32/nios2-elf/lib/mno-hw-mul\libc.a(lib_a-wsetup.o)
 .comment       0x00000000       0x24 f:/altera/nios2eds/bin/gnu/h-i686-mingw32/bin/../lib/gcc/nios2-elf/4.7.3/../../../../../H-i686-mingw32/nios2-elf/lib/mno-hw-mul\libc.a(lib_a-fflush.o)
 .comment       0x00000000       0x24 f:/altera/nios2eds/bin/gnu/h-i686-mingw32/bin/../lib/gcc/nios2-elf/4.7.3/../../../../../H-i686-mingw32/nios2-elf/lib/mno-hw-mul\libc.a(lib_a-findfp.o)
 .comment       0x00000000       0x24 f:/altera/nios2eds/bin/gnu/h-i686-mingw32/bin/../lib/gcc/nios2-elf/4.7.3/../../../../../H-i686-mingw32/nios2-elf/lib/mno-hw-mul\libc.a(lib_a-freer.o)
 .comment       0x00000000       0x24 f:/altera/nios2eds/bin/gnu/h-i686-mingw32/bin/../lib/gcc/nios2-elf/4.7.3/../../../../../H-i686-mingw32/nios2-elf/lib/mno-hw-mul\libc.a(lib_a-fwalk.o)
 .comment       0x00000000       0x24 f:/altera/nios2eds/bin/gnu/h-i686-mingw32/bin/../lib/gcc/nios2-elf/4.7.3/../../../../../H-i686-mingw32/nios2-elf/lib/mno-hw-mul\libc.a(lib_a-int_errno.o)
 .comment       0x00000000       0x24 f:/altera/nios2eds/bin/gnu/h-i686-mingw32/bin/../lib/gcc/nios2-elf/4.7.3/../../../../../H-i686-mingw32/nios2-elf/lib/mno-hw-mul\libc.a(lib_a-makebuf.o)
 .comment       0x00000000       0x24 f:/altera/nios2eds/bin/gnu/h-i686-mingw32/bin/../lib/gcc/nios2-elf/4.7.3/../../../../../H-i686-mingw32/nios2-elf/lib/mno-hw-mul\libc.a(lib_a-memset.o)
 .comment       0x00000000       0x24 f:/altera/nios2eds/bin/gnu/h-i686-mingw32/bin/../lib/gcc/nios2-elf/4.7.3/../../../../../H-i686-mingw32/nios2-elf/lib/mno-hw-mul\libc.a(lib_a-stdio.o)
 .comment       0x00000000       0x24 f:/altera/nios2eds/bin/gnu/h-i686-mingw32/bin/../lib/gcc/nios2-elf/4.7.3/../../../../../H-i686-mingw32/nios2-elf/lib/mno-hw-mul\libc.a(lib_a-writer.o)
 .comment       0x00000000       0x24 f:/altera/nios2eds/bin/gnu/h-i686-mingw32/bin/../lib/gcc/nios2-elf/4.7.3/../../../../../H-i686-mingw32/nios2-elf/lib/mno-hw-mul\libc.a(lib_a-closer.o)
 .comment       0x00000000       0x24 f:/altera/nios2eds/bin/gnu/h-i686-mingw32/bin/../lib/gcc/nios2-elf/4.7.3/../../../../../H-i686-mingw32/nios2-elf/lib/mno-hw-mul\libc.a(lib_a-fclose.o)
 .comment       0x00000000       0x24 f:/altera/nios2eds/bin/gnu/h-i686-mingw32/bin/../lib/gcc/nios2-elf/4.7.3/../../../../../H-i686-mingw32/nios2-elf/lib/mno-hw-mul\libc.a(lib_a-fstatr.o)
 .comment       0x00000000       0x24 f:/altera/nios2eds/bin/gnu/h-i686-mingw32/bin/../lib/gcc/nios2-elf/4.7.3/../../../../../H-i686-mingw32/nios2-elf/lib/mno-hw-mul\libc.a(lib_a-isattyr.o)
 .comment       0x00000000       0x24 f:/altera/nios2eds/bin/gnu/h-i686-mingw32/bin/../lib/gcc/nios2-elf/4.7.3/../../../../../H-i686-mingw32/nios2-elf/lib/mno-hw-mul\libc.a(lib_a-lseekr.o)
 .comment       0x00000000       0x24 f:/altera/nios2eds/bin/gnu/h-i686-mingw32/bin/../lib/gcc/nios2-elf/4.7.3/../../../../../H-i686-mingw32/nios2-elf/lib/mno-hw-mul\libc.a(lib_a-readr.o)
 .comment       0x00000000       0x24 f:/altera/nios2eds/bin/gnu/h-i686-mingw32/bin/../lib/gcc/nios2-elf/4.7.3/mno-hw-mul\libgcc.a(lib2-mul.o)
 .comment       0x00000000       0x24 ../cpu2_bsp/\libhal_bsp.a(alt_close.o)
 .comment       0x00000000       0x24 ../cpu2_bsp/\libhal_bsp.a(alt_dev.o)
 .comment       0x00000000       0x24 ../cpu2_bsp/\libhal_bsp.a(alt_errno.o)
 .comment       0x00000000       0x24 ../cpu2_bsp/\libhal_bsp.a(alt_fstat.o)
 .comment       0x00000000       0x24 ../cpu2_bsp/\libhal_bsp.a(alt_isatty.o)
 .comment       0x00000000       0x24 ../cpu2_bsp/\libhal_bsp.a(alt_load.o)
 .comment       0x00000000       0x24 ../cpu2_bsp/\libhal_bsp.a(alt_lseek.o)
 .comment       0x00000000       0x24 ../cpu2_bsp/\libhal_bsp.a(alt_main.o)
 .comment       0x00000000       0x24 ../cpu2_bsp/\libhal_bsp.a(alt_malloc_lock.o)
 .comment       0x00000000       0x24 ../cpu2_bsp/\libhal_bsp.a(alt_read.o)
 .comment       0x00000000       0x24 ../cpu2_bsp/\libhal_bsp.a(alt_release_fd.o)
 .comment       0x00000000       0x24 ../cpu2_bsp/\libhal_bsp.a(alt_sbrk.o)
 .comment       0x00000000       0x24 ../cpu2_bsp/\libhal_bsp.a(alt_write.o)
 .comment       0x00000000       0x24 ../cpu2_bsp/\libhal_bsp.a(alt_sys_init.o)
 .comment       0x00000000       0x24 ../cpu2_bsp/\libhal_bsp.a(altera_avalon_fifo_util.o)
 .comment       0x00000000       0x24 ../cpu2_bsp/\libhal_bsp.a(altera_avalon_jtag_uart_fd.o)
 .comment       0x00000000       0x24 ../cpu2_bsp/\libhal_bsp.a(altera_avalon_jtag_uart_init.o)
 .comment       0x00000000       0x24 ../cpu2_bsp/\libhal_bsp.a(altera_avalon_jtag_uart_ioctl.o)
 .comment       0x00000000       0x24 ../cpu2_bsp/\libhal_bsp.a(altera_avalon_jtag_uart_read.o)
 .comment       0x00000000       0x24 ../cpu2_bsp/\libhal_bsp.a(altera_avalon_jtag_uart_write.o)
 .comment       0x00000000       0x24 ../cpu2_bsp/\libhal_bsp.a(altera_avalon_timer_sc.o)
 .comment       0x00000000       0x24 ../cpu2_bsp/\libhal_bsp.a(alt_alarm_start.o)
 .comment       0x00000000       0x24 ../cpu2_bsp/\libhal_bsp.a(alt_dcache_flush_all.o)
 .comment       0x00000000       0x24 ../cpu2_bsp/\libhal_bsp.a(alt_dev_llist_insert.o)
 .comment       0x00000000       0x24 ../cpu2_bsp/\libhal_bsp.a(alt_do_ctors.o)
 .comment       0x00000000       0x24 ../cpu2_bsp/\libhal_bsp.a(alt_do_dtors.o)
 .comment       0x00000000       0x24 ../cpu2_bsp/\libhal_bsp.a(alt_icache_flush_all.o)
 .comment       0x00000000       0x24 ../cpu2_bsp/\libhal_bsp.a(alt_iic.o)
 .comment       0x00000000       0x24 ../cpu2_bsp/\libhal_bsp.a(alt_iic_isr_register.o)
 .comment       0x00000000       0x24 ../cpu2_bsp/\libhal_bsp.a(alt_io_redirect.o)
 .comment       0x00000000       0x24 ../cpu2_bsp/\libhal_bsp.a(alt_irq_handler.o)
 .comment       0x00000000       0x24 ../cpu2_bsp/\libhal_bsp.a(alt_irq_vars.o)
 .comment       0x00000000       0x24 ../cpu2_bsp/\libhal_bsp.a(alt_open.o)
 .comment       0x00000000       0x24 ../cpu2_bsp/\libhal_bsp.a(alt_tick.o)
 .comment       0x00000000       0x24 ../cpu2_bsp/\libhal_bsp.a(altera_nios2_qsys_irq.o)
 .comment       0x00000000       0x24 ../cpu2_bsp/\libhal_bsp.a(alt_find_dev.o)
 .comment       0x00000000       0x24 ../cpu2_bsp/\libhal_bsp.a(alt_find_file.o)
 .comment       0x00000000       0x24 ../cpu2_bsp/\libhal_bsp.a(alt_get_fd.o)
 .comment       0x00000000       0x24 f:/altera/nios2eds/bin/gnu/h-i686-mingw32/bin/../lib/gcc/nios2-elf/4.7.3/../../../../../H-i686-mingw32/nios2-elf/lib/mno-hw-mul\libc.a(lib_a-atexit.o)
 .comment       0x00000000       0x24 f:/altera/nios2eds/bin/gnu/h-i686-mingw32/bin/../lib/gcc/nios2-elf/4.7.3/../../../../../H-i686-mingw32/nios2-elf/lib/mno-hw-mul\libc.a(lib_a-exit.o)
 .comment       0x00000000       0x24 f:/altera/nios2eds/bin/gnu/h-i686-mingw32/bin/../lib/gcc/nios2-elf/4.7.3/../../../../../H-i686-mingw32/nios2-elf/lib/mno-hw-mul\libc.a(lib_a-memcmp.o)
 .comment       0x00000000       0x24 f:/altera/nios2eds/bin/gnu/h-i686-mingw32/bin/../lib/gcc/nios2-elf/4.7.3/../../../../../H-i686-mingw32/nios2-elf/lib/mno-hw-mul\libc.a(lib_a-__atexit.o)
 .comment       0x00000000       0x24 f:/altera/nios2eds/bin/gnu/h-i686-mingw32/bin/../lib/gcc/nios2-elf/4.7.3/../../../../../H-i686-mingw32/nios2-elf/lib/mno-hw-mul\libc.a(lib_a-__call_atexit.o)
 .comment       0x00000000       0x24 ../cpu2_bsp/\libhal_bsp.a(alt_exit.o)

.debug
 *(.debug)

.line
 *(.line)

.debug_srcinfo
 *(.debug_srcinfo)

.debug_sfnames
 *(.debug_sfnames)

.debug_aranges  0x00000000      0x990
 *(.debug_aranges)
 .debug_aranges
                0x00000000       0x28 ../cpu2_bsp//obj/HAL/src/crt0.o
 .debug_aranges
                0x00000028       0x20 obj/default/FIFO.o
 .debug_aranges
                0x00000048       0x20 obj/default/main.o
 .debug_aranges
                0x00000068       0x20 f:/altera/nios2eds/bin/gnu/h-i686-mingw32/bin/../lib/gcc/nios2-elf/4.7.3/../../../../../H-i686-mingw32/nios2-elf/lib/mno-hw-mul\libc.a(lib_a-puts.o)
 .debug_aranges
                0x00000088       0x20 f:/altera/nios2eds/bin/gnu/h-i686-mingw32/bin/../lib/gcc/nios2-elf/4.7.3/../../../../../H-i686-mingw32/nios2-elf/lib/mno-hw-mul\libc.a(lib_a-strlen.o)
 .debug_aranges
                0x000000a8       0x20 f:/altera/nios2eds/bin/gnu/h-i686-mingw32/bin/../lib/gcc/nios2-elf/4.7.3/../../../../../H-i686-mingw32/nios2-elf/lib/mno-hw-mul\libc.a(lib_a-fvwrite.o)
 .debug_aranges
                0x000000c8       0x18 f:/altera/nios2eds/bin/gnu/h-i686-mingw32/bin/../lib/gcc/nios2-elf/4.7.3/../../../../../H-i686-mingw32/nios2-elf/lib/mno-hw-mul\libc.a(lib_a-impure.o)
 .debug_aranges
                0x000000e0       0x20 f:/altera/nios2eds/bin/gnu/h-i686-mingw32/bin/../lib/gcc/nios2-elf/4.7.3/../../../../../H-i686-mingw32/nios2-elf/lib/mno-hw-mul\libc.a(lib_a-mallocr.o)
 .debug_aranges
                0x00000100       0x20 f:/altera/nios2eds/bin/gnu/h-i686-mingw32/bin/../lib/gcc/nios2-elf/4.7.3/../../../../../H-i686-mingw32/nios2-elf/lib/mno-hw-mul\libc.a(lib_a-memchr.o)
 .debug_aranges
                0x00000120       0x20 f:/altera/nios2eds/bin/gnu/h-i686-mingw32/bin/../lib/gcc/nios2-elf/4.7.3/../../../../../H-i686-mingw32/nios2-elf/lib/mno-hw-mul\libc.a(lib_a-memcpy.o)
 .debug_aranges
                0x00000140       0x20 f:/altera/nios2eds/bin/gnu/h-i686-mingw32/bin/../lib/gcc/nios2-elf/4.7.3/../../../../../H-i686-mingw32/nios2-elf/lib/mno-hw-mul\libc.a(lib_a-memmove.o)
 .debug_aranges
                0x00000160       0x20 f:/altera/nios2eds/bin/gnu/h-i686-mingw32/bin/../lib/gcc/nios2-elf/4.7.3/../../../../../H-i686-mingw32/nios2-elf/lib/mno-hw-mul\libc.a(lib_a-reallocr.o)
 .debug_aranges
                0x00000180       0x20 f:/altera/nios2eds/bin/gnu/h-i686-mingw32/bin/../lib/gcc/nios2-elf/4.7.3/../../../../../H-i686-mingw32/nios2-elf/lib/mno-hw-mul\libc.a(lib_a-sbrkr.o)
 .debug_aranges
                0x000001a0       0x20 f:/altera/nios2eds/bin/gnu/h-i686-mingw32/bin/../lib/gcc/nios2-elf/4.7.3/../../../../../H-i686-mingw32/nios2-elf/lib/mno-hw-mul\libc.a(lib_a-wsetup.o)
 .debug_aranges
                0x000001c0       0x20 f:/altera/nios2eds/bin/gnu/h-i686-mingw32/bin/../lib/gcc/nios2-elf/4.7.3/../../../../../H-i686-mingw32/nios2-elf/lib/mno-hw-mul\libc.a(lib_a-fflush.o)
 .debug_aranges
                0x000001e0       0x20 f:/altera/nios2eds/bin/gnu/h-i686-mingw32/bin/../lib/gcc/nios2-elf/4.7.3/../../../../../H-i686-mingw32/nios2-elf/lib/mno-hw-mul\libc.a(lib_a-findfp.o)
 .debug_aranges
                0x00000200       0x20 f:/altera/nios2eds/bin/gnu/h-i686-mingw32/bin/../lib/gcc/nios2-elf/4.7.3/../../../../../H-i686-mingw32/nios2-elf/lib/mno-hw-mul\libc.a(lib_a-freer.o)
 .debug_aranges
                0x00000220       0x20 f:/altera/nios2eds/bin/gnu/h-i686-mingw32/bin/../lib/gcc/nios2-elf/4.7.3/../../../../../H-i686-mingw32/nios2-elf/lib/mno-hw-mul\libc.a(lib_a-fwalk.o)
 .debug_aranges
                0x00000240       0x18 f:/altera/nios2eds/bin/gnu/h-i686-mingw32/bin/../lib/gcc/nios2-elf/4.7.3/../../../../../H-i686-mingw32/nios2-elf/lib/mno-hw-mul\libc.a(lib_a-int_errno.o)
 .debug_aranges
                0x00000258       0x20 f:/altera/nios2eds/bin/gnu/h-i686-mingw32/bin/../lib/gcc/nios2-elf/4.7.3/../../../../../H-i686-mingw32/nios2-elf/lib/mno-hw-mul\libc.a(lib_a-makebuf.o)
 .debug_aranges
                0x00000278       0x20 f:/altera/nios2eds/bin/gnu/h-i686-mingw32/bin/../lib/gcc/nios2-elf/4.7.3/../../../../../H-i686-mingw32/nios2-elf/lib/mno-hw-mul\libc.a(lib_a-memset.o)
 .debug_aranges
                0x00000298       0x20 f:/altera/nios2eds/bin/gnu/h-i686-mingw32/bin/../lib/gcc/nios2-elf/4.7.3/../../../../../H-i686-mingw32/nios2-elf/lib/mno-hw-mul\libc.a(lib_a-stdio.o)
 .debug_aranges
                0x000002b8       0x20 f:/altera/nios2eds/bin/gnu/h-i686-mingw32/bin/../lib/gcc/nios2-elf/4.7.3/../../../../../H-i686-mingw32/nios2-elf/lib/mno-hw-mul\libc.a(lib_a-writer.o)
 .debug_aranges
                0x000002d8       0x20 f:/altera/nios2eds/bin/gnu/h-i686-mingw32/bin/../lib/gcc/nios2-elf/4.7.3/../../../../../H-i686-mingw32/nios2-elf/lib/mno-hw-mul\libc.a(lib_a-closer.o)
 .debug_aranges
                0x000002f8       0x20 f:/altera/nios2eds/bin/gnu/h-i686-mingw32/bin/../lib/gcc/nios2-elf/4.7.3/../../../../../H-i686-mingw32/nios2-elf/lib/mno-hw-mul\libc.a(lib_a-fclose.o)
 .debug_aranges
                0x00000318       0x20 f:/altera/nios2eds/bin/gnu/h-i686-mingw32/bin/../lib/gcc/nios2-elf/4.7.3/../../../../../H-i686-mingw32/nios2-elf/lib/mno-hw-mul\libc.a(lib_a-fstatr.o)
 .debug_aranges
                0x00000338       0x20 f:/altera/nios2eds/bin/gnu/h-i686-mingw32/bin/../lib/gcc/nios2-elf/4.7.3/../../../../../H-i686-mingw32/nios2-elf/lib/mno-hw-mul\libc.a(lib_a-isattyr.o)
 .debug_aranges
                0x00000358       0x20 f:/altera/nios2eds/bin/gnu/h-i686-mingw32/bin/../lib/gcc/nios2-elf/4.7.3/../../../../../H-i686-mingw32/nios2-elf/lib/mno-hw-mul\libc.a(lib_a-lseekr.o)
 .debug_aranges
                0x00000378       0x20 f:/altera/nios2eds/bin/gnu/h-i686-mingw32/bin/../lib/gcc/nios2-elf/4.7.3/../../../../../H-i686-mingw32/nios2-elf/lib/mno-hw-mul\libc.a(lib_a-readr.o)
 .debug_aranges
                0x00000398       0x20 f:/altera/nios2eds/bin/gnu/h-i686-mingw32/bin/../lib/gcc/nios2-elf/4.7.3/mno-hw-mul\libgcc.a(lib2-mul.o)
 .debug_aranges
                0x000003b8       0x20 ../cpu2_bsp/\libhal_bsp.a(alt_close.o)
 .debug_aranges
                0x000003d8       0x20 ../cpu2_bsp/\libhal_bsp.a(alt_dev.o)
 .debug_aranges
                0x000003f8       0x18 ../cpu2_bsp/\libhal_bsp.a(alt_errno.o)
 .debug_aranges
                0x00000410       0x20 ../cpu2_bsp/\libhal_bsp.a(alt_fstat.o)
 .debug_aranges
                0x00000430       0x20 ../cpu2_bsp/\libhal_bsp.a(alt_isatty.o)
 .debug_aranges
                0x00000450       0x20 ../cpu2_bsp/\libhal_bsp.a(alt_load.o)
 .debug_aranges
                0x00000470       0x20 ../cpu2_bsp/\libhal_bsp.a(alt_lseek.o)
 .debug_aranges
                0x00000490       0x20 ../cpu2_bsp/\libhal_bsp.a(alt_main.o)
 .debug_aranges
                0x000004b0       0x20 ../cpu2_bsp/\libhal_bsp.a(alt_malloc_lock.o)
 .debug_aranges
                0x000004d0       0x20 ../cpu2_bsp/\libhal_bsp.a(alt_read.o)
 .debug_aranges
                0x000004f0       0x20 ../cpu2_bsp/\libhal_bsp.a(alt_release_fd.o)
 .debug_aranges
                0x00000510       0x20 ../cpu2_bsp/\libhal_bsp.a(alt_sbrk.o)
 .debug_aranges
                0x00000530       0x20 ../cpu2_bsp/\libhal_bsp.a(alt_write.o)
 .debug_aranges
                0x00000550       0x20 ../cpu2_bsp/\libhal_bsp.a(alt_sys_init.o)
 .debug_aranges
                0x00000570       0x20 ../cpu2_bsp/\libhal_bsp.a(altera_avalon_fifo_util.o)
 .debug_aranges
                0x00000590       0x20 ../cpu2_bsp/\libhal_bsp.a(altera_avalon_jtag_uart_fd.o)
 .debug_aranges
                0x000005b0       0x20 ../cpu2_bsp/\libhal_bsp.a(altera_avalon_jtag_uart_init.o)
 .debug_aranges
                0x000005d0       0x20 ../cpu2_bsp/\libhal_bsp.a(altera_avalon_jtag_uart_ioctl.o)
 .debug_aranges
                0x000005f0       0x20 ../cpu2_bsp/\libhal_bsp.a(altera_avalon_jtag_uart_read.o)
 .debug_aranges
                0x00000610       0x20 ../cpu2_bsp/\libhal_bsp.a(altera_avalon_jtag_uart_write.o)
 .debug_aranges
                0x00000630       0x20 ../cpu2_bsp/\libhal_bsp.a(altera_avalon_timer_sc.o)
 .debug_aranges
                0x00000650       0x20 ../cpu2_bsp/\libhal_bsp.a(alt_alarm_start.o)
 .debug_aranges
                0x00000670       0x20 ../cpu2_bsp/\libhal_bsp.a(alt_dcache_flush_all.o)
 .debug_aranges
                0x00000690       0x20 ../cpu2_bsp/\libhal_bsp.a(alt_dev_llist_insert.o)
 .debug_aranges
                0x000006b0       0x20 ../cpu2_bsp/\libhal_bsp.a(alt_do_ctors.o)
 .debug_aranges
                0x000006d0       0x20 ../cpu2_bsp/\libhal_bsp.a(alt_do_dtors.o)
 .debug_aranges
                0x000006f0       0x20 ../cpu2_bsp/\libhal_bsp.a(alt_icache_flush_all.o)
 .debug_aranges
                0x00000710       0x20 ../cpu2_bsp/\libhal_bsp.a(alt_iic.o)
 .debug_aranges
                0x00000730       0x20 ../cpu2_bsp/\libhal_bsp.a(alt_iic_isr_register.o)
 .debug_aranges
                0x00000750       0x20 ../cpu2_bsp/\libhal_bsp.a(alt_io_redirect.o)
 .debug_aranges
                0x00000770       0x30 ../cpu2_bsp/\libhal_bsp.a(alt_irq_entry.o)
 .debug_aranges
                0x000007a0       0x20 ../cpu2_bsp/\libhal_bsp.a(alt_irq_handler.o)
 .debug_aranges
                0x000007c0       0x18 ../cpu2_bsp/\libhal_bsp.a(alt_irq_vars.o)
 .debug_aranges
                0x000007d8       0x20 ../cpu2_bsp/\libhal_bsp.a(alt_open.o)
 .debug_aranges
                0x000007f8       0x20 ../cpu2_bsp/\libhal_bsp.a(alt_tick.o)
 .debug_aranges
                0x00000818       0x20 ../cpu2_bsp/\libhal_bsp.a(altera_nios2_qsys_irq.o)
 .debug_aranges
                0x00000838       0x38 ../cpu2_bsp/\libhal_bsp.a(alt_exception_entry.o)
 .debug_aranges
                0x00000870       0x20 ../cpu2_bsp/\libhal_bsp.a(alt_find_dev.o)
 .debug_aranges
                0x00000890       0x20 ../cpu2_bsp/\libhal_bsp.a(alt_find_file.o)
 .debug_aranges
                0x000008b0       0x20 ../cpu2_bsp/\libhal_bsp.a(alt_get_fd.o)
 .debug_aranges
                0x000008d0       0x20 f:/altera/nios2eds/bin/gnu/h-i686-mingw32/bin/../lib/gcc/nios2-elf/4.7.3/../../../../../H-i686-mingw32/nios2-elf/lib/mno-hw-mul\libc.a(lib_a-atexit.o)
 .debug_aranges
                0x000008f0       0x20 f:/altera/nios2eds/bin/gnu/h-i686-mingw32/bin/../lib/gcc/nios2-elf/4.7.3/../../../../../H-i686-mingw32/nios2-elf/lib/mno-hw-mul\libc.a(lib_a-exit.o)
 .debug_aranges
                0x00000910       0x20 f:/altera/nios2eds/bin/gnu/h-i686-mingw32/bin/../lib/gcc/nios2-elf/4.7.3/../../../../../H-i686-mingw32/nios2-elf/lib/mno-hw-mul\libc.a(lib_a-memcmp.o)
 .debug_aranges
                0x00000930       0x20 f:/altera/nios2eds/bin/gnu/h-i686-mingw32/bin/../lib/gcc/nios2-elf/4.7.3/../../../../../H-i686-mingw32/nios2-elf/lib/mno-hw-mul\libc.a(lib_a-__atexit.o)
 .debug_aranges
                0x00000950       0x20 f:/altera/nios2eds/bin/gnu/h-i686-mingw32/bin/../lib/gcc/nios2-elf/4.7.3/../../../../../H-i686-mingw32/nios2-elf/lib/mno-hw-mul\libc.a(lib_a-__call_atexit.o)
 .debug_aranges
                0x00000970       0x20 ../cpu2_bsp/\libhal_bsp.a(alt_exit.o)

.debug_pubnames
 *(.debug_pubnames)

.debug_info     0x00000000    0x17ecb
 *(.debug_info .gnu.linkonce.wi.*)
 .debug_info    0x00000000       0x99 ../cpu2_bsp//obj/HAL/src/crt0.o
 .debug_info    0x00000099      0x12f obj/default/FIFO.o
 .debug_info    0x000001c8      0x17f obj/default/main.o
 .debug_info    0x00000347      0xab7 f:/altera/nios2eds/bin/gnu/h-i686-mingw32/bin/../lib/gcc/nios2-elf/4.7.3/../../../../../H-i686-mingw32/nios2-elf/lib/mno-hw-mul\libc.a(lib_a-puts.o)
 .debug_info    0x00000dfe       0xdf f:/altera/nios2eds/bin/gnu/h-i686-mingw32/bin/../lib/gcc/nios2-elf/4.7.3/../../../../../H-i686-mingw32/nios2-elf/lib/mno-hw-mul\libc.a(lib_a-strlen.o)
 .debug_info    0x00000edd      0xd05 f:/altera/nios2eds/bin/gnu/h-i686-mingw32/bin/../lib/gcc/nios2-elf/4.7.3/../../../../../H-i686-mingw32/nios2-elf/lib/mno-hw-mul\libc.a(lib_a-fvwrite.o)
 .debug_info    0x00001be2      0x938 f:/altera/nios2eds/bin/gnu/h-i686-mingw32/bin/../lib/gcc/nios2-elf/4.7.3/../../../../../H-i686-mingw32/nios2-elf/lib/mno-hw-mul\libc.a(lib_a-impure.o)
 .debug_info    0x0000251a      0xe44 f:/altera/nios2eds/bin/gnu/h-i686-mingw32/bin/../lib/gcc/nios2-elf/4.7.3/../../../../../H-i686-mingw32/nios2-elf/lib/mno-hw-mul\libc.a(lib_a-mallocr.o)
 .debug_info    0x0000335e      0x13e f:/altera/nios2eds/bin/gnu/h-i686-mingw32/bin/../lib/gcc/nios2-elf/4.7.3/../../../../../H-i686-mingw32/nios2-elf/lib/mno-hw-mul\libc.a(lib_a-memchr.o)
 .debug_info    0x0000349c      0x10f f:/altera/nios2eds/bin/gnu/h-i686-mingw32/bin/../lib/gcc/nios2-elf/4.7.3/../../../../../H-i686-mingw32/nios2-elf/lib/mno-hw-mul\libc.a(lib_a-memcpy.o)
 .debug_info    0x000035ab      0x147 f:/altera/nios2eds/bin/gnu/h-i686-mingw32/bin/../lib/gcc/nios2-elf/4.7.3/../../../../../H-i686-mingw32/nios2-elf/lib/mno-hw-mul\libc.a(lib_a-memmove.o)
 .debug_info    0x000036f2      0xd8e f:/altera/nios2eds/bin/gnu/h-i686-mingw32/bin/../lib/gcc/nios2-elf/4.7.3/../../../../../H-i686-mingw32/nios2-elf/lib/mno-hw-mul\libc.a(lib_a-reallocr.o)
 .debug_info    0x00004480      0x9a3 f:/altera/nios2eds/bin/gnu/h-i686-mingw32/bin/../lib/gcc/nios2-elf/4.7.3/../../../../../H-i686-mingw32/nios2-elf/lib/mno-hw-mul\libc.a(lib_a-sbrkr.o)
 .debug_info    0x00004e23      0x9d4 f:/altera/nios2eds/bin/gnu/h-i686-mingw32/bin/../lib/gcc/nios2-elf/4.7.3/../../../../../H-i686-mingw32/nios2-elf/lib/mno-hw-mul\libc.a(lib_a-wsetup.o)
 .debug_info    0x000057f7      0xad0 f:/altera/nios2eds/bin/gnu/h-i686-mingw32/bin/../lib/gcc/nios2-elf/4.7.3/../../../../../H-i686-mingw32/nios2-elf/lib/mno-hw-mul\libc.a(lib_a-fflush.o)
 .debug_info    0x000062c7      0xd6e f:/altera/nios2eds/bin/gnu/h-i686-mingw32/bin/../lib/gcc/nios2-elf/4.7.3/../../../../../H-i686-mingw32/nios2-elf/lib/mno-hw-mul\libc.a(lib_a-findfp.o)
 .debug_info    0x00007035      0xcf9 f:/altera/nios2eds/bin/gnu/h-i686-mingw32/bin/../lib/gcc/nios2-elf/4.7.3/../../../../../H-i686-mingw32/nios2-elf/lib/mno-hw-mul\libc.a(lib_a-freer.o)
 .debug_info    0x00007d2e      0xb72 f:/altera/nios2eds/bin/gnu/h-i686-mingw32/bin/../lib/gcc/nios2-elf/4.7.3/../../../../../H-i686-mingw32/nios2-elf/lib/mno-hw-mul\libc.a(lib_a-fwalk.o)
 .debug_info    0x000088a0       0x84 f:/altera/nios2eds/bin/gnu/h-i686-mingw32/bin/../lib/gcc/nios2-elf/4.7.3/../../../../../H-i686-mingw32/nios2-elf/lib/mno-hw-mul\libc.a(lib_a-int_errno.o)
 .debug_info    0x00008924      0xbc2 f:/altera/nios2eds/bin/gnu/h-i686-mingw32/bin/../lib/gcc/nios2-elf/4.7.3/../../../../../H-i686-mingw32/nios2-elf/lib/mno-hw-mul\libc.a(lib_a-makebuf.o)
 .debug_info    0x000094e6      0x117 f:/altera/nios2eds/bin/gnu/h-i686-mingw32/bin/../lib/gcc/nios2-elf/4.7.3/../../../../../H-i686-mingw32/nios2-elf/lib/mno-hw-mul\libc.a(lib_a-memset.o)
 .debug_info    0x000095fd      0xbfd f:/altera/nios2eds/bin/gnu/h-i686-mingw32/bin/../lib/gcc/nios2-elf/4.7.3/../../../../../H-i686-mingw32/nios2-elf/lib/mno-hw-mul\libc.a(lib_a-stdio.o)
 .debug_info    0x0000a1fa      0x9d2 f:/altera/nios2eds/bin/gnu/h-i686-mingw32/bin/../lib/gcc/nios2-elf/4.7.3/../../../../../H-i686-mingw32/nios2-elf/lib/mno-hw-mul\libc.a(lib_a-writer.o)
 .debug_info    0x0000abcc      0x97f f:/altera/nios2eds/bin/gnu/h-i686-mingw32/bin/../lib/gcc/nios2-elf/4.7.3/../../../../../H-i686-mingw32/nios2-elf/lib/mno-hw-mul\libc.a(lib_a-closer.o)
 .debug_info    0x0000b54b      0xa97 f:/altera/nios2eds/bin/gnu/h-i686-mingw32/bin/../lib/gcc/nios2-elf/4.7.3/../../../../../H-i686-mingw32/nios2-elf/lib/mno-hw-mul\libc.a(lib_a-fclose.o)
 .debug_info    0x0000bfe2      0xb2f f:/altera/nios2eds/bin/gnu/h-i686-mingw32/bin/../lib/gcc/nios2-elf/4.7.3/../../../../../H-i686-mingw32/nios2-elf/lib/mno-hw-mul\libc.a(lib_a-fstatr.o)
 .debug_info    0x0000cb11      0x97f f:/altera/nios2eds/bin/gnu/h-i686-mingw32/bin/../lib/gcc/nios2-elf/4.7.3/../../../../../H-i686-mingw32/nios2-elf/lib/mno-hw-mul\libc.a(lib_a-isattyr.o)
 .debug_info    0x0000d490      0x9cb f:/altera/nios2eds/bin/gnu/h-i686-mingw32/bin/../lib/gcc/nios2-elf/4.7.3/../../../../../H-i686-mingw32/nios2-elf/lib/mno-hw-mul\libc.a(lib_a-lseekr.o)
 .debug_info    0x0000de5b      0x9cb f:/altera/nios2eds/bin/gnu/h-i686-mingw32/bin/../lib/gcc/nios2-elf/4.7.3/../../../../../H-i686-mingw32/nios2-elf/lib/mno-hw-mul\libc.a(lib_a-readr.o)
 .debug_info    0x0000e826       0xb8 f:/altera/nios2eds/bin/gnu/h-i686-mingw32/bin/../lib/gcc/nios2-elf/4.7.3/mno-hw-mul\libgcc.a(lib2-mul.o)
 .debug_info    0x0000e8de      0x350 ../cpu2_bsp/\libhal_bsp.a(alt_close.o)
 .debug_info    0x0000ec2e      0x4e3 ../cpu2_bsp/\libhal_bsp.a(alt_dev.o)
 .debug_info    0x0000f111       0xa3 ../cpu2_bsp/\libhal_bsp.a(alt_errno.o)
 .debug_info    0x0000f1b4      0x4d8 ../cpu2_bsp/\libhal_bsp.a(alt_fstat.o)
 .debug_info    0x0000f68c      0x4db ../cpu2_bsp/\libhal_bsp.a(alt_isatty.o)
 .debug_info    0x0000fb67      0x135 ../cpu2_bsp/\libhal_bsp.a(alt_load.o)
 .debug_info    0x0000fc9c      0x381 ../cpu2_bsp/\libhal_bsp.a(alt_lseek.o)
 .debug_info    0x0001001d      0x139 ../cpu2_bsp/\libhal_bsp.a(alt_main.o)
 .debug_info    0x00010156      0x950 ../cpu2_bsp/\libhal_bsp.a(alt_malloc_lock.o)
 .debug_info    0x00010aa6      0x500 ../cpu2_bsp/\libhal_bsp.a(alt_read.o)
 .debug_info    0x00010fa6      0x2dd ../cpu2_bsp/\libhal_bsp.a(alt_release_fd.o)
 .debug_info    0x00011283      0x1b2 ../cpu2_bsp/\libhal_bsp.a(alt_sbrk.o)
 .debug_info    0x00011435      0x507 ../cpu2_bsp/\libhal_bsp.a(alt_write.o)
 .debug_info    0x0001193c      0x539 ../cpu2_bsp/\libhal_bsp.a(alt_sys_init.o)
 .debug_info    0x00011e75      0x4b5 ../cpu2_bsp/\libhal_bsp.a(altera_avalon_fifo_util.o)
 .debug_info    0x0001232a      0x58a ../cpu2_bsp/\libhal_bsp.a(altera_avalon_jtag_uart_fd.o)
 .debug_info    0x000128b4      0x3d8 ../cpu2_bsp/\libhal_bsp.a(altera_avalon_jtag_uart_init.o)
 .debug_info    0x00012c8c      0x2a9 ../cpu2_bsp/\libhal_bsp.a(altera_avalon_jtag_uart_ioctl.o)
 .debug_info    0x00012f35      0x371 ../cpu2_bsp/\libhal_bsp.a(altera_avalon_jtag_uart_read.o)
 .debug_info    0x000132a6      0x36c ../cpu2_bsp/\libhal_bsp.a(altera_avalon_jtag_uart_write.o)
 .debug_info    0x00013612      0x235 ../cpu2_bsp/\libhal_bsp.a(altera_avalon_timer_sc.o)
 .debug_info    0x00013847      0x2e4 ../cpu2_bsp/\libhal_bsp.a(alt_alarm_start.o)
 .debug_info    0x00013b2b       0x90 ../cpu2_bsp/\libhal_bsp.a(alt_dcache_flush_all.o)
 .debug_info    0x00013bbb      0x1b9 ../cpu2_bsp/\libhal_bsp.a(alt_dev_llist_insert.o)
 .debug_info    0x00013d74       0x8d ../cpu2_bsp/\libhal_bsp.a(alt_do_ctors.o)
 .debug_info    0x00013e01       0x8d ../cpu2_bsp/\libhal_bsp.a(alt_do_dtors.o)
 .debug_info    0x00013e8e       0x90 ../cpu2_bsp/\libhal_bsp.a(alt_icache_flush_all.o)
 .debug_info    0x00013f1e      0x364 ../cpu2_bsp/\libhal_bsp.a(alt_iic.o)
 .debug_info    0x00014282      0x1f6 ../cpu2_bsp/\libhal_bsp.a(alt_iic_isr_register.o)
 .debug_info    0x00014478      0x4f0 ../cpu2_bsp/\libhal_bsp.a(alt_io_redirect.o)
 .debug_info    0x00014968       0xa2 ../cpu2_bsp/\libhal_bsp.a(alt_irq_entry.o)
 .debug_info    0x00014a0a      0x190 ../cpu2_bsp/\libhal_bsp.a(alt_irq_handler.o)
 .debug_info    0x00014b9a       0x8a ../cpu2_bsp/\libhal_bsp.a(alt_irq_vars.o)
 .debug_info    0x00014c24      0x3f0 ../cpu2_bsp/\libhal_bsp.a(alt_open.o)
 .debug_info    0x00015014      0x2b1 ../cpu2_bsp/\libhal_bsp.a(alt_tick.o)
 .debug_info    0x000152c5       0x90 ../cpu2_bsp/\libhal_bsp.a(altera_nios2_qsys_irq.o)
 .debug_info    0x00015355       0xa8 ../cpu2_bsp/\libhal_bsp.a(alt_exception_entry.o)
 .debug_info    0x000153fd      0x30d ../cpu2_bsp/\libhal_bsp.a(alt_find_dev.o)
 .debug_info    0x0001570a      0x30c ../cpu2_bsp/\libhal_bsp.a(alt_find_file.o)
 .debug_info    0x00015a16      0x339 ../cpu2_bsp/\libhal_bsp.a(alt_get_fd.o)
 .debug_info    0x00015d4f      0x1e6 f:/altera/nios2eds/bin/gnu/h-i686-mingw32/bin/../lib/gcc/nios2-elf/4.7.3/../../../../../H-i686-mingw32/nios2-elf/lib/mno-hw-mul\libc.a(lib_a-atexit.o)
 .debug_info    0x00015f35      0x993 f:/altera/nios2eds/bin/gnu/h-i686-mingw32/bin/../lib/gcc/nios2-elf/4.7.3/../../../../../H-i686-mingw32/nios2-elf/lib/mno-hw-mul\libc.a(lib_a-exit.o)
 .debug_info    0x000168c8      0x117 f:/altera/nios2eds/bin/gnu/h-i686-mingw32/bin/../lib/gcc/nios2-elf/4.7.3/../../../../../H-i686-mingw32/nios2-elf/lib/mno-hw-mul\libc.a(lib_a-memcmp.o)
 .debug_info    0x000169df      0x9f9 f:/altera/nios2eds/bin/gnu/h-i686-mingw32/bin/../lib/gcc/nios2-elf/4.7.3/../../../../../H-i686-mingw32/nios2-elf/lib/mno-hw-mul\libc.a(lib_a-__atexit.o)
 .debug_info    0x000173d8      0xa07 f:/altera/nios2eds/bin/gnu/h-i686-mingw32/bin/../lib/gcc/nios2-elf/4.7.3/../../../../../H-i686-mingw32/nios2-elf/lib/mno-hw-mul\libc.a(lib_a-__call_atexit.o)
 .debug_info    0x00017ddf       0xec ../cpu2_bsp/\libhal_bsp.a(alt_exit.o)

.debug_abbrev   0x00000000     0x5c87
 *(.debug_abbrev)
 .debug_abbrev  0x00000000       0x12 ../cpu2_bsp//obj/HAL/src/crt0.o
 .debug_abbrev  0x00000012       0x74 obj/default/FIFO.o
 .debug_abbrev  0x00000086       0xcd obj/default/main.o
 .debug_abbrev  0x00000153      0x208 f:/altera/nios2eds/bin/gnu/h-i686-mingw32/bin/../lib/gcc/nios2-elf/4.7.3/../../../../../H-i686-mingw32/nios2-elf/lib/mno-hw-mul\libc.a(lib_a-puts.o)
 .debug_abbrev  0x0000035b       0x90 f:/altera/nios2eds/bin/gnu/h-i686-mingw32/bin/../lib/gcc/nios2-elf/4.7.3/../../../../../H-i686-mingw32/nios2-elf/lib/mno-hw-mul\libc.a(lib_a-strlen.o)
 .debug_abbrev  0x000003eb      0x234 f:/altera/nios2eds/bin/gnu/h-i686-mingw32/bin/../lib/gcc/nios2-elf/4.7.3/../../../../../H-i686-mingw32/nios2-elf/lib/mno-hw-mul\libc.a(lib_a-fvwrite.o)
 .debug_abbrev  0x0000061f      0x162 f:/altera/nios2eds/bin/gnu/h-i686-mingw32/bin/../lib/gcc/nios2-elf/4.7.3/../../../../../H-i686-mingw32/nios2-elf/lib/mno-hw-mul\libc.a(lib_a-impure.o)
 .debug_abbrev  0x00000781      0x284 f:/altera/nios2eds/bin/gnu/h-i686-mingw32/bin/../lib/gcc/nios2-elf/4.7.3/../../../../../H-i686-mingw32/nios2-elf/lib/mno-hw-mul\libc.a(lib_a-mallocr.o)
 .debug_abbrev  0x00000a05       0xab f:/altera/nios2eds/bin/gnu/h-i686-mingw32/bin/../lib/gcc/nios2-elf/4.7.3/../../../../../H-i686-mingw32/nios2-elf/lib/mno-hw-mul\libc.a(lib_a-memchr.o)
 .debug_abbrev  0x00000ab0       0x9c f:/altera/nios2eds/bin/gnu/h-i686-mingw32/bin/../lib/gcc/nios2-elf/4.7.3/../../../../../H-i686-mingw32/nios2-elf/lib/mno-hw-mul\libc.a(lib_a-memcpy.o)
 .debug_abbrev  0x00000b4c       0x9c f:/altera/nios2eds/bin/gnu/h-i686-mingw32/bin/../lib/gcc/nios2-elf/4.7.3/../../../../../H-i686-mingw32/nios2-elf/lib/mno-hw-mul\libc.a(lib_a-memmove.o)
 .debug_abbrev  0x00000be8      0x242 f:/altera/nios2eds/bin/gnu/h-i686-mingw32/bin/../lib/gcc/nios2-elf/4.7.3/../../../../../H-i686-mingw32/nios2-elf/lib/mno-hw-mul\libc.a(lib_a-reallocr.o)
 .debug_abbrev  0x00000e2a      0x1df f:/altera/nios2eds/bin/gnu/h-i686-mingw32/bin/../lib/gcc/nios2-elf/4.7.3/../../../../../H-i686-mingw32/nios2-elf/lib/mno-hw-mul\libc.a(lib_a-sbrkr.o)
 .debug_abbrev  0x00001009      0x1d5 f:/altera/nios2eds/bin/gnu/h-i686-mingw32/bin/../lib/gcc/nios2-elf/4.7.3/../../../../../H-i686-mingw32/nios2-elf/lib/mno-hw-mul\libc.a(lib_a-wsetup.o)
 .debug_abbrev  0x000011de      0x259 f:/altera/nios2eds/bin/gnu/h-i686-mingw32/bin/../lib/gcc/nios2-elf/4.7.3/../../../../../H-i686-mingw32/nios2-elf/lib/mno-hw-mul\libc.a(lib_a-fflush.o)
 .debug_abbrev  0x00001437      0x333 f:/altera/nios2eds/bin/gnu/h-i686-mingw32/bin/../lib/gcc/nios2-elf/4.7.3/../../../../../H-i686-mingw32/nios2-elf/lib/mno-hw-mul\libc.a(lib_a-findfp.o)
 .debug_abbrev  0x0000176a      0x25d f:/altera/nios2eds/bin/gnu/h-i686-mingw32/bin/../lib/gcc/nios2-elf/4.7.3/../../../../../H-i686-mingw32/nios2-elf/lib/mno-hw-mul\libc.a(lib_a-freer.o)
 .debug_abbrev  0x000019c7      0x224 f:/altera/nios2eds/bin/gnu/h-i686-mingw32/bin/../lib/gcc/nios2-elf/4.7.3/../../../../../H-i686-mingw32/nios2-elf/lib/mno-hw-mul\libc.a(lib_a-fwalk.o)
 .debug_abbrev  0x00001beb       0x37 f:/altera/nios2eds/bin/gnu/h-i686-mingw32/bin/../lib/gcc/nios2-elf/4.7.3/../../../../../H-i686-mingw32/nios2-elf/lib/mno-hw-mul\libc.a(lib_a-int_errno.o)
 .debug_abbrev  0x00001c22      0x1e8 f:/altera/nios2eds/bin/gnu/h-i686-mingw32/bin/../lib/gcc/nios2-elf/4.7.3/../../../../../H-i686-mingw32/nios2-elf/lib/mno-hw-mul\libc.a(lib_a-makebuf.o)
 .debug_abbrev  0x00001e0a       0xac f:/altera/nios2eds/bin/gnu/h-i686-mingw32/bin/../lib/gcc/nios2-elf/4.7.3/../../../../../H-i686-mingw32/nios2-elf/lib/mno-hw-mul\libc.a(lib_a-memset.o)
 .debug_abbrev  0x00001eb6      0x226 f:/altera/nios2eds/bin/gnu/h-i686-mingw32/bin/../lib/gcc/nios2-elf/4.7.3/../../../../../H-i686-mingw32/nios2-elf/lib/mno-hw-mul\libc.a(lib_a-stdio.o)
 .debug_abbrev  0x000020dc      0x1c0 f:/altera/nios2eds/bin/gnu/h-i686-mingw32/bin/../lib/gcc/nios2-elf/4.7.3/../../../../../H-i686-mingw32/nios2-elf/lib/mno-hw-mul\libc.a(lib_a-writer.o)
 .debug_abbrev  0x0000229c      0x1bb f:/altera/nios2eds/bin/gnu/h-i686-mingw32/bin/../lib/gcc/nios2-elf/4.7.3/../../../../../H-i686-mingw32/nios2-elf/lib/mno-hw-mul\libc.a(lib_a-closer.o)
 .debug_abbrev  0x00002457      0x24e f:/altera/nios2eds/bin/gnu/h-i686-mingw32/bin/../lib/gcc/nios2-elf/4.7.3/../../../../../H-i686-mingw32/nios2-elf/lib/mno-hw-mul\libc.a(lib_a-fclose.o)
 .debug_abbrev  0x000026a5      0x1ca f:/altera/nios2eds/bin/gnu/h-i686-mingw32/bin/../lib/gcc/nios2-elf/4.7.3/../../../../../H-i686-mingw32/nios2-elf/lib/mno-hw-mul\libc.a(lib_a-fstatr.o)
 .debug_abbrev  0x0000286f      0x1bb f:/altera/nios2eds/bin/gnu/h-i686-mingw32/bin/../lib/gcc/nios2-elf/4.7.3/../../../../../H-i686-mingw32/nios2-elf/lib/mno-hw-mul\libc.a(lib_a-isattyr.o)
 .debug_abbrev  0x00002a2a      0x1ca f:/altera/nios2eds/bin/gnu/h-i686-mingw32/bin/../lib/gcc/nios2-elf/4.7.3/../../../../../H-i686-mingw32/nios2-elf/lib/mno-hw-mul\libc.a(lib_a-lseekr.o)
 .debug_abbrev  0x00002bf4      0x1bb f:/altera/nios2eds/bin/gnu/h-i686-mingw32/bin/../lib/gcc/nios2-elf/4.7.3/../../../../../H-i686-mingw32/nios2-elf/lib/mno-hw-mul\libc.a(lib_a-readr.o)
 .debug_abbrev  0x00002daf       0x6f f:/altera/nios2eds/bin/gnu/h-i686-mingw32/bin/../lib/gcc/nios2-elf/4.7.3/mno-hw-mul\libgcc.a(lib2-mul.o)
 .debug_abbrev  0x00002e1e      0x11f ../cpu2_bsp/\libhal_bsp.a(alt_close.o)
 .debug_abbrev  0x00002f3d       0xd9 ../cpu2_bsp/\libhal_bsp.a(alt_dev.o)
 .debug_abbrev  0x00003016       0x5a ../cpu2_bsp/\libhal_bsp.a(alt_errno.o)
 .debug_abbrev  0x00003070      0x11f ../cpu2_bsp/\libhal_bsp.a(alt_fstat.o)
 .debug_abbrev  0x0000318f      0x11f ../cpu2_bsp/\libhal_bsp.a(alt_isatty.o)
 .debug_abbrev  0x000032ae       0x9d ../cpu2_bsp/\libhal_bsp.a(alt_load.o)
 .debug_abbrev  0x0000334b      0x11f ../cpu2_bsp/\libhal_bsp.a(alt_lseek.o)
 .debug_abbrev  0x0000346a       0xba ../cpu2_bsp/\libhal_bsp.a(alt_main.o)
 .debug_abbrev  0x00003524      0x187 ../cpu2_bsp/\libhal_bsp.a(alt_malloc_lock.o)
 .debug_abbrev  0x000036ab      0x12e ../cpu2_bsp/\libhal_bsp.a(alt_read.o)
 .debug_abbrev  0x000037d9       0xde ../cpu2_bsp/\libhal_bsp.a(alt_release_fd.o)
 .debug_abbrev  0x000038b7      0x112 ../cpu2_bsp/\libhal_bsp.a(alt_sbrk.o)
 .debug_abbrev  0x000039c9      0x133 ../cpu2_bsp/\libhal_bsp.a(alt_write.o)
 .debug_abbrev  0x00003afc      0x176 ../cpu2_bsp/\libhal_bsp.a(alt_sys_init.o)
 .debug_abbrev  0x00003c72       0xb0 ../cpu2_bsp/\libhal_bsp.a(altera_avalon_fifo_util.o)
 .debug_abbrev  0x00003d22      0x118 ../cpu2_bsp/\libhal_bsp.a(altera_avalon_jtag_uart_fd.o)
 .debug_abbrev  0x00003e3a      0x18f ../cpu2_bsp/\libhal_bsp.a(altera_avalon_jtag_uart_init.o)
 .debug_abbrev  0x00003fc9      0x102 ../cpu2_bsp/\libhal_bsp.a(altera_avalon_jtag_uart_ioctl.o)
 .debug_abbrev  0x000040cb      0x19b ../cpu2_bsp/\libhal_bsp.a(altera_avalon_jtag_uart_read.o)
 .debug_abbrev  0x00004266      0x199 ../cpu2_bsp/\libhal_bsp.a(altera_avalon_jtag_uart_write.o)
 .debug_abbrev  0x000043ff      0x155 ../cpu2_bsp/\libhal_bsp.a(altera_avalon_timer_sc.o)
 .debug_abbrev  0x00004554      0x162 ../cpu2_bsp/\libhal_bsp.a(alt_alarm_start.o)
 .debug_abbrev  0x000046b6       0x42 ../cpu2_bsp/\libhal_bsp.a(alt_dcache_flush_all.o)
 .debug_abbrev  0x000046f8      0x114 ../cpu2_bsp/\libhal_bsp.a(alt_dev_llist_insert.o)
 .debug_abbrev  0x0000480c       0x79 ../cpu2_bsp/\libhal_bsp.a(alt_do_ctors.o)
 .debug_abbrev  0x00004885       0x79 ../cpu2_bsp/\libhal_bsp.a(alt_do_dtors.o)
 .debug_abbrev  0x000048fe       0x42 ../cpu2_bsp/\libhal_bsp.a(alt_icache_flush_all.o)
 .debug_abbrev  0x00004940      0x16a ../cpu2_bsp/\libhal_bsp.a(alt_iic.o)
 .debug_abbrev  0x00004aaa      0x169 ../cpu2_bsp/\libhal_bsp.a(alt_iic_isr_register.o)
 .debug_abbrev  0x00004c13      0x114 ../cpu2_bsp/\libhal_bsp.a(alt_io_redirect.o)
 .debug_abbrev  0x00004d27       0x12 ../cpu2_bsp/\libhal_bsp.a(alt_irq_entry.o)
 .debug_abbrev  0x00004d39      0x124 ../cpu2_bsp/\libhal_bsp.a(alt_irq_handler.o)
 .debug_abbrev  0x00004e5d       0x40 ../cpu2_bsp/\libhal_bsp.a(alt_irq_vars.o)
 .debug_abbrev  0x00004e9d      0x148 ../cpu2_bsp/\libhal_bsp.a(alt_open.o)
 .debug_abbrev  0x00004fe5      0x15a ../cpu2_bsp/\libhal_bsp.a(alt_tick.o)
 .debug_abbrev  0x0000513f       0x42 ../cpu2_bsp/\libhal_bsp.a(altera_nios2_qsys_irq.o)
 .debug_abbrev  0x00005181       0x12 ../cpu2_bsp/\libhal_bsp.a(alt_exception_entry.o)
 .debug_abbrev  0x00005193       0xf0 ../cpu2_bsp/\libhal_bsp.a(alt_find_dev.o)
 .debug_abbrev  0x00005283       0xf0 ../cpu2_bsp/\libhal_bsp.a(alt_find_file.o)
 .debug_abbrev  0x00005373      0x10d ../cpu2_bsp/\libhal_bsp.a(alt_get_fd.o)
 .debug_abbrev  0x00005480      0x106 f:/altera/nios2eds/bin/gnu/h-i686-mingw32/bin/../lib/gcc/nios2-elf/4.7.3/../../../../../H-i686-mingw32/nios2-elf/lib/mno-hw-mul\libc.a(lib_a-atexit.o)
 .debug_abbrev  0x00005586      0x1c8 f:/altera/nios2eds/bin/gnu/h-i686-mingw32/bin/../lib/gcc/nios2-elf/4.7.3/../../../../../H-i686-mingw32/nios2-elf/lib/mno-hw-mul\libc.a(lib_a-exit.o)
 .debug_abbrev  0x0000574e       0x7f f:/altera/nios2eds/bin/gnu/h-i686-mingw32/bin/../lib/gcc/nios2-elf/4.7.3/../../../../../H-i686-mingw32/nios2-elf/lib/mno-hw-mul\libc.a(lib_a-memcmp.o)
 .debug_abbrev  0x000057cd      0x211 f:/altera/nios2eds/bin/gnu/h-i686-mingw32/bin/../lib/gcc/nios2-elf/4.7.3/../../../../../H-i686-mingw32/nios2-elf/lib/mno-hw-mul\libc.a(lib_a-__atexit.o)
 .debug_abbrev  0x000059de      0x203 f:/altera/nios2eds/bin/gnu/h-i686-mingw32/bin/../lib/gcc/nios2-elf/4.7.3/../../../../../H-i686-mingw32/nios2-elf/lib/mno-hw-mul\libc.a(lib_a-__call_atexit.o)
 .debug_abbrev  0x00005be1       0xa6 ../cpu2_bsp/\libhal_bsp.a(alt_exit.o)

.debug_line     0x00000000     0x6df3
 *(.debug_line)
 .debug_line    0x00000000       0x66 ../cpu2_bsp//obj/HAL/src/crt0.o
 .debug_line    0x00000066       0x57 obj/default/FIFO.o
 .debug_line    0x000000bd       0xf7 obj/default/main.o
 .debug_line    0x000001b4      0x238 f:/altera/nios2eds/bin/gnu/h-i686-mingw32/bin/../lib/gcc/nios2-elf/4.7.3/../../../../../H-i686-mingw32/nios2-elf/lib/mno-hw-mul\libc.a(lib_a-puts.o)
 .debug_line    0x000003ec      0x185 f:/altera/nios2eds/bin/gnu/h-i686-mingw32/bin/../lib/gcc/nios2-elf/4.7.3/../../../../../H-i686-mingw32/nios2-elf/lib/mno-hw-mul\libc.a(lib_a-strlen.o)
 .debug_line    0x00000571      0x363 f:/altera/nios2eds/bin/gnu/h-i686-mingw32/bin/../lib/gcc/nios2-elf/4.7.3/../../../../../H-i686-mingw32/nios2-elf/lib/mno-hw-mul\libc.a(lib_a-fvwrite.o)
 .debug_line    0x000008d4      0x176 f:/altera/nios2eds/bin/gnu/h-i686-mingw32/bin/../lib/gcc/nios2-elf/4.7.3/../../../../../H-i686-mingw32/nios2-elf/lib/mno-hw-mul\libc.a(lib_a-impure.o)
 .debug_line    0x00000a4a      0x424 f:/altera/nios2eds/bin/gnu/h-i686-mingw32/bin/../lib/gcc/nios2-elf/4.7.3/../../../../../H-i686-mingw32/nios2-elf/lib/mno-hw-mul\libc.a(lib_a-mallocr.o)
 .debug_line    0x00000e6e      0x1f4 f:/altera/nios2eds/bin/gnu/h-i686-mingw32/bin/../lib/gcc/nios2-elf/4.7.3/../../../../../H-i686-mingw32/nios2-elf/lib/mno-hw-mul\libc.a(lib_a-memchr.o)
 .debug_line    0x00001062      0x144 f:/altera/nios2eds/bin/gnu/h-i686-mingw32/bin/../lib/gcc/nios2-elf/4.7.3/../../../../../H-i686-mingw32/nios2-elf/lib/mno-hw-mul\libc.a(lib_a-memcpy.o)
 .debug_line    0x000011a6      0x1f9 f:/altera/nios2eds/bin/gnu/h-i686-mingw32/bin/../lib/gcc/nios2-elf/4.7.3/../../../../../H-i686-mingw32/nios2-elf/lib/mno-hw-mul\libc.a(lib_a-memmove.o)
 .debug_line    0x0000139f      0x333 f:/altera/nios2eds/bin/gnu/h-i686-mingw32/bin/../lib/gcc/nios2-elf/4.7.3/../../../../../H-i686-mingw32/nios2-elf/lib/mno-hw-mul\libc.a(lib_a-reallocr.o)
 .debug_line    0x000016d2      0x215 f:/altera/nios2eds/bin/gnu/h-i686-mingw32/bin/../lib/gcc/nios2-elf/4.7.3/../../../../../H-i686-mingw32/nios2-elf/lib/mno-hw-mul\libc.a(lib_a-sbrkr.o)
 .debug_line    0x000018e7      0x26e f:/altera/nios2eds/bin/gnu/h-i686-mingw32/bin/../lib/gcc/nios2-elf/4.7.3/../../../../../H-i686-mingw32/nios2-elf/lib/mno-hw-mul\libc.a(lib_a-wsetup.o)
 .debug_line    0x00001b55      0x29f f:/altera/nios2eds/bin/gnu/h-i686-mingw32/bin/../lib/gcc/nios2-elf/4.7.3/../../../../../H-i686-mingw32/nios2-elf/lib/mno-hw-mul\libc.a(lib_a-fflush.o)
 .debug_line    0x00001df4      0x2ea f:/altera/nios2eds/bin/gnu/h-i686-mingw32/bin/../lib/gcc/nios2-elf/4.7.3/../../../../../H-i686-mingw32/nios2-elf/lib/mno-hw-mul\libc.a(lib_a-findfp.o)
 .debug_line    0x000020de      0x314 f:/altera/nios2eds/bin/gnu/h-i686-mingw32/bin/../lib/gcc/nios2-elf/4.7.3/../../../../../H-i686-mingw32/nios2-elf/lib/mno-hw-mul\libc.a(lib_a-freer.o)
 .debug_line    0x000023f2      0x25c f:/altera/nios2eds/bin/gnu/h-i686-mingw32/bin/../lib/gcc/nios2-elf/4.7.3/../../../../../H-i686-mingw32/nios2-elf/lib/mno-hw-mul\libc.a(lib_a-fwalk.o)
 .debug_line    0x0000264e       0x60 f:/altera/nios2eds/bin/gnu/h-i686-mingw32/bin/../lib/gcc/nios2-elf/4.7.3/../../../../../H-i686-mingw32/nios2-elf/lib/mno-hw-mul\libc.a(lib_a-int_errno.o)
 .debug_line    0x000026ae      0x296 f:/altera/nios2eds/bin/gnu/h-i686-mingw32/bin/../lib/gcc/nios2-elf/4.7.3/../../../../../H-i686-mingw32/nios2-elf/lib/mno-hw-mul\libc.a(lib_a-makebuf.o)
 .debug_line    0x00002944      0x1f4 f:/altera/nios2eds/bin/gnu/h-i686-mingw32/bin/../lib/gcc/nios2-elf/4.7.3/../../../../../H-i686-mingw32/nios2-elf/lib/mno-hw-mul\libc.a(lib_a-memset.o)
 .debug_line    0x00002b38      0x248 f:/altera/nios2eds/bin/gnu/h-i686-mingw32/bin/../lib/gcc/nios2-elf/4.7.3/../../../../../H-i686-mingw32/nios2-elf/lib/mno-hw-mul\libc.a(lib_a-stdio.o)
 .debug_line    0x00002d80      0x216 f:/altera/nios2eds/bin/gnu/h-i686-mingw32/bin/../lib/gcc/nios2-elf/4.7.3/../../../../../H-i686-mingw32/nios2-elf/lib/mno-hw-mul\libc.a(lib_a-writer.o)
 .debug_line    0x00002f96      0x216 f:/altera/nios2eds/bin/gnu/h-i686-mingw32/bin/../lib/gcc/nios2-elf/4.7.3/../../../../../H-i686-mingw32/nios2-elf/lib/mno-hw-mul\libc.a(lib_a-closer.o)
 .debug_line    0x000031ac      0x269 f:/altera/nios2eds/bin/gnu/h-i686-mingw32/bin/../lib/gcc/nios2-elf/4.7.3/../../../../../H-i686-mingw32/nios2-elf/lib/mno-hw-mul\libc.a(lib_a-fclose.o)
 .debug_line    0x00003415      0x21f f:/altera/nios2eds/bin/gnu/h-i686-mingw32/bin/../lib/gcc/nios2-elf/4.7.3/../../../../../H-i686-mingw32/nios2-elf/lib/mno-hw-mul\libc.a(lib_a-fstatr.o)
 .debug_line    0x00003634      0x217 f:/altera/nios2eds/bin/gnu/h-i686-mingw32/bin/../lib/gcc/nios2-elf/4.7.3/../../../../../H-i686-mingw32/nios2-elf/lib/mno-hw-mul\libc.a(lib_a-isattyr.o)
 .debug_line    0x0000384b      0x221 f:/altera/nios2eds/bin/gnu/h-i686-mingw32/bin/../lib/gcc/nios2-elf/4.7.3/../../../../../H-i686-mingw32/nios2-elf/lib/mno-hw-mul\libc.a(lib_a-lseekr.o)
 .debug_line    0x00003a6c      0x215 f:/altera/nios2eds/bin/gnu/h-i686-mingw32/bin/../lib/gcc/nios2-elf/4.7.3/../../../../../H-i686-mingw32/nios2-elf/lib/mno-hw-mul\libc.a(lib_a-readr.o)
 .debug_line    0x00003c81       0x80 f:/altera/nios2eds/bin/gnu/h-i686-mingw32/bin/../lib/gcc/nios2-elf/4.7.3/mno-hw-mul\libgcc.a(lib2-mul.o)
 .debug_line    0x00003d01      0x181 ../cpu2_bsp/\libhal_bsp.a(alt_close.o)
 .debug_line    0x00003e82      0x114 ../cpu2_bsp/\libhal_bsp.a(alt_dev.o)
 .debug_line    0x00003f96       0x51 ../cpu2_bsp/\libhal_bsp.a(alt_errno.o)
 .debug_line    0x00003fe7      0x17b ../cpu2_bsp/\libhal_bsp.a(alt_fstat.o)
 .debug_line    0x00004162      0x17b ../cpu2_bsp/\libhal_bsp.a(alt_isatty.o)
 .debug_line    0x000042dd       0x92 ../cpu2_bsp/\libhal_bsp.a(alt_load.o)
 .debug_line    0x0000436f      0x17f ../cpu2_bsp/\libhal_bsp.a(alt_lseek.o)
 .debug_line    0x000044ee       0xa4 ../cpu2_bsp/\libhal_bsp.a(alt_main.o)
 .debug_line    0x00004592      0x135 ../cpu2_bsp/\libhal_bsp.a(alt_malloc_lock.o)
 .debug_line    0x000046c7      0x1ef ../cpu2_bsp/\libhal_bsp.a(alt_read.o)
 .debug_line    0x000048b6       0xb0 ../cpu2_bsp/\libhal_bsp.a(alt_release_fd.o)
 .debug_line    0x00004966      0x10f ../cpu2_bsp/\libhal_bsp.a(alt_sbrk.o)
 .debug_line    0x00004a75      0x1ee ../cpu2_bsp/\libhal_bsp.a(alt_write.o)